
R version 4.0.3 (2020-10-10) -- "Bunny-Wunnies Freak Out"
Copyright (C) 2020 The R Foundation for Statistical Computing
Platform: x86_64-apple-darwin17.0 (64-bit)

R is free software and comes with ABSOLUTELY NO WARRANTY.
You are welcome to redistribute it under certain conditions.
Type 'license()' or 'licence()' for distribution details.

  Natural language support but running in an English locale

R is a collaborative project with many contributors.
Type 'contributors()' for more information and
'citation()' on how to cite R or R packages in publications.

Type 'demo()' for some demos, 'help()' for on-line help, or
'help.start()' for an HTML browser interface to help.
Type 'q()' to quit R.

> 
> #########################################################################
> #                                                                       #
> #                                                                       #
> #             Part II: Defferential Expression Analysis                 #
> #                                                                       #
> #                                                                       #
> #########################################################################
> # once simulated genes, we will do the Differential Expression Analysis
> # here we implement the zinbwave
> 
> args = commandArgs(trailingOnly=TRUE)
> args
[1] "ncase=13"   "nctrl=10"   "ncell=1080" "r_mean=1.2" "r_var=1.5" 
> 
> if (length(args) < 5) {
+   message("no enough arguments, using default values")
+   r_mean   = 1.2     # The expected fold-changes in mean
+   r_var    = 1.5     # The expected fold-changes in variances
+   ncase    = 13      # case individuals
+   nctrl    = 10      # control individuals
+   ncell    = 1080    # numbers of cells collected from each individuals.
+ } else{
+   for(i in 1:length(args)){
+     eval(parse(text=args[[i]]))
+   }
+ }
> 
> if(ncell == 0){
+   UNEQ_N_CELL = TRUE
+ }else{
+   UNEQ_N_CELL = FALSE
+ }
> 
> if(UNEQ_N_CELL){
+   config = sprintf("ncase_%d_nctrl_%d_unequal_n_cell", ncase, nctrl)
+ }else{
+   config = sprintf("ncase_%d_nctrl_%d_ncell_%d", ncase, nctrl, ncell)
+ }
> 
> config = sprintf("%s_fold_mean_%.1f_var_%.1f", config, r_mean, r_var)
> config
[1] "ncase_13_nctrl_10_ncell_1080_fold_mean_1.2_var_1.5"
> 
> # ---------------------------------------------------------------
> # additional parameters
> # ---------------------------------------------------------------
> 
> nCore = 6      # number of cores for multi-core computation
> nall  = ncase + nctrl
> 
> # ---------------------------------------------------------------
> # initial setup
> # ---------------------------------------------------------------
> 
> library(scDD)
> library(SingleCellExperiment)
Loading required package: SummarizedExperiment
Loading required package: MatrixGenerics
Loading required package: matrixStats

Attaching package: ‘MatrixGenerics’

The following objects are masked from ‘package:matrixStats’:

    colAlls, colAnyNAs, colAnys, colAvgsPerRowSet, colCollapse,
    colCounts, colCummaxs, colCummins, colCumprods, colCumsums,
    colDiffs, colIQRDiffs, colIQRs, colLogSumExps, colMadDiffs,
    colMads, colMaxs, colMeans2, colMedians, colMins, colOrderStats,
    colProds, colQuantiles, colRanges, colRanks, colSdDiffs, colSds,
    colSums2, colTabulates, colVarDiffs, colVars, colWeightedMads,
    colWeightedMeans, colWeightedMedians, colWeightedSds,
    colWeightedVars, rowAlls, rowAnyNAs, rowAnys, rowAvgsPerColSet,
    rowCollapse, rowCounts, rowCummaxs, rowCummins, rowCumprods,
    rowCumsums, rowDiffs, rowIQRDiffs, rowIQRs, rowLogSumExps,
    rowMadDiffs, rowMads, rowMaxs, rowMeans2, rowMedians, rowMins,
    rowOrderStats, rowProds, rowQuantiles, rowRanges, rowRanks,
    rowSdDiffs, rowSds, rowSums2, rowTabulates, rowVarDiffs, rowVars,
    rowWeightedMads, rowWeightedMeans, rowWeightedMedians,
    rowWeightedSds, rowWeightedVars

Loading required package: GenomicRanges
Loading required package: stats4
Loading required package: BiocGenerics
Loading required package: parallel

Attaching package: ‘BiocGenerics’

The following objects are masked from ‘package:parallel’:

    clusterApply, clusterApplyLB, clusterCall, clusterEvalQ,
    clusterExport, clusterMap, parApply, parCapply, parLapply,
    parLapplyLB, parRapply, parSapply, parSapplyLB

The following objects are masked from ‘package:stats’:

    IQR, mad, sd, var, xtabs

The following objects are masked from ‘package:base’:

    anyDuplicated, append, as.data.frame, basename, cbind, colnames,
    dirname, do.call, duplicated, eval, evalq, Filter, Find, get, grep,
    grepl, intersect, is.unsorted, lapply, Map, mapply, match, mget,
    order, paste, pmax, pmax.int, pmin, pmin.int, Position, rank,
    rbind, Reduce, rownames, sapply, setdiff, sort, table, tapply,
    union, unique, unsplit, which.max, which.min

Loading required package: S4Vectors

Attaching package: ‘S4Vectors’

The following object is masked from ‘package:base’:

    expand.grid

Loading required package: IRanges
Loading required package: GenomeInfoDb
Loading required package: Biobase
Welcome to Bioconductor

    Vignettes contain introductory material; view with
    'browseVignettes()'. To cite Bioconductor, see
    'citation("Biobase")', and for packages 'citation("pkgname")'.


Attaching package: ‘Biobase’

The following object is masked from ‘package:MatrixGenerics’:

    rowMedians

The following objects are masked from ‘package:matrixStats’:

    anyMissing, rowMedians

> 
> 
> library(data.table)

Attaching package: ‘data.table’

The following object is masked from ‘package:SummarizedExperiment’:

    shift

The following object is masked from ‘package:GenomicRanges’:

    shift

The following object is masked from ‘package:IRanges’:

    shift

The following objects are masked from ‘package:S4Vectors’:

    first, second

> library(pryr)
Registered S3 method overwritten by 'pryr':
  method      from
  print.bytes Rcpp

Attaching package: ‘pryr’

The following object is masked from ‘package:data.table’:

    address

> library(ggplot2)
> library(ggpubr)
Registered S3 methods overwritten by 'car':
  method                          from
  influence.merMod                lme4
  cooks.distance.influence.merMod lme4
  dfbeta.influence.merMod         lme4
  dfbetas.influence.merMod        lme4
> theme_set(theme_bw())
> 
> # ---------------------------------------------------------------
> # load data
> # ---------------------------------------------------------------
> 
> sim_data     = readRDS(sprintf("data/sim_data_%s.rds", config))
> count_matrix = sim_data$count_matrix
> meta_cell    = sim_data$meta_cell
> meta_ind     = sim_data$meta_ind
> gene_index   = sim_data$gene_index
> 
> ls()
 [1] "args"         "config"       "count_matrix" "gene_index"   "i"           
 [6] "meta_cell"    "meta_ind"     "nall"         "ncase"        "ncell"       
[11] "nCore"        "nctrl"        "r_mean"       "r_var"        "sim_data"    
[16] "UNEQ_N_CELL" 
> EE_index   = gene_index$EE_index
> mean_index = gene_index$mean_index
> var_index  = gene_index$var_index
> 
> dim(count_matrix)
[1]  8000 24840
> count_matrix[1:3,1:6]
      cell1 cell2 cell3 cell4 cell5 cell6
gene1     1     1     0     0     0     0
gene2     1     1     0     0     2     0
gene3     0     0     0     2     0     1
> 
> dim(meta_cell)
[1] 24840     5
> meta_cell[1:2,]
      cell_id individual phenotype cell_rd      CDR
cell1   cell1       ind1         1    9738 0.439125
cell2   cell2       ind1         1    9605 0.444000
> 
> dim(meta_ind)
[1] 23  3
> meta_ind[1:2,]
     individual phenotype        RIN
ind1       ind1         1 -0.2784552
ind2       ind2         1 -0.7018300
> 
> rm(sim_data)
> gc()
            used   (Mb) gc trigger   (Mb) limit (Mb)  max used   (Mb)
Ncells   6898506  368.5   10379821  554.4         NA   9704889  518.3
Vcells 210541205 1606.4  305318520 2329.4      32768 210603471 1606.8
> 
> # ---------------------------------------------------------------
> # 6. scDD analysis 
> # ---------------------------------------------------------------
> # We use the zinbwave to reduce the dimension, then apply DESeq2 for analysis
> # all cells of an individual within a gene
> # ---------------------------------------------------------------
> 
> rds = colSums(count_matrix)
> med_rds = median(rds)
> summary(rds)
   Min. 1st Qu.  Median    Mean 3rd Qu.    Max. 
   8921    9652    9976   10033   10322   14193 
> med_rds
[1] 9976
> 
> dim(count_matrix)
[1]  8000 24840
> count_matrix[1:3,1:6]
      cell1 cell2 cell3 cell4 cell5 cell6
gene1     1     1     0     0     0     0
gene2     1     1     0     0     2     0
gene3     0     0     0     2     0     1
> count_matrix = t(t(count_matrix)/rds)*med_rds
> dim(count_matrix)
[1]  8000 24840
> count_matrix[1:3,1:6]
        cell1    cell2 cell3    cell4    cell5    cell6
gene1 1.02444 1.038626     0 0.000000 0.000000 0.000000
gene2 1.02444 1.038626     0 0.000000 1.858593 0.000000
gene3 0.00000 0.000000     0 1.993008 0.000000 1.036468
> summary(colSums(count_matrix))
   Min. 1st Qu.  Median    Mean 3rd Qu.    Max. 
   9976    9976    9976    9976    9976    9976 
> 
> cell_id = colnames(count_matrix)   # get the cell id from the data
> gene_id = rownames(count_matrix)   # get the gene id from the data
> 
> gc()
            used   (Mb) gc trigger   (Mb) limit (Mb)  max used   (Mb)
Ncells   6903186  368.7   10379821  554.4         NA   9704889  518.3
Vcells 210577087 1606.6  585371033 4466.1      32768 608204849 4640.3
> date()
[1] "Thu Nov  4 22:32:29 2021"
> sca3 = SingleCellExperiment(list(normcounts=count_matrix))
> 
> colData(sca3)$condition = meta_cell$phenotype + 1
> table(sca3$condition)

    1     2 
10800 14040 
> 
> #sca3=sca3[1:100,50*(1:160)]
> colData(sca3)
DataFrame with 24840 rows and 1 column
          condition
          <numeric>
cell1             2
cell2             2
cell3             2
cell4             2
cell5             2
...             ...
cell24836         1
cell24837         1
cell24838         1
cell24839         1
cell24840         1
> date()
[1] "Thu Nov  4 22:32:30 2021"
> sca_dd = scDD(sca3, param=BiocParallel::MulticoreParam(workers=nCore))
Setting up parallel back-end using 6 cores
Clustering observed expression data for each gene
Notice: Number of permutations is set to zero; using 
            Kolmogorov-Smirnov to test for differences in distributions
            instead of the Bayes Factor permutation test
Classifying significant genes into patterns
Error in fisher.test(table(oa[[g]][oa[[g]] %in% c.oa.no], cond[oa[[g]] %in%  : 
  FEXACT error 6.  LDKEY=472 is too small for this problem,
  (ii := key2[itp=912] = 120581806, ldstp=14160)
Try increasing the size of the workspace and possibly 'mult'
Calls: scDD -> feDP -> fisher.test
Execution halted
