
R version 4.0.3 (2020-10-10) -- "Bunny-Wunnies Freak Out"
Copyright (C) 2020 The R Foundation for Statistical Computing
Platform: x86_64-apple-darwin17.0 (64-bit)

R is free software and comes with ABSOLUTELY NO WARRANTY.
You are welcome to redistribute it under certain conditions.
Type 'license()' or 'licence()' for distribution details.

  Natural language support but running in an English locale

R is a collaborative project with many contributors.
Type 'contributors()' for more information and
'citation()' on how to cite R or R packages in publications.

Type 'demo()' for some demos, 'help()' for on-line help, or
'help.start()' for an HTML browser interface to help.
Type 'q()' to quit R.

> 
> #########################################################################
> #                                                                       #
> #                                                                       #
> #             Part II: Defferential Expression Analysis                 #
> #                                                                       #
> #                                                                       #
> #########################################################################
> # once simulated genes, we will do the Differential Expression Analysis
> # Here we will implement our method, plus the DESeq2 and the MAST analysis.
> 
> args = commandArgs(trailingOnly=TRUE)
> args
[1] "ncase=10"   "nctrl=10"   "ncell=360"  "r_mean=1.5" "r_var=1.8" 
> 
> if (length(args) < 5) {
+   message("no enough arguments, using default values")
+   r_mean   = 1.2     # The expected fold-changes in mean
+   r_var    = 1.5     # The expected fold-changes in variances
+   ncase    = 10      # case individuals
+   nctrl    = 10      # control individuals
+   ncell    = 120    # numbers of cells collected from each individuals.
+ } else{
+   for(i in 1:length(args)){
+     eval(parse(text=args[[i]]))
+   }
+ }
> 
> if(ncell == 0){
+   UNEQ_N_CELL = TRUE
+ }else{
+   UNEQ_N_CELL = FALSE
+ }
> 
> if(UNEQ_N_CELL){
+   config = sprintf("ncase_%d_nctrl_%d_unequal_n_cell", ncase, nctrl)
+ }else{
+   config = sprintf("ncase_%d_nctrl_%d_ncell_%d", ncase, nctrl, ncell)
+ }
> 
> config = sprintf("%s_fold_mean_%.1f_var_%.1f", config, r_mean, r_var)
> config
[1] "ncase_10_nctrl_10_ncell_360_fold_mean_1.5_var_1.8"
> 
> # ---------------------------------------------------------------
> # additional parameters
> # ---------------------------------------------------------------
> 
> nCore = 6      # number of cores for multi-core computation
> nall  = ncase + nctrl
> 
> # ---------------------------------------------------------------
> # initial setup
> # ---------------------------------------------------------------
> 
> library(MASS)
> library(emdbook)
> library(moments)
> library(MAST)
Loading required package: SingleCellExperiment
Loading required package: SummarizedExperiment
Loading required package: MatrixGenerics
Loading required package: matrixStats

Attaching package: ‘MatrixGenerics’

The following objects are masked from ‘package:matrixStats’:

    colAlls, colAnyNAs, colAnys, colAvgsPerRowSet, colCollapse,
    colCounts, colCummaxs, colCummins, colCumprods, colCumsums,
    colDiffs, colIQRDiffs, colIQRs, colLogSumExps, colMadDiffs,
    colMads, colMaxs, colMeans2, colMedians, colMins, colOrderStats,
    colProds, colQuantiles, colRanges, colRanks, colSdDiffs, colSds,
    colSums2, colTabulates, colVarDiffs, colVars, colWeightedMads,
    colWeightedMeans, colWeightedMedians, colWeightedSds,
    colWeightedVars, rowAlls, rowAnyNAs, rowAnys, rowAvgsPerColSet,
    rowCollapse, rowCounts, rowCummaxs, rowCummins, rowCumprods,
    rowCumsums, rowDiffs, rowIQRDiffs, rowIQRs, rowLogSumExps,
    rowMadDiffs, rowMads, rowMaxs, rowMeans2, rowMedians, rowMins,
    rowOrderStats, rowProds, rowQuantiles, rowRanges, rowRanks,
    rowSdDiffs, rowSds, rowSums2, rowTabulates, rowVarDiffs, rowVars,
    rowWeightedMads, rowWeightedMeans, rowWeightedMedians,
    rowWeightedSds, rowWeightedVars

Loading required package: GenomicRanges
Loading required package: stats4
Loading required package: BiocGenerics
Loading required package: parallel

Attaching package: ‘BiocGenerics’

The following objects are masked from ‘package:parallel’:

    clusterApply, clusterApplyLB, clusterCall, clusterEvalQ,
    clusterExport, clusterMap, parApply, parCapply, parLapply,
    parLapplyLB, parRapply, parSapply, parSapplyLB

The following objects are masked from ‘package:stats’:

    IQR, mad, sd, var, xtabs

The following objects are masked from ‘package:base’:

    anyDuplicated, append, as.data.frame, basename, cbind, colnames,
    dirname, do.call, duplicated, eval, evalq, Filter, Find, get, grep,
    grepl, intersect, is.unsorted, lapply, Map, mapply, match, mget,
    order, paste, pmax, pmax.int, pmin, pmin.int, Position, rank,
    rbind, Reduce, rownames, sapply, setdiff, sort, table, tapply,
    union, unique, unsplit, which.max, which.min

Loading required package: S4Vectors

Attaching package: ‘S4Vectors’

The following object is masked from ‘package:base’:

    expand.grid

Loading required package: IRanges
Loading required package: GenomeInfoDb
Loading required package: Biobase
Welcome to Bioconductor

    Vignettes contain introductory material; view with
    'browseVignettes()'. To cite Bioconductor, see
    'citation("Biobase")', and for packages 'citation("pkgname")'.


Attaching package: ‘Biobase’

The following object is masked from ‘package:MatrixGenerics’:

    rowMedians

The following objects are masked from ‘package:matrixStats’:

    anyMissing, rowMedians

> library(lme4)
Loading required package: Matrix

Attaching package: ‘Matrix’

The following object is masked from ‘package:S4Vectors’:

    expand

> library(DESeq2)
> library(doParallel)
Loading required package: foreach
Loading required package: iterators
> library(foreach)
> library(doRNG)
Loading required package: rngtools
> library(MiRKAT)
> library(reticulate)
> library(transport)
> 
> library(data.table)

Attaching package: ‘data.table’

The following object is masked from ‘package:SummarizedExperiment’:

    shift

The following object is masked from ‘package:GenomicRanges’:

    shift

The following object is masked from ‘package:IRanges’:

    shift

The following objects are masked from ‘package:S4Vectors’:

    first, second

> library(pryr)
Registered S3 method overwritten by 'pryr':
  method      from
  print.bytes Rcpp

Attaching package: ‘pryr’

The following object is masked from ‘package:data.table’:

    address

> library(ggplot2)
> library(ggpubr)
Registered S3 methods overwritten by 'car':
  method                          from
  influence.merMod                lme4
  cooks.distance.influence.merMod lme4
  dfbeta.influence.merMod         lme4
  dfbetas.influence.merMod        lme4
> theme_set(theme_bw())
> 
> library(ideas)
> 
> registerDoParallel(cores=nCore)
> options(mc.cores=nCore)
> 
> # ---------------------------------------------------------------
> # load data
> # ---------------------------------------------------------------
> 
> sim_data     = readRDS(sprintf("data/sim_data_%s.rds", config))
> count_matrix = sim_data$count_matrix
> meta_cell    = sim_data$meta_cell
> meta_ind     = sim_data$meta_ind
> gene_index   = sim_data$gene_index
> 
> ls()
 [1] "args"         "config"       "count_matrix" "gene_index"   "i"           
 [6] "meta_cell"    "meta_ind"     "nall"         "ncase"        "ncell"       
[11] "nCore"        "nctrl"        "r_mean"       "r_var"        "sim_data"    
[16] "UNEQ_N_CELL" 
> EE_index   = gene_index$EE_index
> mean_index = gene_index$mean_index
> var_index  = gene_index$var_index
> 
> dim(count_matrix)
[1] 8000 7200
> count_matrix[1:3,1:6]
      cell1 cell2 cell3 cell4 cell5 cell6
gene1     1     1     0     0     0     0
gene2     1     1     0     0     3     0
gene3     0     0     0     2     0     1
> 
> dim(meta_cell)
[1] 7200    5
> meta_cell[1:2,]
      cell_id individual phenotype cell_rd    CDR
cell1   cell1       ind1         1    9565 0.4355
cell2   cell2       ind1         1    9474 0.4380
> 
> dim(meta_ind)
[1] 20  3
> meta_ind[1:2,]
     individual phenotype        RIN
ind1       ind1         1 -0.2784552
ind2       ind2         1  0.3460781
> 
> rm(sim_data)
> gc()
           used  (Mb) gc trigger  (Mb) limit (Mb) max used  (Mb)
Ncells  7784567 415.8   13973637 746.3         NA  9710537 518.6
Vcells 70625489 538.9  104119118 794.4      32768 70687621 539.4
> 
> # ---------------------------------------------------------------
> # 1. DESeq2 analysis 
> # ---------------------------------------------------------------
> # We calculate count_matrix_bulk by adding up raw counts of
> # all cells of an individual within a gene
> # ---------------------------------------------------------------
> 
> # individual level info
> u_ind = unique(meta_cell$individual)
> length(u_ind)
[1] 20
> u_ind[1:2]
[1] "ind1" "ind2"
> 
> count_matrix_bulk = matrix(nrow = nrow(count_matrix),
+                          ncol = length(u_ind))
> rownames(count_matrix_bulk) = rownames(count_matrix)
> colnames(count_matrix_bulk) = u_ind
> 
> for (i_ind in 1:length(u_ind)) {
+   cur_ind   = u_ind[i_ind]
+   cur_ind_m = count_matrix[, meta_cell$individual == cur_ind]
+   count_matrix_bulk[, i_ind] = rowSums(cur_ind_m, na.rm = TRUE)
+ }
> 
> dim(count_matrix_bulk)
[1] 8000   20
> count_matrix_bulk[1:3,1:5]
      ind1 ind2 ind3 ind4 ind5
gene1  128  194   98  137  105
gene2  181   63  134   84   68
gene3   79  124   95   86   78
> 
> meta_ind$phenotype = as.factor(meta_ind$phenotype)
> dim(meta_ind)
[1] 20  3
> meta_ind[1:2,]
     individual phenotype        RIN
ind1       ind1         1 -0.2784552
ind2       ind2         1  0.3460781
> 
> # DESeq2 for all the genes
> dds = DESeqDataSetFromMatrix(countData = count_matrix_bulk,
+                              colData = meta_ind,
+                              design = ~ RIN + phenotype)
converting counts to integer mode
> 
> dds = DESeq(dds)
estimating size factors
estimating dispersions
gene-wise dispersion estimates
mean-dispersion relationship
final dispersion estimates
fitting model and testing
> nms = resultsNames(dds)
> nms
[1] "Intercept"        "RIN"              "phenotype_1_vs_0"
> 
> deseq2_pval = results(dds)$pvalue
> 
> rk = results(dds, name="RIN")
> deseq2_pval_RIN = rk$pvalue
> 
> summary(deseq2_pval)
   Min. 1st Qu.  Median    Mean 3rd Qu.    Max. 
 0.0000  0.1390  0.4213  0.4368  0.7166  0.9999 
> summary(deseq2_pval_RIN)
   Min. 1st Qu.  Median    Mean 3rd Qu.    Max. 
 0.0000  0.1245  0.3816  0.4132  0.6770  0.9999 
> table(deseq2_pval[EE_index] < 0.05)

FALSE  TRUE 
 5588   412 
> table(deseq2_pval[EE_index] < 0.05)/length(EE_index)

     FALSE       TRUE 
0.93133333 0.06866667 
> 
> # ---------------------------------------------------------------
> # 2. IDEAS 
> # ---------------------------------------------------------------
> 
> var2test      = "phenotype"
> var2adjust    = "RIN"
> var2test_type = "binary"
> var_per_cell  = "cell_rd"
> 
> dist_list = list()
> 
> for(fit_method in c("zinb", "kde")){
+   for(d_metric in c("Was", "JSD")){
+     message(sprintf("fit_method: %s, d_metric: %s\n", fit_method, d_metric))
+     message(date())
+     
+     label = paste(fit_method, d_metric, sep="_")
+     fnm = sprintf("data/dist_%s_%s.rds", label, config)
+     if(file.exists(fnm)){
+       dist_list[[label]] = readRDS(fnm)
+     }else{
+       dist1 = ideas_dist(count_matrix, meta_cell, meta_ind, 
+                          var_per_cell, var2test, var2adjust, 
+                          var2test_type, d_metric = d_metric, 
+                          fit_method = fit_method)
+       dist_list[[label]] = dist1
+       saveRDS(dist1, fnm)
+     }
+   }
+ }
fit_method: zinb, d_metric: Was

Mon Nov  1 14:04:37 2021
the count_matrix includes 8000 genes in 7200 cells

estimating distribution for each gene and each individaul by zinb

fit_method: zinb, d_metric: JSD

Mon Nov  1 15:55:24 2021
the count_matrix includes 8000 genes in 7200 cells

estimating distribution for each gene and each individaul by zinb

fit_method: kde, d_metric: Was

Mon Nov  1 20:14:48 2021
the count_matrix includes 8000 genes in 7200 cells

estimating distribution for each gene and each individual by kde

fit_method: kde, d_metric: JSD

Mon Nov  1 20:16:30 2021
the count_matrix includes 8000 genes in 7200 cells

estimating distribution for each gene and each individual by kde

> 
> date()
[1] "Mon Nov  1 20:24:10 2021"
> 
> lapply(dist_list, dim)
$zinb_Was
[1] 8000   20   20

$zinb_JSD
[1] 8000   20   20

$kde_Was
[1] 8000   20   20

$kde_JSD
[1] 8000   20   20

> 
> dist_list$zinb_Was[1,1:3,1:3]
          ind1      ind2      ind3
ind1 0.0000000 0.1328286 0.1256717
ind2 0.1328286 0.0000000 0.2585002
ind3 0.1256717 0.2585002 0.0000000
> dist_list$zinb_JSD[1,1:3,1:3]
            ind1        ind2        ind3
ind1 0.000000000 0.006035086 0.007827617
ind2 0.006035086 0.000000000 0.026975136
ind3 0.007827617 0.026975136 0.000000000
> 
> # ---------------------------------------------------------------
> # STEP 2: pval calculation 
> # ---------------------------------------------------------------
> 
> n_gene = nrow(count_matrix)
> y = as.numeric(meta_ind$phenotype==1)
> 
> pval_KR = matrix(NA, nrow=n_gene, ncol=length(dist_list))
> rownames(pval_KR) = rownames(count_matrix)
> colnames(pval_KR) = paste("KR", names(dist_list), sep="_")
> 
> for(k in 1:length(dist_list)){
+   message(names(dist_list)[k])
+   message(date())
+   dist_k  = dist_list[[k]]
+   pval_KR[,k] = foreach(i_g = 1:dim(dist_k)[1], .combine = "c") %dopar% {
+     Di = dist_k[i_g,,]
+     if(any(is.na(Di))){
+       pval = NA 
+     }else{
+       Ki = D2K(Di)
+       m1 = MiRKAT(y = y, X = meta_ind$RIN, Ks = Ki, out_type = "D", 
+                   method = "permutation")
+       pval = m1$p_values
+     }
+     pval
+   }
+ }
zinb_Was
Mon Nov  1 20:24:10 2021
zinb_JSD
Mon Nov  1 20:24:53 2021
kde_Was
Mon Nov  1 20:25:38 2021
kde_JSD
Mon Nov  1 20:26:25 2021
> date()
[1] "Mon Nov  1 20:27:12 2021"
> 
> dim(pval_KR)
[1] 8000    4
> pval_KR[1:2,]
      KR_zinb_Was KR_zinb_JSD KR_kde_Was KR_kde_JSD
gene1       0.734       0.797      0.671      0.268
gene2       0.407       0.382      0.380      0.734
> 
> 
> n_perm = 999
> r.seed = 903
> 
> pval_PS = matrix(NA, nrow=n_gene, ncol=length(dist_list))
> rownames(pval_PS) = rownames(count_matrix)
> colnames(pval_PS) = names(dist_list)
> colnames(pval_PS) = paste("PS", names(dist_list), sep="_")
> 
> for(k in 1:length(dist_list)){
+   message(names(dist_list)[k])
+   message(date())
+   dist_k  = dist_list[[k]]
+   pval_PS[,k] = permanova(dist_k, meta_ind, var2test, var2adjust, 
+                           var2test_type, n_perm=n_perm, 
+                           r.seed=r.seed, residulize.x = FALSE)
+ }
zinb_Was
Mon Nov  1 20:27:12 2021
skip 29 gene(s) with NA in the dist_array

testing for 'phenotype', a binary variable

zinb_JSD
Mon Nov  1 20:29:13 2021
skip 29 gene(s) with NA in the dist_array

testing for 'phenotype', a binary variable

kde_Was
Mon Nov  1 20:31:15 2021
testing for 'phenotype', a binary variable

kde_JSD
Mon Nov  1 20:33:18 2021
testing for 'phenotype', a binary variable

Warning messages:
1: In foreach(i = 1:ncol(Rs), .combine = "cbind") %dorng% { :
  Foreach loop (doParallelMC) had changed the current RNG type: RNG was restored to same type, next state
2: In foreach(i = 1:ncol(Rs), .combine = "cbind") %dorng% { :
  Foreach loop (doParallelMC) had changed the current RNG type: RNG was restored to same type, next state
3: In foreach(i = 1:ncol(Rs), .combine = "cbind") %dorng% { :
  Foreach loop (doParallelMC) had changed the current RNG type: RNG was restored to same type, next state
4: In foreach(i = 1:ncol(Rs), .combine = "cbind") %dorng% { :
  Foreach loop (doParallelMC) had changed the current RNG type: RNG was restored to same type, next state
> date()
[1] "Mon Nov  1 20:35:23 2021"
> 
> summary(pval_KR)
  KR_zinb_Was     KR_zinb_JSD       KR_kde_Was       KR_kde_JSD    
 Min.   :0.001   Min.   :0.0010   Min.   :0.0010   Min.   :0.0010  
 1st Qu.:0.123   1st Qu.:0.1170   1st Qu.:0.1110   1st Qu.:0.1710  
 Median :0.388   Median :0.3910   Median :0.3940   Median :0.4515  
 Mean   :0.419   Mean   :0.4186   Mean   :0.4225   Mean   :0.4575  
 3rd Qu.:0.692   3rd Qu.:0.6980   3rd Qu.:0.7100   3rd Qu.:0.7310  
 Max.   :1.000   Max.   :1.0000   Max.   :1.0000   Max.   :1.0000  
 NA's   :29      NA's   :29                                        
> summary(pval_PS)
  PS_zinb_Was      PS_zinb_JSD       PS_kde_Was       PS_kde_JSD    
 Min.   :0.0010   Min.   :0.0010   Min.   :0.0010   Min.   :0.0010  
 1st Qu.:0.1150   1st Qu.:0.1070   1st Qu.:0.1040   1st Qu.:0.1610  
 Median :0.3800   Median :0.3880   Median :0.3815   Median :0.4460  
 Mean   :0.4149   Mean   :0.4151   Mean   :0.4162   Mean   :0.4556  
 3rd Qu.:0.6940   3rd Qu.:0.6955   3rd Qu.:0.7030   3rd Qu.:0.7360  
 Max.   :1.0000   Max.   :1.0000   Max.   :1.0000   Max.   :1.0000  
 NA's   :29       NA's   :29                                        
> 
> round(cor(-log10(pval_KR), use="pair"),2)
            KR_zinb_Was KR_zinb_JSD KR_kde_Was KR_kde_JSD
KR_zinb_Was        1.00        0.93       0.94       0.71
KR_zinb_JSD        0.93        1.00       0.89       0.71
KR_kde_Was         0.94        0.89       1.00       0.74
KR_kde_JSD         0.71        0.71       0.74       1.00
> round(cor(-log10(pval_PS), use="pair"),2)
            PS_zinb_Was PS_zinb_JSD PS_kde_Was PS_kde_JSD
PS_zinb_Was        1.00        0.93       0.94       0.71
PS_zinb_JSD        0.93        1.00       0.89       0.71
PS_kde_Was         0.94        0.89       1.00       0.73
PS_kde_JSD         0.71        0.71       0.73       1.00
> 
> round(cor(-log10(pval_KR), -log10(pval_PS), use="pair"),2)
            PS_zinb_Was PS_zinb_JSD PS_kde_Was PS_kde_JSD
KR_zinb_Was        0.99        0.92       0.93       0.71
KR_zinb_JSD        0.93        0.99       0.88       0.71
KR_kde_Was         0.93        0.88       0.99       0.74
KR_kde_JSD         0.70        0.71       0.73       0.99
> 
> # ---------------------------------------------------------------
> # 3. MAST analysis 
> # ---------------------------------------------------------------
> #
> # the input of MAST analysis can be matrix or SingleCellAssay.
> #
> # input:
> # (1) the log-transformed expression count matrix,
> #     with each column represents a cell and each row represents a gene.
> # (2) the meta data, including cell and individual information.
> 
> # we get the p-values based on the Hurdle model ("H" model)
> # ---------------------------------------------------------------
> 
> rds = colSums(count_matrix)
> med_rds = median(rds)
> summary(rds)
   Min. 1st Qu.  Median    Mean 3rd Qu.    Max. 
   8826    9517    9765   10035   10169   17269 
> med_rds
[1] 9765
> 
> dim(count_matrix)
[1] 8000 7200
> count_matrix[1:3,1:6]
      cell1 cell2 cell3 cell4 cell5 cell6
gene1     1     1     0     0     0     0
gene2     1     1     0     0     3     0
gene3     0     0     0     2     0     1
> count_matrix = t(t(count_matrix)/rds)*med_rds
> dim(count_matrix)
[1] 8000 7200
> count_matrix[1:3,1:6]
        cell1    cell2 cell3    cell4    cell5    cell6
gene1 1.02091 1.030716     0 0.000000 0.000000 0.000000
gene2 1.02091 1.030716     0 0.000000 2.995399 0.000000
gene3 0.00000 0.000000     0 1.984554 0.000000 1.017293
> summary(colSums(count_matrix))
   Min. 1st Qu.  Median    Mean 3rd Qu.    Max. 
   9765    9765    9765    9765    9765    9765 
> 
> count_matrix_log = log2(1 + count_matrix) #log transformed data
> 
> dim(count_matrix_log)
[1] 8000 7200
> count_matrix_log[1:3, 1:4]
         cell1    cell2 cell3    cell4
gene1 1.015005 1.021988     0 0.000000
gene2 1.015005 1.021988     0 0.000000
gene3 0.000000 0.000000     0 1.577516
> cell_id = colnames(count_matrix_log)   # get the cell id from the data
> gene_id = rownames(count_matrix_log)   # get the gene id from the data
> 
> diagnosis = as.character(meta_cell$phenotype) #
> diagnosis[diagnosis == 1] = "Case"
> diagnosis[diagnosis == 0] = "Control"
> 
> fData = data.frame(primerid = gene_id)
> cData = data.frame(wellKey  = cell_id)
> 
> sca = FromMatrix(count_matrix_log, cData, fData)
Assuming data assay in position 1, with name et is log-transformed.
> colData(sca)$cngeneson = as.numeric(meta_cell$CDR)
> colData(sca)$diagnosis = as.factor(diagnosis)
> colData(sca)$ind = as.factor(meta_cell$individual)
> colData(sca)$RIN = meta_ind$RIN[match(meta_cell$individual, 
+                                       meta_ind$individual)]
> 
> colData(sca)
DataFrame with 7200 rows and 5 columns
             wellKey cngeneson diagnosis      ind       RIN
         <character> <numeric>  <factor> <factor> <numeric>
cell1          cell1  0.435500      Case     ind1 -0.278455
cell2          cell2  0.438000      Case     ind1 -0.278455
cell3          cell3  0.434625      Case     ind1 -0.278455
cell4          cell4  0.439125      Case     ind1 -0.278455
cell5          cell5  0.438375      Case     ind1 -0.278455
...              ...       ...       ...      ...       ...
cell7196    cell7196  0.440250   Control    ind20 -0.711802
cell7197    cell7197  0.435625   Control    ind20 -0.711802
cell7198    cell7198  0.436625   Control    ind20 -0.711802
cell7199    cell7199  0.441000   Control    ind20 -0.711802
cell7200    cell7200  0.438625   Control    ind20 -0.711802
> 
> rm(count_matrix_log)
> gc()
            used   (Mb) gc trigger   (Mb) limit (Mb)  max used   (Mb)
Ncells   7930322  423.6   13973637  746.3         NA  13973637  746.3
Vcells 145427352 1109.6  341287579 2603.9      32768 341287579 2603.9
> 
> getOption("mc.cores")
[1] 6
> 
> date()
[1] "Mon Nov  1 20:35:30 2021"
> b0 = zlm(formula = ~ diagnosis + cngeneson + RIN, sca = sca, 
+          parallel = TRUE)

Done!
> date()
[1] "Mon Nov  1 20:36:19 2021"
> b1 = zlm(formula = ~ diagnosis + (1 | ind) + cngeneson + RIN, sca = sca, 
+          method = 'glmer', ebayes = FALSE, parallel = TRUE)

Done!
Warning message:
In checkConv(attr(opt, "derivs"), opt$par, ctrl = control$checkConv,  :
  Model failed to converge with max|grad| = 0.00405463 (tol = 0.002, component 1)
> date()
[1] "Mon Nov  1 21:11:56 2021"
> 
> b0
Fitted zlm on 8000 genes and 7200 cells.
 Using BayesGLMlike ~ diagnosis + cngeneson + RIN 
> b1
Fitted zlm on 8000 genes and 7200 cells.
 Using LMERlike ~ diagnosis + (1 | ind) + cngeneson + RIN 
> 
> date()
[1] "Mon Nov  1 21:11:56 2021"
> lrt0 = lrTest(b0, "diagnosis")
Refitting on reduced model...

Done!
> date()
[1] "Mon Nov  1 21:12:36 2021"
> lrt1 = lrTest(b1, "diagnosis")
Refitting on reduced model...

Done!
> date()
[1] "Mon Nov  1 21:36:57 2021"
> 
> dim(lrt0)
[1] 8000    3    3
> lrt0[1,,]
         metric
test.type      lambda df Pr(>Chisq)
   cont   1.213898684  1  0.2705614
   disc   0.001375543  1  0.9704146
   hurdle 1.215274227  2  0.5446363
> 
> dim(lrt1)
[1] 8000    3    3
> lrt1[1,,]
         metric
test.type      lambda df Pr(>Chisq)
   cont   0.003313838  1  0.9540944
   disc   0.014741689  1  0.9033621
   hurdle 0.018055527  2  0.9910129
> 
> mast_pval_glm = apply(lrt0, 1, function(x){x[3,3]})
> length(mast_pval_glm)
[1] 8000
> mast_pval_glm[1:4]
       gene1        gene2        gene3        gene4 
5.446363e-01 1.088282e-08 3.368106e-01 1.160404e-33 
> 
> mast_pval_glmer = apply(lrt1, 1, function(x){x[3,3]})
> length(mast_pval_glmer)
[1] 8000
> mast_pval_glmer[1:4]
       gene1        gene2        gene3        gene4 
9.910129e-01 3.481949e-01 4.178769e-01 1.154695e-06 
> 
> # ---------------------------------------------------------------
> # 4. ranksum analysis 
> # ---------------------------------------------------------------
> #
> # the input of ranksum analysis can be matrix.
> #
> # input:
> # (1) the expression count matrix,
> #     with each column represents a cell and each row represents a gene.
> # (2) the meta data, including cell individual information.
> 
> # ---------------------------------------------------------------
>  
> date()
[1] "Mon Nov  1 21:36:57 2021"
> ranksum_pval=apply(count_matrix,1,
+                    function(x) wilcox.test(x[diagnosis=="Case"], 
+                                            x[diagnosis=="Control"])$p.value)
> date()
[1] "Mon Nov  1 21:37:45 2021"
> 
> rm(count_matrix)
> 
> length(ranksum_pval)
[1] 8000
> ranksum_pval[1:4]
       gene1        gene2        gene3        gene4 
4.948507e-01 9.877833e-10 2.326424e-01 4.226410e-46 
> 
> # ---------------------------------------------------------------
> # check p-value
> # ---------------------------------------------------------------
> 
> idx_grp = list(meanDE=mean_index, varDE=var_index, EE=EE_index)
> 
> plot.hist <- function(pvals, idx_grp, label){
+   for(k in 1:length(idx_grp)){
+     idx  = idx_grp[[k]]
+     main = paste(label, names(idx_grp)[k], sep=", ")
+     hist(pvals[idx], main=main, xlab="p-value", breaks=50)
+   }
+ }
> 
> geneType = rep("EE", n_gene)
> geneType[mean_index] = "meanDE"
> geneType[var_index]  = "varDE"
> 
> df1 = data.frame(geneType, pval_KR, pval_PS, deseq2_pval, 
+                  mast_pval_glm, mast_pval_glmer,ranksum_pval)
> dim(df1)
[1] 8000   13
> df1[1:2,]
      geneType KR_zinb_Was KR_zinb_JSD KR_kde_Was KR_kde_JSD PS_zinb_Was
gene1       EE       0.734       0.797      0.671      0.268       0.699
gene2       EE       0.407       0.382      0.380      0.734       0.430
      PS_zinb_JSD PS_kde_Was PS_kde_JSD deseq2_pval mast_pval_glm
gene1       0.782      0.682      0.304   0.9970667  5.446363e-01
gene2       0.352      0.339      0.738   0.1706555  1.088282e-08
      mast_pval_glmer ranksum_pval
gene1       0.9910129 4.948507e-01
gene2       0.3481949 9.877833e-10
> 
> 
> pdf(sprintf("figures/pvalue_hist_%s.pdf", config), 
+     width = 9, height = 9)
> par(mfrow = c(3, 3), mar=c(5,4,2,1), pty = "s", bty="n")
> for(k in 2:ncol(df1)){
+   plot.hist(df1[,k], idx_grp, names(df1)[k])
+ }
> dev.off()
null device 
          1 
> 
> # ---------------------------------------------------------------
> # save results
> # ---------------------------------------------------------------
> 
> 
> fun1 <- function(x, alpha){table(x<=alpha)/length(x)}
> apply(df1[,-1], 2, function(v){tapply(v, df1$geneType, fun1, alpha=0.05)})
$KR_zinb_Was
$KR_zinb_Was$EE

     FALSE       TRUE 
0.95533333 0.04266667 

$KR_zinb_Was$meanDE

FALSE  TRUE 
0.360 0.632 

$KR_zinb_Was$varDE

FALSE  TRUE 
0.612 0.379 


$KR_zinb_JSD
$KR_zinb_JSD$EE

     FALSE       TRUE 
0.95966667 0.03833333 

$KR_zinb_JSD$meanDE

FALSE  TRUE 
0.410 0.582 

$KR_zinb_JSD$varDE

FALSE  TRUE 
0.393 0.598 


$KR_kde_Was
$KR_kde_Was$EE

 FALSE   TRUE 
0.9535 0.0465 

$KR_kde_Was$meanDE

FALSE  TRUE 
0.304 0.696 

$KR_kde_Was$varDE

FALSE  TRUE 
0.524 0.476 


$KR_kde_JSD
$KR_kde_JSD$EE

     FALSE       TRUE 
0.96366667 0.03633333 

$KR_kde_JSD$meanDE

FALSE  TRUE 
0.533 0.467 

$KR_kde_JSD$varDE

FALSE  TRUE 
0.659 0.341 


$PS_zinb_Was
$PS_zinb_Was$EE

 FALSE   TRUE 
0.9505 0.0475 

$PS_zinb_Was$meanDE

FALSE  TRUE 
0.341 0.651 

$PS_zinb_Was$varDE

FALSE  TRUE 
0.596 0.395 


$PS_zinb_JSD
$PS_zinb_JSD$EE

 FALSE   TRUE 
0.9545 0.0435 

$PS_zinb_JSD$meanDE

FALSE  TRUE 
0.379 0.613 

$PS_zinb_JSD$varDE

FALSE  TRUE 
0.377 0.614 


$PS_kde_Was
$PS_kde_Was$EE

 FALSE   TRUE 
0.9515 0.0485 

$PS_kde_Was$meanDE

FALSE  TRUE 
 0.28  0.72 

$PS_kde_Was$varDE

FALSE  TRUE 
0.511 0.489 


$PS_kde_JSD
$PS_kde_JSD$EE

     FALSE       TRUE 
0.95533333 0.04466667 

$PS_kde_JSD$meanDE

FALSE  TRUE 
0.508 0.492 

$PS_kde_JSD$varDE

FALSE  TRUE 
0.642 0.358 


$deseq2_pval
$deseq2_pval$EE

     FALSE       TRUE 
0.93133333 0.06866667 

$deseq2_pval$meanDE

FALSE  TRUE 
0.211 0.789 

$deseq2_pval$varDE

FALSE  TRUE 
0.931 0.069 


$mast_pval_glm
$mast_pval_glm$EE

    FALSE      TRUE 
0.4193333 0.5806667 

$mast_pval_glm$meanDE

FALSE  TRUE 
0.033 0.967 

$mast_pval_glm$varDE

TRUE 
   1 


$mast_pval_glmer
$mast_pval_glmer$EE

    FALSE      TRUE 
0.9378333 0.0620000 

$mast_pval_glmer$meanDE

FALSE  TRUE 
0.282 0.718 

$mast_pval_glmer$varDE

FALSE  TRUE 
0.096 0.904 


$ranksum_pval
$ranksum_pval$EE

    FALSE      TRUE 
0.4196667 0.5803333 

$ranksum_pval$meanDE

FALSE  TRUE 
0.024 0.976 

$ranksum_pval$varDE

FALSE  TRUE 
0.112 0.888 


> apply(df1[,-1], 2, function(v){tapply(v, df1$geneType, fun1, alpha=0.01)})
$KR_zinb_Was
$KR_zinb_Was$EE

      FALSE        TRUE 
0.990333333 0.007666667 

$KR_zinb_Was$meanDE

FALSE  TRUE 
0.584 0.408 

$KR_zinb_Was$varDE

FALSE  TRUE 
0.817 0.174 


$KR_zinb_JSD
$KR_zinb_JSD$EE

      FALSE        TRUE 
0.991166667 0.006833333 

$KR_zinb_JSD$meanDE

FALSE  TRUE 
0.629 0.363 

$KR_zinb_JSD$varDE

FALSE  TRUE 
0.627 0.364 


$KR_kde_Was
$KR_kde_Was$EE

      FALSE        TRUE 
0.990666667 0.009333333 

$KR_kde_Was$meanDE

FALSE  TRUE 
0.504 0.496 

$KR_kde_Was$varDE

FALSE  TRUE 
0.736 0.264 


$KR_kde_JSD
$KR_kde_JSD$EE

FALSE  TRUE 
0.994 0.006 

$KR_kde_JSD$meanDE

FALSE  TRUE 
0.734 0.266 

$KR_kde_JSD$varDE

FALSE  TRUE 
0.805 0.195 


$PS_zinb_Was
$PS_zinb_Was$EE

     FALSE       TRUE 
0.98716667 0.01083333 

$PS_zinb_Was$meanDE

FALSE  TRUE 
0.552 0.440 

$PS_zinb_Was$varDE

FALSE  TRUE 
0.804 0.187 


$PS_zinb_JSD
$PS_zinb_JSD$EE

      FALSE        TRUE 
0.988333333 0.009666667 

$PS_zinb_JSD$meanDE

FALSE  TRUE 
0.592 0.400 

$PS_zinb_JSD$varDE

FALSE  TRUE 
0.572 0.419 


$PS_kde_Was
$PS_kde_Was$EE

     FALSE       TRUE 
0.98783333 0.01216667 

$PS_kde_Was$meanDE

FALSE  TRUE 
0.463 0.537 

$PS_kde_Was$varDE

FALSE  TRUE 
0.704 0.296 


$PS_kde_JSD
$PS_kde_JSD$EE

      FALSE        TRUE 
0.991833333 0.008166667 

$PS_kde_JSD$meanDE

FALSE  TRUE 
0.685 0.315 

$PS_kde_JSD$varDE

FALSE  TRUE 
0.777 0.223 


$deseq2_pval
$deseq2_pval$EE

FALSE  TRUE 
0.979 0.021 

$deseq2_pval$meanDE

FALSE  TRUE 
0.345 0.655 

$deseq2_pval$varDE

FALSE  TRUE 
0.982 0.018 


$mast_pval_glm
$mast_pval_glm$EE

FALSE  TRUE 
0.526 0.474 

$mast_pval_glm$meanDE

FALSE  TRUE 
0.039 0.961 

$mast_pval_glm$varDE

TRUE 
   1 


$mast_pval_glmer
$mast_pval_glmer$EE

     FALSE       TRUE 
0.97966667 0.02016667 

$mast_pval_glmer$meanDE

FALSE  TRUE 
0.408 0.592 

$mast_pval_glmer$varDE

FALSE  TRUE 
0.167 0.833 


$ranksum_pval
$ranksum_pval$EE

 FALSE   TRUE 
0.5255 0.4745 

$ranksum_pval$meanDE

FALSE  TRUE 
0.039 0.961 

$ranksum_pval$varDE

FALSE  TRUE 
0.167 0.833 


> 
> write.table(df1, file=sprintf("results/pval_%s.txt", config), append=FALSE, 
+             quote=FALSE, sep="\t", row.names = FALSE, col.names = TRUE)
> 
> sessionInfo()
R version 4.0.3 (2020-10-10)
Platform: x86_64-apple-darwin17.0 (64-bit)
Running under: macOS Big Sur 10.16

Matrix products: default
BLAS:   /Library/Frameworks/R.framework/Versions/4.0/Resources/lib/libRblas.dylib
LAPACK: /Library/Frameworks/R.framework/Versions/4.0/Resources/lib/libRlapack.dylib

locale:
[1] en_US.UTF-8/en_US.UTF-8/en_US.UTF-8/C/en_US.UTF-8/en_US.UTF-8

attached base packages:
[1] parallel  stats4    stats     graphics  grDevices utils     datasets 
[8] methods   base     

other attached packages:
 [1] ideas_0.0.9000              ggpubr_0.4.0               
 [3] ggplot2_3.3.3               pryr_0.1.4                 
 [5] data.table_1.13.6           transport_0.12-2           
 [7] reticulate_1.18             MiRKAT_1.1.4               
 [9] doRNG_1.8.2                 rngtools_1.5               
[11] doParallel_1.0.16           iterators_1.0.13           
[13] foreach_1.5.1               DESeq2_1.30.0              
[15] lme4_1.1-26                 Matrix_1.3-0               
[17] MAST_1.16.0                 SingleCellExperiment_1.12.0
[19] SummarizedExperiment_1.20.0 Biobase_2.50.0             
[21] GenomicRanges_1.42.0        GenomeInfoDb_1.26.2        
[23] IRanges_2.24.1              S4Vectors_0.28.1           
[25] BiocGenerics_0.36.0         MatrixGenerics_1.2.0       
[27] matrixStats_0.57.0          moments_0.14               
[29] emdbook_1.3.12              MASS_7.3-53                

loaded via a namespace (and not attached):
  [1] minqa_1.2.4            colorspace_2.0-0       ggsignif_0.6.0        
  [4] rio_0.5.16             ellipsis_0.3.1         XVector_0.30.0        
  [7] MatrixModels_0.4-1     bit64_4.0.5            AnnotationDbi_1.52.0  
 [10] mvtnorm_1.1-1          codetools_0.2-18       splines_4.0.3         
 [13] pscl_1.5.5             geneplotter_1.68.0     jsonlite_1.7.2        
 [16] nloptr_1.2.2.2         broom_0.7.3            annotate_1.68.0       
 [19] cluster_2.1.0          kernlab_0.9-29         compiler_4.0.3        
 [22] httr_1.4.2             backports_1.2.1        prettyunits_1.1.1     
 [25] quantreg_5.75          tools_4.0.3            coda_0.19-4           
 [28] gtable_0.3.0           glue_1.4.2             GenomeInfoDbData_1.2.4
 [31] reshape2_1.4.4         dplyr_1.0.2            Rcpp_1.0.5            
 [34] carData_3.0-4          bbmle_1.0.23.1         cellranger_1.1.0      
 [37] vctrs_0.3.6            ape_5.4-1              nlme_3.1-151          
 [40] conquer_1.0.2          stringr_1.4.0          openxlsx_4.2.3        
 [43] CompQuadForm_1.4.3     lifecycle_0.2.0        GUniFrac_1.1          
 [46] rstatix_0.6.0          statmod_1.4.35         XML_3.99-0.5          
 [49] PearsonDS_1.1          zlibbioc_1.36.0        scales_1.1.1          
 [52] hms_0.5.3              SparseM_1.78           RColorBrewer_1.1-2    
 [55] curl_4.3               memoise_1.1.0          bdsmatrix_1.3-4       
 [58] segmented_1.3-3        stringi_1.5.3          RSQLite_2.2.1         
 [61] genefilter_1.72.0      permute_0.9-5          zip_2.1.1             
 [64] boot_1.3-25            BiocParallel_1.24.1    rlang_0.4.10          
 [67] pkgconfig_2.0.3        bitops_1.0-6           lattice_0.20-41       
 [70] purrr_0.3.4            bit_4.0.4              tidyselect_1.1.0      
 [73] plyr_1.8.6             magrittr_2.0.1         R6_2.5.0              
 [76] generics_0.1.0         DelayedArray_0.16.0    DBI_1.1.0             
 [79] haven_2.3.1            foreign_0.8-81         withr_2.3.0           
 [82] pillar_1.4.7           mgcv_1.8-33            mixtools_1.2.0        
 [85] survival_3.2-7         abind_1.4-5            RCurl_1.98-1.2        
 [88] tibble_3.0.4           car_3.0-10             crayon_1.3.4          
 [91] progress_1.2.2         readxl_1.3.1           locfit_1.5-9.4        
 [94] grid_4.0.3             blob_1.2.1             vegan_2.5-7           
 [97] forcats_0.5.0          digest_0.6.27          xtable_1.8-4          
[100] tidyr_1.1.2            numDeriv_2016.8-1.1    munsell_0.5.0         
> 
> mem_used()
1.18 GB
> gc()
           used  (Mb) gc trigger   (Mb) limit (Mb)  max used   (Mb)
Ncells  8085602 431.9   13973637  746.3         NA  13973637  746.3
Vcells 90550436 690.9  262160061 2000.2      32768 409625079 3125.2
> 
> q(save = "no")
> proc.time()
      user     system    elapsed 
102121.626   7652.415  27204.055 
