
R version 4.1.0 (2021-05-18) -- "Camp Pontanezen"
Copyright (C) 2021 The R Foundation for Statistical Computing
Platform: x86_64-pc-linux-gnu (64-bit)

R is free software and comes with ABSOLUTELY NO WARRANTY.
You are welcome to redistribute it under certain conditions.
Type 'license()' or 'licence()' for distribution details.

  Natural language support but running in an English locale

R is a collaborative project with many contributors.
Type 'contributors()' for more information and
'citation()' on how to cite R or R packages in publications.

Type 'demo()' for some demos, 'help()' for on-line help, or
'help.start()' for an HTML browser interface to help.
Type 'q()' to quit R.

> 
> library(Matrix)
> library(data.table)
> library(dplyr)

Attaching package: ‘dplyr’

The following objects are masked from ‘package:data.table’:

    between, first, last

The following objects are masked from ‘package:stats’:

    filter, lag

The following objects are masked from ‘package:base’:

    intersect, setdiff, setequal, union

> library(MAST)
Loading required package: SingleCellExperiment
Loading required package: SummarizedExperiment
Loading required package: MatrixGenerics
Loading required package: matrixStats

Attaching package: ‘matrixStats’

The following object is masked from ‘package:dplyr’:

    count


Attaching package: ‘MatrixGenerics’

The following objects are masked from ‘package:matrixStats’:

    colAlls, colAnyNAs, colAnys, colAvgsPerRowSet, colCollapse,
    colCounts, colCummaxs, colCummins, colCumprods, colCumsums,
    colDiffs, colIQRDiffs, colIQRs, colLogSumExps, colMadDiffs,
    colMads, colMaxs, colMeans2, colMedians, colMins, colOrderStats,
    colProds, colQuantiles, colRanges, colRanks, colSdDiffs, colSds,
    colSums2, colTabulates, colVarDiffs, colVars, colWeightedMads,
    colWeightedMeans, colWeightedMedians, colWeightedSds,
    colWeightedVars, rowAlls, rowAnyNAs, rowAnys, rowAvgsPerColSet,
    rowCollapse, rowCounts, rowCummaxs, rowCummins, rowCumprods,
    rowCumsums, rowDiffs, rowIQRDiffs, rowIQRs, rowLogSumExps,
    rowMadDiffs, rowMads, rowMaxs, rowMeans2, rowMedians, rowMins,
    rowOrderStats, rowProds, rowQuantiles, rowRanges, rowRanks,
    rowSdDiffs, rowSds, rowSums2, rowTabulates, rowVarDiffs, rowVars,
    rowWeightedMads, rowWeightedMeans, rowWeightedMedians,
    rowWeightedSds, rowWeightedVars

Loading required package: GenomicRanges
Loading required package: stats4
Loading required package: BiocGenerics
Loading required package: parallel

Attaching package: ‘BiocGenerics’

The following objects are masked from ‘package:parallel’:

    clusterApply, clusterApplyLB, clusterCall, clusterEvalQ,
    clusterExport, clusterMap, parApply, parCapply, parLapply,
    parLapplyLB, parRapply, parSapply, parSapplyLB

The following objects are masked from ‘package:dplyr’:

    combine, intersect, setdiff, union

The following objects are masked from ‘package:stats’:

    IQR, mad, sd, var, xtabs

The following objects are masked from ‘package:base’:

    anyDuplicated, append, as.data.frame, basename, cbind, colnames,
    dirname, do.call, duplicated, eval, evalq, Filter, Find, get, grep,
    grepl, intersect, is.unsorted, lapply, Map, mapply, match, mget,
    order, paste, pmax, pmax.int, pmin, pmin.int, Position, rank,
    rbind, Reduce, rownames, sapply, setdiff, sort, table, tapply,
    union, unique, unsplit, which.max, which.min

Loading required package: S4Vectors

Attaching package: ‘S4Vectors’

The following objects are masked from ‘package:dplyr’:

    first, rename

The following objects are masked from ‘package:data.table’:

    first, second

The following objects are masked from ‘package:Matrix’:

    expand, unname

The following objects are masked from ‘package:base’:

    expand.grid, I, unname

Loading required package: IRanges

Attaching package: ‘IRanges’

The following objects are masked from ‘package:dplyr’:

    collapse, desc, slice

The following object is masked from ‘package:data.table’:

    shift

Loading required package: GenomeInfoDb
Loading required package: Biobase
Welcome to Bioconductor

    Vignettes contain introductory material; view with
    'browseVignettes()'. To cite Bioconductor, see
    'citation("Biobase")', and for packages 'citation("pkgname")'.


Attaching package: ‘Biobase’

The following object is masked from ‘package:MatrixGenerics’:

    rowMedians

The following objects are masked from ‘package:matrixStats’:

    anyMissing, rowMedians

> library(lme4)
> library(doParallel)
Loading required package: foreach
Loading required package: iterators
> library(foreach)
> library(doRNG)
Loading required package: rngtools
> 
> 
> data.dir = "data"
> 
> args=(commandArgs(TRUE))
> args
[1] "grp='PFC_IN-VIP'"
> 
> if (length(args) != 1) {
+   message("one argument is expected, use 'PFC_L2_3' as default.\n")
+   grp = "PFC_L2_3"
+ }else{
+   eval(parse(text=args[[1]]))
+ }
> 
> grp
[1] "PFC_IN-VIP"
> 
> # ------------------------------------------------------------------------
> # read in cell information
> # ------------------------------------------------------------------------
> 
> cell_info = fread(file.path(data.dir, "meta.tsv"))
> dim(cell_info)
[1] 104559     16
> cell_info[1:2,]
                           cell     cluster    sample individual region age sex
1: AAACCTGGTACGCACC-1_1823_BA24 Neu-NRGN-II 1823_BA24       1823    ACC  15   M
2: AAACGGGCACCAGATT-1_1823_BA24        L5/6 1823_BA24       1823    ACC  15   M
   diagnosis Capbatch Seqbatch post-mortem interval (hours)
1:   Control      CB8      SB3                           18
2:   Control      CB8      SB3                           18
   RNA Integrity Number genes  UMIs RNA mitochondr. percent
1:                    7   622   774               2.4547804
2:                    7  6926 24042               0.4450545
   RNA ribosomal percent
1:             1.4211886
2:             0.4284169
> 
> table(cell_info$region)

  ACC   PFC 
42393 62166 
> 
> cell_info = cell_info[which(cell_info$region=="PFC"),]
> 
> sort(table(paste(cell_info$diagnosis, cell_info$sample, sep=":")))

         ASD:5978_BA9      Control:5976_BA9          ASD:5403_PFC 
                  926                  1054                  1112 
Control:5879_PFC_Nova          ASD:6033_BA9          ASD:5419_PFC 
                 1850                  1970                  1972 
Control:5936_PFC_Nova          ASD:5144_PFC      Control:5958_BA9 
                 2033                  2047                  2083 
         ASD:5864_BA9 Control:5408_PFC_Nova          ASD:5565_BA9 
                 2148                  2255                  2319 
         ASD:5945_PFC          ASD:5294_BA9          ASD:5278_PFC 
                 2522                  2568                  2819 
Control:5538_PFC_Nova          ASD:5531_BA9          ASD:5939_BA9 
                 3034                  3054                  3085 
     Control:5893_PFC     Control:4341_BA46      Control:5577_BA9 
                 3317                  3849                  4131 
         ASD:5841_BA9      Control:5387_BA9 
                 5477                  6541 
> 
> # ------------------------------------------------------------------------
> # read in and attach perm information
> # ------------------------------------------------------------------------
> 
> perm_table = fread(file.path(data.dir, "step1b_permlabel.tsv"),header=TRUE)
> 
> # ------------------------------------------------------------------------
> # read in count data of one region and one cluster
> # ------------------------------------------------------------------------
> 
> dat1 = readRDS(file.path(data.dir, sprintf("ct_mtx/%s.rds", grp)))
> dim(dat1)
[1] 18041  3357
> class(dat1)
[1] "dgCMatrix"
attr(,"package")
[1] "Matrix"
> 
> # ------------------------------------------------------------------------
> # subset cell information
> # ------------------------------------------------------------------------
> 
> table(colnames(dat1) %in% cell_info$cell)

TRUE 
3357 
> meta = cell_info[match(colnames(dat1), cell_info$cell),]
> dim(meta)
[1] 3357   16
> meta[1:2,]
                           cell cluster    sample individual region age sex
1: AACTCAGGTATATGGA-1_4341_BA46  IN-VIP 4341_BA46       4341    PFC  13   M
2: AAGACCTGTAGCTCCG-1_4341_BA46  IN-VIP 4341_BA46       4341    PFC  13   M
   diagnosis Capbatch Seqbatch post-mortem interval (hours)
1:   Control      CB6      SB2                           16
2:   Control      CB6      SB2                           16
   RNA Integrity Number genes UMIs RNA mitochondr. percent
1:                  7.2  2152 3608               0.7483370
2:                  7.2  3954 8293               0.6390932
   RNA ribosomal percent
1:              1.552106
2:              1.410828
> 
> summary(meta$UMIs/meta$genes)
   Min. 1st Qu.  Median    Mean 3rd Qu.    Max. 
  1.161   1.721   1.921   1.920   2.110   4.566 
> 
> perm_table=perm_table[match(colnames(dat1), cell_info$cell),]
> 
> # check each individual has a unique sample
> table(tapply(meta$sample, meta$individual, function(v){length(unique(v))}))

 1 
23 
> 
> # check each individual has a unique Capbatch
> table(tapply(meta$Capbatch, meta$individual, function(v){length(unique(v))}))

 1 
23 
> 
> table(meta$cluster)

IN-VIP 
  3357 
> table(meta$region)

 PFC 
3357 
> 
> sort(table(paste(meta$diagnosis, meta$sample, sep=":")))

         ASD:5403_PFC          ASD:5978_BA9      Control:5976_BA9 
                   29                    53                    75 
Control:5879_PFC_Nova      Control:5577_BA9      Control:5893_PFC 
                   78                    79                    94 
Control:5936_PFC_Nova          ASD:5864_BA9          ASD:5419_PFC 
                   99                   106                   114 
Control:5408_PFC_Nova          ASD:6033_BA9     Control:4341_BA46 
                  114                   123                   149 
         ASD:5144_PFC      Control:5958_BA9          ASD:5565_BA9 
                  151                   160                   162 
         ASD:5945_PFC          ASD:5294_BA9 Control:5538_PFC_Nova 
                  163                   164                   204 
         ASD:5939_BA9          ASD:5841_BA9          ASD:5531_BA9 
                  215                   226                   240 
         ASD:5278_PFC      Control:5387_BA9 
                  254                   305 
> 
> 
> # ------------------------------------------------------------------------
> # run MAST
> # ------------------------------------------------------------------------
> 
> rds = colSums(dat1)
> med_rds = median(rds)
> summary(rds)
   Min. 1st Qu.  Median    Mean 3rd Qu.    Max. 
    620    3324    5131    5496    7215   46390 
> med_rds
[1] 5131
> 
> dim(dat1)
[1] 18041  3357
> dat1[1:3,1:6]
3 x 6 sparse Matrix of class "dgCMatrix"
        AACTCAGGTATATGGA-1_4341_BA46 AAGACCTGTAGCTCCG-1_4341_BA46
DNAJC11                            .                            .
NADK                               .                            .
MASP2                              .                            .
        AAGCCGCAGAGACTTA-1_4341_BA46 AAGGAGCTCCTAGGGC-1_4341_BA46
DNAJC11                            .                            .
NADK                               .                            .
MASP2                              .                            .
        AAGGTTCTCCGAAGAG-1_4341_BA46 AATCGGTGTCCGAACC-1_4341_BA46
DNAJC11                            .                            .
NADK                               .                            .
MASP2                              .                            .
> dat1 = t(t(dat1)/rds)*med_rds
> dim(dat1)
[1] 18041  3357
> dat1[1:3,1:6]
3 x 6 sparse Matrix of class "dgCMatrix"
        AACTCAGGTATATGGA-1_4341_BA46 AAGACCTGTAGCTCCG-1_4341_BA46
DNAJC11                            .                            .
NADK                               .                            .
MASP2                              .                            .
        AAGCCGCAGAGACTTA-1_4341_BA46 AAGGAGCTCCTAGGGC-1_4341_BA46
DNAJC11                            .                            .
NADK                               .                            .
MASP2                              .                            .
        AAGGTTCTCCGAAGAG-1_4341_BA46 AATCGGTGTCCGAACC-1_4341_BA46
DNAJC11                            .                            .
NADK                               .                            .
MASP2                              .                            .
> summary(colSums(dat1))
   Min. 1st Qu.  Median    Mean 3rd Qu.    Max. 
   5131    5131    5131    5131    5131    5131 
> 
> dat1_log = as.matrix(log2(1 + dat1)) #log transformed data
> 
> dim(dat1_log)
[1] 18041  3357
> dat1_log[1:3, 1:4]
        AACTCAGGTATATGGA-1_4341_BA46 AAGACCTGTAGCTCCG-1_4341_BA46
DNAJC11                            0                            0
NADK                               0                            0
MASP2                              0                            0
        AAGCCGCAGAGACTTA-1_4341_BA46 AAGGAGCTCCTAGGGC-1_4341_BA46
DNAJC11                            0                            0
NADK                               0                            0
MASP2                              0                            0
> cell_id = colnames(dat1_log)   # get the cell id from the data
> gene_id = rownames(dat1_log)   # get the gene id from the data
> 
> fData = data.frame(primerid = gene_id)
> cData = data.frame(wellKey  = cell_id)
> 
> # Cell info for meta
> cell_rd = colSums(dat1)
> CDR     = colSums(dat1 > 0) / nrow(dat1)
> 
> meta_ind = meta[, c("individual", "diagnosis")]
> meta_ind = unique(meta_ind)
> rownames(meta_ind) = meta_ind$individual
> 
> dim(meta)
[1] 3357   16
> meta[1:2,]
                           cell cluster    sample individual region age sex
1: AACTCAGGTATATGGA-1_4341_BA46  IN-VIP 4341_BA46       4341    PFC  13   M
2: AAGACCTGTAGCTCCG-1_4341_BA46  IN-VIP 4341_BA46       4341    PFC  13   M
   diagnosis Capbatch Seqbatch post-mortem interval (hours)
1:   Control      CB6      SB2                           16
2:   Control      CB6      SB2                           16
   RNA Integrity Number genes UMIs RNA mitochondr. percent
1:                  7.2  2152 3608               0.7483370
2:                  7.2  3954 8293               0.6390932
   RNA ribosomal percent
1:              1.552106
2:              1.410828
> dim(meta_ind)
[1] 23  2
> meta_ind[1:2,]
   individual diagnosis
1:       4341   Control
2:       5144       ASD
> 
> gc()
           used  (Mb) gc trigger   (Mb)  max used   (Mb)
Ncells  6042291 322.7    9473505  506.0   7738029  413.3
Vcells 87536441 667.9  215832334 1646.7 213156740 1626.3
> sca = FromMatrix(dat1_log, cData, fData)
Assuming data assay in position 1, with name et is log-transformed.
> colData(sca)$cngeneson = as.numeric(CDR)
> colData(sca)$diagnosis = as.factor(meta$diagnosis)
> colData(sca)$ind = as.factor(meta$individual)
> colData(sca)$RIN = meta$'RNA Integrity Number'
> colData(sca)
DataFrame with 3357 rows and 5 columns
                                            wellKey cngeneson diagnosis
                                        <character> <numeric>  <factor>
AACTCAGGTATATGGA-1_4341_BA46 AACTCAGGTATATGGA-1_4..  0.117288   Control
AAGACCTGTAGCTCCG-1_4341_BA46 AAGACCTGTAGCTCCG-1_4..  0.215232   Control
AAGCCGCAGAGACTTA-1_4341_BA46 AAGCCGCAGAGACTTA-1_4..  0.130702   Control
AAGGAGCTCCTAGGGC-1_4341_BA46 AAGGAGCTCCTAGGGC-1_4..  0.106092   Control
AAGGTTCTCCGAAGAG-1_4341_BA46 AAGGTTCTCCGAAGAG-1_4..  0.180201   Control
...                                             ...       ...       ...
TTCGGTCGTACAGACG-1_6033_BA9  TTCGGTCGTACAGACG-1_6.. 0.0650186       ASD
TTCTCAATCGTTTGCC-1_6033_BA9  TTCTCAATCGTTTGCC-1_6.. 0.1120226       ASD
TTGCGTCGTCTTGATG-1_6033_BA9  TTGCGTCGTCTTGATG-1_6.. 0.0849177       ASD
TTGGAACTCCAGTAGT-1_6033_BA9  TTGGAACTCCAGTAGT-1_6.. 0.0441217       ASD
TTGTAGGAGTAATCCC-1_6033_BA9  TTGTAGGAGTAATCCC-1_6.. 0.0839200       ASD
                                  ind       RIN
                             <factor> <numeric>
AACTCAGGTATATGGA-1_4341_BA46     4341       7.2
AAGACCTGTAGCTCCG-1_4341_BA46     4341       7.2
AAGCCGCAGAGACTTA-1_4341_BA46     4341       7.2
AAGGAGCTCCTAGGGC-1_4341_BA46     4341       7.2
AAGGTTCTCCGAAGAG-1_4341_BA46     4341       7.2
...                               ...       ...
TTCGGTCGTACAGACG-1_6033_BA9      6033         8
TTCTCAATCGTTTGCC-1_6033_BA9      6033         8
TTGCGTCGTCTTGATG-1_6033_BA9      6033         8
TTGGAACTCCAGTAGT-1_6033_BA9      6033         8
TTGTAGGAGTAATCCC-1_6033_BA9      6033         8
> 
> #sca=sca[1:10,]
> 
> rm(dat1_log)
> gc()
           used  (Mb) gc trigger   (Mb)  max used   (Mb)
Ncells  6072356 324.3    9473505  506.0   7738029  413.3
Vcells 87604001 668.4  288893699 2204.1 239913628 1830.4
> 
> getOption("mc.cores")
NULL
> 
> #start permutation
> iperm=1
> #for(iperm in 1){
>   scap=sca
>   diagnosis=as.factor(data.frame(perm_table)[,iperm])
>   scap=scap[,diagnosis!=""]
>   diagnosis=as.character(diagnosis[diagnosis!=""])
>   colData(scap)$diagnosis = as.factor(diagnosis)
>   
>   date()
[1] "Wed Jun 16 03:11:01 2021"
>   b0 = zlm(formula = ~ diagnosis + cngeneson + RIN, sca = scap, 
+            parallel = TRUE)

Done!
Warning messages:
1: In .bayesglm.fit.loop.printWarnings(Warning, state, family) :
  fitted probabilities numerically 0 or 1 occurred
2: In .bayesglm.fit.loop.printWarnings(Warning, state, family) :
  fitted probabilities numerically 0 or 1 occurred
3: In .bayesglm.fit.loop.printWarnings(Warning, state, family) :
  fitted probabilities numerically 0 or 1 occurred
>   date()
[1] "Wed Jun 16 03:16:18 2021"
>   b1 = zlm(formula = ~ diagnosis + (1 | ind) + cngeneson + RIN, sca = scap, 
+            method = 'glmer', ebayes = FALSE, parallel = TRUE)
Error in (function (cl, name, valueClass)  : 
  assignment of an object of class “list” is not valid for @‘optimMsg’ in an object of class “LMERlike”; is(value, "character") is not TRUE
In addition: Warning messages:
1: In checkConv(attr(opt, "derivs"), opt$par, ctrl = control$checkConv,  :
  Model failed to converge with max|grad| = 0.00274313 (tol = 0.002, component 1)
2: In checkConv(attr(opt, "derivs"), opt$par, ctrl = control$checkConv,  :
  Model failed to converge with max|grad| = 0.00209606 (tol = 0.002, component 1)
3: In checkConv(attr(opt, "derivs"), opt$par, ctrl = control$checkConv,  :
  Model failed to converge with max|grad| = 0.00237907 (tol = 0.002, component 1)
4: In checkConv(attr(opt, "derivs"), opt$par, ctrl = control$checkConv,  :
  Model failed to converge with max|grad| = 2.54397 (tol = 0.002, component 1)
5: In checkConv(attr(opt, "derivs"), opt$par, ctrl = control$checkConv,  :
  Model is nearly unidentifiable: very large eigenvalue
 - Rescale variables?
Error : grouping factors must have > 1 sampled level
In addition: There were 18 warnings (use warnings() to see them)
Error in eval_f(x, ...) : Downdated VtV is not positive definite
In addition: There were 50 or more warnings (use warnings() to see the first 50)
Error : number of levels of each grouping factor must be < number of observations (problems: ind)
In addition: Warning messages:
1: In nobs.default(object, use.fallback = use.fallback) :
  no 'nobs' method is available
2: In checkConv(attr(opt, "derivs"), opt$par, ctrl = control$checkConv,  :
  Model failed to converge with max|grad| = 0.00208095 (tol = 0.002, component 1)
3: In checkConv(attr(opt, "derivs"), opt$par, ctrl = control$checkConv,  :
  Model failed to converge with max|grad| = 0.00436175 (tol = 0.002, component 1)
4: In checkConv(attr(opt, "derivs"), opt$par, ctrl = control$checkConv,  :
  Model failed to converge with max|grad| = 0.00207825 (tol = 0.002, component 1)
5: In checkConv(attr(opt, "derivs"), opt$par, ctrl = control$checkConv,  :
  Model failed to converge with max|grad| = 0.00250491 (tol = 0.002, component 1)
Error : number of levels of each grouping factor must be < number of observations (problems: ind)
In addition: Warning message:
In nobs.default(object, use.fallback = use.fallback) :
  no 'nobs' method is available
Error : number of levels of each grouping factor must be < number of observations (problems: ind)
In addition: Warning messages:
1: In nobs.default(object, use.fallback = use.fallback) :
  no 'nobs' method is available
2: In checkConv(attr(opt, "derivs"), opt$par, ctrl = control$checkConv,  :
  Model failed to converge with max|grad| = 0.00203634 (tol = 0.002, component 1)
3: In checkConv(attr(opt, "derivs"), opt$par, ctrl = control$checkConv,  :
  Model failed to converge with max|grad| = 0.00399626 (tol = 0.002, component 1)
4: In checkConv(attr(opt, "derivs"), opt$par, ctrl = control$checkConv,  :
  Model failed to converge with max|grad| = 0.00516849 (tol = 0.002, component 1)
5: In checkConv(attr(opt, "derivs"), opt$par, ctrl = control$checkConv,  :
  Model failed to converge with max|grad| = 0.003078 (tol = 0.002, component 1)
6: In checkConv(attr(opt, "derivs"), opt$par, ctrl = control$checkConv,  :
  Model failed to converge with max|grad| = 0.00287162 (tol = 0.002, component 1)
7: In checkConv(attr(opt, "derivs"), opt$par, ctrl = control$checkConv,  :
  Model failed to converge with max|grad| = 0.00284893 (tol = 0.002, component 1)
Error : number of levels of each grouping factor must be < number of observations (problems: ind)
In addition: There were 17 warnings (use warnings() to see them)
Error : number of levels of each grouping factor must be < number of observations (problems: ind)
In addition: There were 27 warnings (use warnings() to see them)
Error : number of levels of each grouping factor must be < number of observations (problems: ind)
In addition: There were 23 warnings (use warnings() to see them)
Error : number of levels of each grouping factor must be < number of observations (problems: ind)
In addition: There were 32 warnings (use warnings() to see them)
Error : number of levels of each grouping factor must be < number of observations (problems: ind)
In addition: There were 44 warnings (use warnings() to see them)
Error : grouping factors must have > 1 sampled level
In addition: There were 50 or more warnings (use warnings() to see the first 50)
Error : number of levels of each grouping factor must be < number of observations (problems: ind)
In addition: There were 29 warnings (use warnings() to see them)
Error : number of levels of each grouping factor must be < number of observations (problems: ind)
In addition: Warning messages:
1: In nobs.default(object, use.fallback = use.fallback) :
  no 'nobs' method is available
2: In checkConv(attr(opt, "derivs"), opt$par, ctrl = control$checkConv,  :
  Model failed to converge with max|grad| = 0.00259879 (tol = 0.002, component 1)
3: In checkConv(attr(opt, "derivs"), opt$par, ctrl = control$checkConv,  :
  Model failed to converge with max|grad| = 0.00231941 (tol = 0.002, component 1)
4: In checkConv(attr(opt, "derivs"), opt$par, ctrl = control$checkConv,  :
  Model failed to converge with max|grad| = 0.00503148 (tol = 0.002, component 1)
5: In checkConv(attr(opt, "derivs"), opt$par, ctrl = control$checkConv,  :
  Model failed to converge with max|grad| = 0.00224516 (tol = 0.002, component 1)
6: In checkConv(attr(opt, "derivs"), opt$par, ctrl = control$checkConv,  :
  Model failed to converge with max|grad| = 0.0037453 (tol = 0.002, component 1)
7: In checkConv(attr(opt, "derivs"), opt$par, ctrl = control$checkConv,  :
  Model failed to converge with max|grad| = 0.00398895 (tol = 0.002, component 1)
8: In checkConv(attr(opt, "derivs"), opt$par, ctrl = control$checkConv,  :
  Model failed to converge with max|grad| = 0.00259307 (tol = 0.002, component 1)
9: In checkConv(attr(opt, "derivs"), opt$par, ctrl = control$checkConv,  :
  Model failed to converge with max|grad| = 0.00256232 (tol = 0.002, component 1)
Error in (function (cl, name, valueClass)  : 
  assignment of an object of class “list” is not valid for @‘optimMsg’ in an object of class “LMERlike”; is(value, "character") is not TRUE
In addition: There were 23 warnings (use warnings() to see them)
Error : grouping factors must have > 1 sampled level
In addition: There were 50 or more warnings (use warnings() to see the first 50)
Error : number of levels of each grouping factor must be < number of observations (problems: ind)
In addition: Warning messages:
1: In nobs.default(object, use.fallback = use.fallback) :
  no 'nobs' method is available
2: In checkConv(attr(opt, "derivs"), opt$par, ctrl = control$checkConv,  :
  Model failed to converge with max|grad| = 0.00413766 (tol = 0.002, component 1)
3: In checkConv(attr(opt, "derivs"), opt$par, ctrl = control$checkConv,  :
  Model failed to converge with max|grad| = 0.00297239 (tol = 0.002, component 1)
Error : number of levels of each grouping factor must be < number of observations (problems: ind)
In addition: There were 38 warnings (use warnings() to see them)
Error : number of levels of each grouping factor must be < number of observations (problems: ind)
In addition: There were 28 warnings (use warnings() to see them)
Error in (function (cl, name, valueClass)  : 
  assignment of an object of class “list” is not valid for @‘optimMsg’ in an object of class “LMERlike”; is(value, "character") is not TRUE
In addition: Warning messages:
1: In nobs.default(object, use.fallback = use.fallback) :
  no 'nobs' method is available
2: In checkConv(attr(opt, "derivs"), opt$par, ctrl = control$checkConv,  :
  Model failed to converge with max|grad| = 0.00577764 (tol = 0.002, component 1)
3: In checkConv(attr(opt, "derivs"), opt$par, ctrl = control$checkConv,  :
  Model failed to converge with max|grad| = 0.00276719 (tol = 0.002, component 1)
4: In checkConv(attr(opt, "derivs"), opt$par, ctrl = control$checkConv,  :
  Model failed to converge with max|grad| = 0.0944089 (tol = 0.002, component 1)
5: In checkConv(attr(opt, "derivs"), opt$par, ctrl = control$checkConv,  :
  Model is nearly unidentifiable: very large eigenvalue
 - Rescale variables?
Error : number of levels of each grouping factor must be < number of observations (problems: ind)
In addition: There were 50 or more warnings (use warnings() to see the first 50)
Error in (function (cl, name, valueClass)  : 
  assignment of an object of class “list” is not valid for @‘optimMsg’ in an object of class “LMERlike”; is(value, "character") is not TRUE
In addition: There were 16 warnings (use warnings() to see them)
fixed-effect model matrix is rank deficient so dropping 1 column / coefficient
Error in (function (cl, name, valueClass)  : 
  assignment of an object of class “list” is not valid for @‘optimMsg’ in an object of class “LMERlike”; is(value, "character") is not TRUE
In addition: There were 31 warnings (use warnings() to see them)
Error : grouping factors must have > 1 sampled level
In addition: Warning messages:
1: In nobs.default(object, use.fallback = use.fallback) :
  no 'nobs' method is available
2: In checkConv(attr(opt, "derivs"), opt$par, ctrl = control$checkConv,  :
  Model failed to converge with max|grad| = 0.0469627 (tol = 0.002, component 1)
3: In checkConv(attr(opt, "derivs"), opt$par, ctrl = control$checkConv,  :
  Model failed to converge with max|grad| = 0.027236 (tol = 0.002, component 1)
Error : number of levels of each grouping factor must be < number of observations (problems: ind)
In addition: There were 14 warnings (use warnings() to see them)
Error in (function (cl, name, valueClass)  : 
  assignment of an object of class “list” is not valid for @‘optimMsg’ in an object of class “LMERlike”; is(value, "character") is not TRUE
In addition: Warning messages:
1: In nobs.default(object, use.fallback = use.fallback) :
  no 'nobs' method is available
2: In checkConv(attr(opt, "derivs"), opt$par, ctrl = control$checkConv,  :
  Model failed to converge with max|grad| = 0.0195304 (tol = 0.002, component 1)
3: In checkConv(attr(opt, "derivs"), opt$par, ctrl = control$checkConv,  :
  Model is nearly unidentifiable: very large eigenvalue
 - Rescale variables?
Error : number of levels of each grouping factor must be < number of observations (problems: ind)
In addition: Warning messages:
1: In nobs.default(object, use.fallback = use.fallback) :
  no 'nobs' method is available
2: In checkConv(attr(opt, "derivs"), opt$par, ctrl = control$checkConv,  :
  Model failed to converge with max|grad| = 0.010489 (tol = 0.002, component 1)
3: In checkConv(attr(opt, "derivs"), opt$par, ctrl = control$checkConv,  :
  Model failed to converge with max|grad| = 0.00418317 (tol = 0.002, component 1)
Error : number of levels of each grouping factor must be < number of observations (problems: ind)
In addition: There were 50 or more warnings (use warnings() to see the first 50)
Error : number of levels of each grouping factor must be < number of observations (problems: ind)
In addition: There were 35 warnings (use warnings() to see them)
Error : number of levels of each grouping factor must be < number of observations (problems: ind)
In addition: There were 14 warnings (use warnings() to see them)
Error : number of levels of each grouping factor must be < number of observations (problems: ind)
In addition: Warning message:
In nobs.default(object, use.fallback = use.fallback) :
  no 'nobs' method is available
Error : number of levels of each grouping factor must be < number of observations (problems: ind)
In addition: There were 31 warnings (use warnings() to see them)
Error : number of levels of each grouping factor must be < number of observations (problems: ind)
In addition: There were 30 warnings (use warnings() to see them)
Error in (function (cl, name, valueClass)  : 
  assignment of an object of class “list” is not valid for @‘optimMsg’ in an object of class “LMERlike”; is(value, "character") is not TRUE
In addition: There were 50 or more warnings (use warnings() to see the first 50)
fixed-effect model matrix is rank deficient so dropping 1 column / coefficient
Error : number of levels of each grouping factor must be < number of observations (problems: ind)
In addition: There were 41 warnings (use warnings() to see them)
Error : number of levels of each grouping factor must be < number of observations (problems: ind)
In addition: There were 28 warnings (use warnings() to see them)
Error : number of levels of each grouping factor must be < number of observations (problems: ind)
In addition: There were 50 or more warnings (use warnings() to see the first 50)
Error : grouping factors must have > 1 sampled level
In addition: There were 32 warnings (use warnings() to see them)
Error : number of levels of each grouping factor must be < number of observations (problems: ind)
In addition: There were 41 warnings (use warnings() to see them)
Error : number of levels of each grouping factor must be < number of observations (problems: ind)
In addition: There were 50 or more warnings (use warnings() to see the first 50)
Error : number of levels of each grouping factor must be < number of observations (problems: ind)
In addition: There were 13 warnings (use warnings() to see them)
Error : number of levels of each grouping factor must be < number of observations (problems: ind)
In addition: Warning messages:
1: In nobs.default(object, use.fallback = use.fallback) :
  no 'nobs' method is available
2: In checkConv(attr(opt, "derivs"), opt$par, ctrl = control$checkConv,  :
  Model failed to converge with max|grad| = 0.00379169 (tol = 0.002, component 1)
3: In checkConv(attr(opt, "derivs"), opt$par, ctrl = control$checkConv,  :
  Model failed to converge with max|grad| = 0.00352128 (tol = 0.002, component 1)
4: In checkConv(attr(opt, "derivs"), opt$par, ctrl = control$checkConv,  :
  Model failed to converge with max|grad| = 0.00270393 (tol = 0.002, component 1)
5: In checkConv(attr(opt, "derivs"), opt$par, ctrl = control$checkConv,  :
  Model failed to converge with max|grad| = 0.00223309 (tol = 0.002, component 1)
6: In checkConv(attr(opt, "derivs"), opt$par, ctrl = control$checkConv,  :
  Model failed to converge with max|grad| = 0.00206746 (tol = 0.002, component 1)
7: In checkConv(attr(opt, "derivs"), opt$par, ctrl = control$checkConv,  :
  Model failed to converge with max|grad| = 0.00248463 (tol = 0.002, component 1)
8: In checkConv(attr(opt, "derivs"), opt$par, ctrl = control$checkConv,  :
  Model failed to converge with max|grad| = 0.00273539 (tol = 0.002, component 1)
Error in (function (cl, name, valueClass)  : 
  assignment of an object of class “list” is not valid for @‘optimMsg’ in an object of class “LMERlike”; is(value, "character") is not TRUE
In addition: Warning messages:
1: In nobs.default(object, use.fallback = use.fallback) :
  no 'nobs' method is available
2: In checkConv(attr(opt, "derivs"), opt$par, ctrl = control$checkConv,  :
  Model failed to converge with max|grad| = 0.00218713 (tol = 0.002, component 1)
3: In checkConv(attr(opt, "derivs"), opt$par, ctrl = control$checkConv,  :
  Model failed to converge with max|grad| = 0.00203133 (tol = 0.002, component 1)
4: In checkConv(attr(opt, "derivs"), opt$par, ctrl = control$checkConv,  :
  Model failed to converge with max|grad| = 0.0352183 (tol = 0.002, component 1)
5: In checkConv(attr(opt, "derivs"), opt$par, ctrl = control$checkConv,  :
  Model failed to converge with max|grad| = 0.00216727 (tol = 0.002, component 1)
6: In checkConv(attr(opt, "derivs"), opt$par, ctrl = control$checkConv,  :
  Model failed to converge with max|grad| = 0.00321147 (tol = 0.002, component 1)
7: In checkConv(attr(opt, "derivs"), opt$par, ctrl = control$checkConv,  :
  Model failed to converge with max|grad| = 0.120911 (tol = 0.002, component 1)
8: In checkConv(attr(opt, "derivs"), opt$par, ctrl = control$checkConv,  :
  Model is nearly unidentifiable: very large eigenvalue
 - Rescale variables?
fixed-effect model matrix is rank deficient so dropping 1 column / coefficient
Error in (function (cl, name, valueClass)  : 
  assignment of an object of class “list” is not valid for @‘optimMsg’ in an object of class “LMERlike”; is(value, "character") is not TRUE
In addition: There were 50 or more warnings (use warnings() to see the first 50)

Done!
There were 50 or more warnings (use warnings() to see the first 50)
>   date()
[1] "Wed Jun 16 08:07:26 2021"
>   
>   b0
Fitted zlm on 18041 genes and 3060 cells.
 Using BayesGLMlike ~ diagnosis + cngeneson + RIN 
>   b1
Fitted zlm on 18041 genes and 3060 cells.
 Using LMERlike ~ diagnosis + (1 | ind) + cngeneson + RIN 
>   
>   date()
[1] "Wed Jun 16 08:07:26 2021"
>   lrt0 = lrTest(b0, "diagnosis")
Refitting on reduced model...

Done!
Warning messages:
1: In .bayesglm.fit.loop.printWarnings(Warning, state, family) :
  fitted probabilities numerically 0 or 1 occurred
2: In .bayesglm.fit.loop.printWarnings(Warning, state, family) :
  fitted probabilities numerically 0 or 1 occurred
3: In .bayesglm.fit.loop.printWarnings(Warning, state, family) :
  fitted probabilities numerically 0 or 1 occurred
>   date()
[1] "Wed Jun 16 08:11:37 2021"
>   lrt1 = lrTest(b1, "diagnosis")
Refitting on reduced model...
Error in (function (cl, name, valueClass)  : 
  assignment of an object of class “list” is not valid for @‘optimMsg’ in an object of class “LMERlike”; is(value, "character") is not TRUE
In addition: Warning messages:
1: In checkConv(attr(opt, "derivs"), opt$par, ctrl = control$checkConv,  :
  Model failed to converge with max|grad| = 0.00316862 (tol = 0.002, component 1)
2: In checkConv(attr(opt, "derivs"), opt$par, ctrl = control$checkConv,  :
  Model failed to converge with max|grad| = 0.00215441 (tol = 0.002, component 1)
3: In checkConv(attr(opt, "derivs"), opt$par, ctrl = control$checkConv,  :
  Model failed to converge with max|grad| = 0.00200897 (tol = 0.002, component 1)
4: In checkConv(attr(opt, "derivs"), opt$par, ctrl = control$checkConv,  :
  Model failed to converge with max|grad| = 0.261361 (tol = 0.002, component 1)
5: In checkConv(attr(opt, "derivs"), opt$par, ctrl = control$checkConv,  :
  Model is nearly unidentifiable: very large eigenvalue
 - Rescale variables?
Error : grouping factors must have > 1 sampled level
In addition: Warning messages:
1: In nobs.default(object, use.fallback = use.fallback) :
  no 'nobs' method is available
2: In checkConv(attr(opt, "derivs"), opt$par, ctrl = control$checkConv,  :
  Model failed to converge with max|grad| = 0.00429799 (tol = 0.002, component 1)
3: In checkConv(attr(opt, "derivs"), opt$par, ctrl = control$checkConv,  :
  Model failed to converge with max|grad| = 0.00994819 (tol = 0.002, component 1)
4: In checkConv(attr(opt, "derivs"), opt$par, ctrl = control$checkConv,  :
  Model failed to converge with max|grad| = 0.00236803 (tol = 0.002, component 1)
5: In checkConv(attr(opt, "derivs"), opt$par, ctrl = control$checkConv,  :
  Model failed to converge with max|grad| = 0.00235447 (tol = 0.002, component 1)
6: In checkConv(attr(opt, "derivs"), opt$par, ctrl = control$checkConv,  :
  Model failed to converge with max|grad| = 0.0020849 (tol = 0.002, component 1)
7: In checkConv(attr(opt, "derivs"), opt$par, ctrl = control$checkConv,  :
  Model failed to converge with max|grad| = 0.00245873 (tol = 0.002, component 1)
8: In checkConv(attr(opt, "derivs"), opt$par, ctrl = control$checkConv,  :
  Model failed to converge with max|grad| = 0.00203723 (tol = 0.002, component 1)
Error in (function (cl, name, valueClass)  : 
  assignment of an object of class “list” is not valid for @‘optimMsg’ in an object of class “LMERlike”; is(value, "character") is not TRUE
In addition: There were 50 or more warnings (use warnings() to see the first 50)
Error : number of levels of each grouping factor must be < number of observations (problems: ind)
In addition: Warning messages:
1: In nobs.default(object, use.fallback = use.fallback) :
  no 'nobs' method is available
2: In checkConv(attr(opt, "derivs"), opt$par, ctrl = control$checkConv,  :
  Model failed to converge with max|grad| = 0.00396764 (tol = 0.002, component 1)
3: In checkConv(attr(opt, "derivs"), opt$par, ctrl = control$checkConv,  :
  Model failed to converge with max|grad| = 0.0025036 (tol = 0.002, component 1)
4: In checkConv(attr(opt, "derivs"), opt$par, ctrl = control$checkConv,  :
  Model failed to converge with max|grad| = 0.00204052 (tol = 0.002, component 1)
5: In checkConv(attr(opt, "derivs"), opt$par, ctrl = control$checkConv,  :
  Model failed to converge with max|grad| = 0.0049322 (tol = 0.002, component 1)
Error : number of levels of each grouping factor must be < number of observations (problems: ind)
In addition: Warning messages:
1: In nobs.default(object, use.fallback = use.fallback) :
  no 'nobs' method is available
2: In checkConv(attr(opt, "derivs"), opt$par, ctrl = control$checkConv,  :
  Model failed to converge with max|grad| = 0.00284094 (tol = 0.002, component 1)
Error : number of levels of each grouping factor must be < number of observations (problems: ind)
In addition: There were 15 warnings (use warnings() to see them)
Error : number of levels of each grouping factor must be < number of observations (problems: ind)
In addition: There were 18 warnings (use warnings() to see them)
Error : number of levels of each grouping factor must be < number of observations (problems: ind)
In addition: There were 17 warnings (use warnings() to see them)
Error : number of levels of each grouping factor must be < number of observations (problems: ind)
In addition: There were 20 warnings (use warnings() to see them)
Error : number of levels of each grouping factor must be < number of observations (problems: ind)
In addition: There were 30 warnings (use warnings() to see them)
Error : number of levels of each grouping factor must be < number of observations (problems: ind)
In addition: There were 30 warnings (use warnings() to see them)
Error : grouping factors must have > 1 sampled level
In addition: There were 50 or more warnings (use warnings() to see the first 50)
Error : number of levels of each grouping factor must be < number of observations (problems: ind)
In addition: There were 23 warnings (use warnings() to see them)
Error : number of levels of each grouping factor must be < number of observations (problems: ind)
In addition: There were 13 warnings (use warnings() to see them)
Error : grouping factors must have > 1 sampled level
In addition: There were 50 or more warnings (use warnings() to see the first 50)
Error : number of levels of each grouping factor must be < number of observations (problems: ind)
In addition: Warning messages:
1: In nobs.default(object, use.fallback = use.fallback) :
  no 'nobs' method is available
2: In checkConv(attr(opt, "derivs"), opt$par, ctrl = control$checkConv,  :
  Model failed to converge with max|grad| = 0.00242751 (tol = 0.002, component 1)
3: In checkConv(attr(opt, "derivs"), opt$par, ctrl = control$checkConv,  :
  Model failed to converge with max|grad| = 0.00277778 (tol = 0.002, component 1)
4: In checkConv(attr(opt, "derivs"), opt$par, ctrl = control$checkConv,  :
  Model failed to converge with max|grad| = 0.00201327 (tol = 0.002, component 1)
5: In checkConv(attr(opt, "derivs"), opt$par, ctrl = control$checkConv,  :
  Model failed to converge with max|grad| = 0.00333005 (tol = 0.002, component 1)
Error : number of levels of each grouping factor must be < number of observations (problems: ind)
In addition: There were 37 warnings (use warnings() to see them)
Error : number of levels of each grouping factor must be < number of observations (problems: ind)
In addition: There were 26 warnings (use warnings() to see them)
Error in (function (cl, name, valueClass)  : 
  assignment of an object of class “list” is not valid for @‘optimMsg’ in an object of class “LMERlike”; is(value, "character") is not TRUE
In addition: Warning messages:
1: In nobs.default(object, use.fallback = use.fallback) :
  no 'nobs' method is available
2: In checkConv(attr(opt, "derivs"), opt$par, ctrl = control$checkConv,  :
  Model failed to converge with max|grad| = 0.00235382 (tol = 0.002, component 1)
3: In checkConv(attr(opt, "derivs"), opt$par, ctrl = control$checkConv,  :
  Model failed to converge with max|grad| = 0.00232304 (tol = 0.002, component 1)
4: In checkConv(attr(opt, "derivs"), opt$par, ctrl = control$checkConv,  :
  Model failed to converge with max|grad| = 0.00241866 (tol = 0.002, component 1)
5: In checkConv(attr(opt, "derivs"), opt$par, ctrl = control$checkConv,  :
  Model failed to converge with max|grad| = 0.270824 (tol = 0.002, component 1)
6: In checkConv(attr(opt, "derivs"), opt$par, ctrl = control$checkConv,  :
  Model is nearly unidentifiable: very large eigenvalue
 - Rescale variables?
Error : number of levels of each grouping factor must be < number of observations (problems: ind)
In addition: There were 44 warnings (use warnings() to see them)
Error in (function (cl, name, valueClass)  : 
  assignment of an object of class “list” is not valid for @‘optimMsg’ in an object of class “LMERlike”; is(value, "character") is not TRUE
In addition: There were 42 warnings (use warnings() to see them)
Error : grouping factors must have > 1 sampled level
In addition: Warning messages:
1: In nobs.default(object, use.fallback = use.fallback) :
  no 'nobs' method is available
2: In checkConv(attr(opt, "derivs"), opt$par, ctrl = control$checkConv,  :
  Model failed to converge with max|grad| = 0.00601464 (tol = 0.002, component 1)
3: In checkConv(attr(opt, "derivs"), opt$par, ctrl = control$checkConv,  :
  Model failed to converge with max|grad| = 0.00205741 (tol = 0.002, component 1)
4: In checkConv(attr(opt, "derivs"), opt$par, ctrl = control$checkConv,  :
  Model failed to converge with max|grad| = 0.0280225 (tol = 0.002, component 1)
Error : number of levels of each grouping factor must be < number of observations (problems: ind)
In addition: Warning messages:
1: In nobs.default(object, use.fallback = use.fallback) :
  no 'nobs' method is available
2: In checkConv(attr(opt, "derivs"), opt$par, ctrl = control$checkConv,  :
  Model failed to converge with max|grad| = 0.00247953 (tol = 0.002, component 1)
3: In checkConv(attr(opt, "derivs"), opt$par, ctrl = control$checkConv,  :
  Model failed to converge with max|grad| = 0.00204361 (tol = 0.002, component 1)
4: In checkConv(attr(opt, "derivs"), opt$par, ctrl = control$checkConv,  :
  Model failed to converge with max|grad| = 0.00278965 (tol = 0.002, component 1)
5: In checkConv(attr(opt, "derivs"), opt$par, ctrl = control$checkConv,  :
  Model failed to converge with max|grad| = 0.00318765 (tol = 0.002, component 1)
Error in (function (cl, name, valueClass)  : 
  assignment of an object of class “list” is not valid for @‘optimMsg’ in an object of class “LMERlike”; is(value, "character") is not TRUE
In addition: Warning messages:
1: In nobs.default(object, use.fallback = use.fallback) :
  no 'nobs' method is available
2: In checkConv(attr(opt, "derivs"), opt$par, ctrl = control$checkConv,  :
  Model failed to converge with max|grad| = 0.0292304 (tol = 0.002, component 1)
3: In checkConv(attr(opt, "derivs"), opt$par, ctrl = control$checkConv,  :
  Model failed to converge with max|grad| = 0.040428 (tol = 0.002, component 1)
4: In checkConv(attr(opt, "derivs"), opt$par, ctrl = control$checkConv,  :
  Model failed to converge with max|grad| = 0.00210359 (tol = 0.002, component 1)
5: In checkConv(attr(opt, "derivs"), opt$par, ctrl = control$checkConv,  :
  Model failed to converge with max|grad| = 0.00205112 (tol = 0.002, component 1)
6: In checkConv(attr(opt, "derivs"), opt$par, ctrl = control$checkConv,  :
  Model failed to converge with max|grad| = 0.013247 (tol = 0.002, component 1)
7: In checkConv(attr(opt, "derivs"), opt$par, ctrl = control$checkConv,  :
  Model is nearly unidentifiable: very large eigenvalue
 - Rescale variables?
Error : number of levels of each grouping factor must be < number of observations (problems: ind)
In addition: Warning messages:
1: In nobs.default(object, use.fallback = use.fallback) :
  no 'nobs' method is available
2: In checkConv(attr(opt, "derivs"), opt$par, ctrl = control$checkConv,  :
  Model failed to converge with max|grad| = 0.0227529 (tol = 0.002, component 1)
Error : number of levels of each grouping factor must be < number of observations (problems: ind)
In addition: There were 38 warnings (use warnings() to see them)
Error : number of levels of each grouping factor must be < number of observations (problems: ind)
In addition: There were 30 warnings (use warnings() to see them)
Error : number of levels of each grouping factor must be < number of observations (problems: ind)
In addition: There were 12 warnings (use warnings() to see them)
Error : number of levels of each grouping factor must be < number of observations (problems: ind)
In addition: Warning messages:
1: In nobs.default(object, use.fallback = use.fallback) :
  no 'nobs' method is available
2: In checkConv(attr(opt, "derivs"), opt$par, ctrl = control$checkConv,  :
  Model failed to converge with max|grad| = 0.0215908 (tol = 0.002, component 1)
3: In checkConv(attr(opt, "derivs"), opt$par, ctrl = control$checkConv,  :
  Model failed to converge with max|grad| = 0.0300052 (tol = 0.002, component 1)
Error : number of levels of each grouping factor must be < number of observations (problems: ind)
In addition: There were 24 warnings (use warnings() to see them)
Error : number of levels of each grouping factor must be < number of observations (problems: ind)
In addition: There were 41 warnings (use warnings() to see them)
Error in (function (cl, name, valueClass)  : 
  assignment of an object of class “list” is not valid for @‘optimMsg’ in an object of class “LMERlike”; is(value, "character") is not TRUE
In addition: There were 50 or more warnings (use warnings() to see the first 50)
Error : number of levels of each grouping factor must be < number of observations (problems: ind)
In addition: Warning messages:
1: In nobs.default(object, use.fallback = use.fallback) :
  no 'nobs' method is available
2: In checkConv(attr(opt, "derivs"), opt$par, ctrl = control$checkConv,  :
  Model failed to converge with max|grad| = 0.00316454 (tol = 0.002, component 1)
Error : number of levels of each grouping factor must be < number of observations (problems: ind)
In addition: There were 27 warnings (use warnings() to see them)
Error : number of levels of each grouping factor must be < number of observations (problems: ind)
In addition: There were 47 warnings (use warnings() to see them)
Error : grouping factors must have > 1 sampled level
In addition: There were 25 warnings (use warnings() to see them)
Error : number of levels of each grouping factor must be < number of observations (problems: ind)
In addition: There were 40 warnings (use warnings() to see them)
Error : number of levels of each grouping factor must be < number of observations (problems: ind)
In addition: There were 46 warnings (use warnings() to see them)
Error : number of levels of each grouping factor must be < number of observations (problems: ind)
In addition: Warning messages:
1: In nobs.default(object, use.fallback = use.fallback) :
  no 'nobs' method is available
2: In checkConv(attr(opt, "derivs"), opt$par, ctrl = control$checkConv,  :
  Model failed to converge with max|grad| = 0.0318244 (tol = 0.002, component 1)
3: In checkConv(attr(opt, "derivs"), opt$par, ctrl = control$checkConv,  :
  Model failed to converge with max|grad| = 0.0033693 (tol = 0.002, component 1)
4: In checkConv(attr(opt, "derivs"), opt$par, ctrl = control$checkConv,  :
  Model failed to converge with max|grad| = 0.00320075 (tol = 0.002, component 1)
5: In checkConv(attr(opt, "derivs"), opt$par, ctrl = control$checkConv,  :
  Model failed to converge with max|grad| = 0.00225392 (tol = 0.002, component 1)
6: In checkConv(attr(opt, "derivs"), opt$par, ctrl = control$checkConv,  :
  Model failed to converge with max|grad| = 0.00223976 (tol = 0.002, component 1)
7: In checkConv(attr(opt, "derivs"), opt$par, ctrl = control$checkConv,  :
  Model failed to converge with max|grad| = 0.00270964 (tol = 0.002, component 1)
8: In checkConv(attr(opt, "derivs"), opt$par, ctrl = control$checkConv,  :
  Model failed to converge with max|grad| = 0.00446664 (tol = 0.002, component 1)
Error : number of levels of each grouping factor must be < number of observations (problems: ind)
In addition: Warning messages:
1: In nobs.default(object, use.fallback = use.fallback) :
  no 'nobs' method is available
2: In checkConv(attr(opt, "derivs"), opt$par, ctrl = control$checkConv,  :
  Model failed to converge with max|grad| = 0.00296609 (tol = 0.002, component 1)
3: In checkConv(attr(opt, "derivs"), opt$par, ctrl = control$checkConv,  :
  Model failed to converge with max|grad| = 0.00224565 (tol = 0.002, component 1)
4: In checkConv(attr(opt, "derivs"), opt$par, ctrl = control$checkConv,  :
  Model failed to converge with max|grad| = 0.00291623 (tol = 0.002, component 1)
Error in (function (cl, name, valueClass)  : 
  assignment of an object of class “list” is not valid for @‘optimMsg’ in an object of class “LMERlike”; is(value, "character") is not TRUE
In addition: Warning messages:
1: In nobs.default(object, use.fallback = use.fallback) :
  no 'nobs' method is available
2: In checkConv(attr(opt, "derivs"), opt$par, ctrl = control$checkConv,  :
  Model failed to converge with max|grad| = 0.00215162 (tol = 0.002, component 1)
3: In checkConv(attr(opt, "derivs"), opt$par, ctrl = control$checkConv,  :
  Model failed to converge with max|grad| = 0.00206118 (tol = 0.002, component 1)
4: In checkConv(attr(opt, "derivs"), opt$par, ctrl = control$checkConv,  :
  Model failed to converge with max|grad| = 0.00383919 (tol = 0.002, component 1)
5: In checkConv(attr(opt, "derivs"), opt$par, ctrl = control$checkConv,  :
  Model failed to converge with max|grad| = 0.00531686 (tol = 0.002, component 1)
6: In checkConv(attr(opt, "derivs"), opt$par, ctrl = control$checkConv,  :
  Model failed to converge with max|grad| = 0.0366635 (tol = 0.002, component 1)
7: In checkConv(attr(opt, "derivs"), opt$par, ctrl = control$checkConv,  :
  Model failed to converge with max|grad| = 0.0331867 (tol = 0.002, component 1)
8: In checkConv(attr(opt, "derivs"), opt$par, ctrl = control$checkConv,  :
  Model failed to converge with max|grad| = 0.211114 (tol = 0.002, component 1)
9: In checkConv(attr(opt, "derivs"), opt$par, ctrl = control$checkConv,  :
  Model is nearly unidentifiable: very large eigenvalue
 - Rescale variables?
Error in (function (cl, name, valueClass)  : 
  assignment of an object of class “list” is not valid for @‘optimMsg’ in an object of class “LMERlike”; is(value, "character") is not TRUE
In addition: Warning messages:
1: In nobs.default(object, use.fallback = use.fallback) :
  no 'nobs' method is available
2: In checkConv(attr(opt, "derivs"), opt$par, ctrl = control$checkConv,  :
  Model failed to converge with max|grad| = 0.139231 (tol = 0.002, component 1)
3: In checkConv(attr(opt, "derivs"), opt$par, ctrl = control$checkConv,  :
  Model is nearly unidentifiable: very large eigenvalue
 - Rescale variables?

Done!
There were 50 or more warnings (use warnings() to see the first 50)
>   date()
[1] "Wed Jun 16 11:36:39 2021"
>   
>   dim(lrt0)
[1] 18041     3     3
>   lrt0[1,,]
         metric
test.type    lambda df Pr(>Chisq)
   cont   0.1526893  1  0.6959785
   disc   1.3420279  1  0.2466767
   hurdle 1.4947172  2  0.4736159
>   
>   dim(lrt1)
[1] 18041     3     3
>   lrt1[1,,]
         metric
test.type     lambda df Pr(>Chisq)
   cont   0.16084830  1  0.6883767
   disc   0.08216281  1  0.7743876
   hurdle 0.24301111  2  0.8855861
>   
>   mast_pval_glm = apply(lrt0, 1, function(x){x[3,3]})
>   length(mast_pval_glm)
[1] 18041
>   mast_pval_glm[1:4]
  DNAJC11      NADK     MASP2     CLCN6 
0.4736159 0.9406300 0.4027392 0.6599247 
>   
>   mast_pval_glmer = apply(lrt1, 1, function(x){x[3,3]})
>   length(mast_pval_glmer)
[1] 18041
>   mast_pval_glmer[1:4]
  DNAJC11      NADK     MASP2     CLCN6 
0.8855861 0.9575517 0.9483243 0.5371614 
>   
> #}
> 
> 
> pdf(sprintf("figures/step1b_MAST_perm_glmer_%s_pval_hist_final.pdf",grp), 
+     width=6, height=3)
> par(mfrow=c(1,2), bty="n", mar=c(5,4,2,1))
>   hist(mast_pval_glm, main="MAST_glm", xlab="p-value", breaks=50)
>   hist(mast_pval_glmer, main="MAST_glmer", xlab="p-value", breaks=50)
> dev.off()
null device 
          1 
> 
> # ------------------------------------------------------------------------
> # summarize p-value distribution
> # ------------------------------------------------------------------------
> 
> pdf(sprintf("figures/step1b_MAST_perm_%s_compare_pval_Seq.pdf", grp), 
+     width=9, height=3)
> par(mfrow=c(1,3), bty="n", mar=c(5,4,1,1))
> hist(mast_pval_glm, main="MAST glm", xlab="p-value")
> hist(mast_pval_glmer, main="MAST glmer", xlab="p-value")
> plot(-log10(mast_pval_glm), -log10(mast_pval_glmer), main="-log10(p-value)", 
+      xlab="MAST glm", ylab="MAST glmer", 
+      pch=20, cex=0.2, col=rgb(0.8, 0.1, 0.1, 0.5))
> abline(0, 1, col="darkblue")
> dev.off()
null device 
          1 
> # ------------------------------------------------------------------------
> # save the results
> # ------------------------------------------------------------------------
> 
> 
> fwrite(data.frame(mast_pval_glm), file=sprintf("res/step1b_MAST_perm_%s_glm.tsv", grp), 
+        sep = "\t", row.names=TRUE, col.names=FALSE)
> 
> fwrite(data.frame(mast_pval_glmer), file=sprintf("res/step1b_MAST_perm_%s_glmer.tsv", grp), 
+             sep = "\t", row.names=TRUE, col.names=FALSE)
> 
> gc()
            used   (Mb) gc trigger   (Mb)  max used   (Mb)
Ncells   6259881  334.4   12237161  653.6  12237161  653.6
Vcells 146196600 1115.4  372349419 2840.9 372349419 2840.9
> 
> sessionInfo()
R version 4.1.0 (2021-05-18)
Platform: x86_64-pc-linux-gnu (64-bit)
Running under: Ubuntu 18.04.5 LTS

Matrix products: default
BLAS/LAPACK: /opt/intel/compilers_and_libraries_2018.2.199/linux/mkl/lib/intel64_lin/libmkl_rt.so

locale:
 [1] LC_CTYPE=en_US.UTF-8       LC_NUMERIC=C              
 [3] LC_TIME=en_US.UTF-8        LC_COLLATE=en_US.UTF-8    
 [5] LC_MONETARY=en_US.UTF-8    LC_MESSAGES=en_US.UTF-8   
 [7] LC_PAPER=en_US.UTF-8       LC_NAME=C                 
 [9] LC_ADDRESS=C               LC_TELEPHONE=C            
[11] LC_MEASUREMENT=en_US.UTF-8 LC_IDENTIFICATION=C       

attached base packages:
[1] parallel  stats4    stats     graphics  grDevices utils     datasets 
[8] methods   base     

other attached packages:
 [1] doRNG_1.8.2                 rngtools_1.5               
 [3] doParallel_1.0.16           iterators_1.0.13           
 [5] foreach_1.5.1               lme4_1.1-27                
 [7] MAST_1.18.0                 SingleCellExperiment_1.14.1
 [9] SummarizedExperiment_1.22.0 Biobase_2.52.0             
[11] GenomicRanges_1.44.0        GenomeInfoDb_1.28.0        
[13] IRanges_2.26.0              S4Vectors_0.30.0           
[15] BiocGenerics_0.38.0         MatrixGenerics_1.4.0       
[17] matrixStats_0.59.0          dplyr_1.0.6                
[19] data.table_1.14.0           Matrix_1.3-3               

loaded via a namespace (and not attached):
 [1] progress_1.2.2         tidyselect_1.1.1       purrr_0.3.4           
 [4] reshape2_1.4.4         splines_4.1.0          lattice_0.20-44       
 [7] colorspace_2.0-1       vctrs_0.3.8            generics_0.1.0        
[10] utf8_1.2.1             rlang_0.4.11           pillar_1.6.1          
[13] nloptr_1.2.2.2         glue_1.4.2             GenomeInfoDbData_1.2.6
[16] lifecycle_1.0.0        plyr_1.8.6             stringr_1.4.0         
[19] zlibbioc_1.38.0        munsell_0.5.0          gtable_0.3.0          
[22] codetools_0.2-18       fansi_0.5.0            Rcpp_1.0.6            
[25] scales_1.1.1           DelayedArray_0.18.0    XVector_0.32.0        
[28] abind_1.4-5            hms_1.1.0              digest_0.6.27         
[31] ggplot2_3.3.3          stringi_1.6.2          grid_4.1.0            
[34] tools_4.1.0            bitops_1.0-7           magrittr_2.0.1        
[37] RCurl_1.98-1.3         tibble_3.1.2           crayon_1.4.1          
[40] pkgconfig_2.0.3        ellipsis_0.3.2         MASS_7.3-54           
[43] prettyunits_1.1.1      minqa_1.2.4            R6_2.5.0              
[46] boot_1.3-28            nlme_3.1-152           compiler_4.1.0        
> q(save="no")
> proc.time()
     user    system   elapsed 
30356.409     4.006 30360.531 
