
R version 4.1.0 (2021-05-18) -- "Camp Pontanezen"
Copyright (C) 2021 The R Foundation for Statistical Computing
Platform: x86_64-pc-linux-gnu (64-bit)

R is free software and comes with ABSOLUTELY NO WARRANTY.
You are welcome to redistribute it under certain conditions.
Type 'license()' or 'licence()' for distribution details.

  Natural language support but running in an English locale

R is a collaborative project with many contributors.
Type 'contributors()' for more information and
'citation()' on how to cite R or R packages in publications.

Type 'demo()' for some demos, 'help()' for on-line help, or
'help.start()' for an HTML browser interface to help.
Type 'q()' to quit R.

> 
> library(Matrix)
> library(data.table)
> library(dplyr)

Attaching package: ‘dplyr’

The following objects are masked from ‘package:data.table’:

    between, first, last

The following objects are masked from ‘package:stats’:

    filter, lag

The following objects are masked from ‘package:base’:

    intersect, setdiff, setequal, union

> library(MAST)
Loading required package: SingleCellExperiment
Loading required package: SummarizedExperiment
Loading required package: MatrixGenerics
Loading required package: matrixStats

Attaching package: ‘matrixStats’

The following object is masked from ‘package:dplyr’:

    count


Attaching package: ‘MatrixGenerics’

The following objects are masked from ‘package:matrixStats’:

    colAlls, colAnyNAs, colAnys, colAvgsPerRowSet, colCollapse,
    colCounts, colCummaxs, colCummins, colCumprods, colCumsums,
    colDiffs, colIQRDiffs, colIQRs, colLogSumExps, colMadDiffs,
    colMads, colMaxs, colMeans2, colMedians, colMins, colOrderStats,
    colProds, colQuantiles, colRanges, colRanks, colSdDiffs, colSds,
    colSums2, colTabulates, colVarDiffs, colVars, colWeightedMads,
    colWeightedMeans, colWeightedMedians, colWeightedSds,
    colWeightedVars, rowAlls, rowAnyNAs, rowAnys, rowAvgsPerColSet,
    rowCollapse, rowCounts, rowCummaxs, rowCummins, rowCumprods,
    rowCumsums, rowDiffs, rowIQRDiffs, rowIQRs, rowLogSumExps,
    rowMadDiffs, rowMads, rowMaxs, rowMeans2, rowMedians, rowMins,
    rowOrderStats, rowProds, rowQuantiles, rowRanges, rowRanks,
    rowSdDiffs, rowSds, rowSums2, rowTabulates, rowVarDiffs, rowVars,
    rowWeightedMads, rowWeightedMeans, rowWeightedMedians,
    rowWeightedSds, rowWeightedVars

Loading required package: GenomicRanges
Loading required package: stats4
Loading required package: BiocGenerics
Loading required package: parallel

Attaching package: ‘BiocGenerics’

The following objects are masked from ‘package:parallel’:

    clusterApply, clusterApplyLB, clusterCall, clusterEvalQ,
    clusterExport, clusterMap, parApply, parCapply, parLapply,
    parLapplyLB, parRapply, parSapply, parSapplyLB

The following objects are masked from ‘package:dplyr’:

    combine, intersect, setdiff, union

The following objects are masked from ‘package:stats’:

    IQR, mad, sd, var, xtabs

The following objects are masked from ‘package:base’:

    anyDuplicated, append, as.data.frame, basename, cbind, colnames,
    dirname, do.call, duplicated, eval, evalq, Filter, Find, get, grep,
    grepl, intersect, is.unsorted, lapply, Map, mapply, match, mget,
    order, paste, pmax, pmax.int, pmin, pmin.int, Position, rank,
    rbind, Reduce, rownames, sapply, setdiff, sort, table, tapply,
    union, unique, unsplit, which.max, which.min

Loading required package: S4Vectors

Attaching package: ‘S4Vectors’

The following objects are masked from ‘package:dplyr’:

    first, rename

The following objects are masked from ‘package:data.table’:

    first, second

The following objects are masked from ‘package:Matrix’:

    expand, unname

The following objects are masked from ‘package:base’:

    expand.grid, I, unname

Loading required package: IRanges

Attaching package: ‘IRanges’

The following objects are masked from ‘package:dplyr’:

    collapse, desc, slice

The following object is masked from ‘package:data.table’:

    shift

Loading required package: GenomeInfoDb
Loading required package: Biobase
Welcome to Bioconductor

    Vignettes contain introductory material; view with
    'browseVignettes()'. To cite Bioconductor, see
    'citation("Biobase")', and for packages 'citation("pkgname")'.


Attaching package: ‘Biobase’

The following object is masked from ‘package:MatrixGenerics’:

    rowMedians

The following objects are masked from ‘package:matrixStats’:

    anyMissing, rowMedians

> library(lme4)
> library(doParallel)
Loading required package: foreach
Loading required package: iterators
> library(foreach)
> library(doRNG)
Loading required package: rngtools
> 
> 
> data.dir = "data"
> 
> args=(commandArgs(TRUE))
> args
[1] "grp='PFC_IN-SST'"
> 
> if (length(args) != 1) {
+   message("one argument is expected, use 'PFC_L2_3' as default.\n")
+   grp = "PFC_L2_3"
+ }else{
+   eval(parse(text=args[[1]]))
+ }
> 
> grp
[1] "PFC_IN-SST"
> 
> # ------------------------------------------------------------------------
> # read in cell information
> # ------------------------------------------------------------------------
> 
> cell_info = fread(file.path(data.dir, "meta.tsv"))
> dim(cell_info)
[1] 104559     16
> cell_info[1:2,]
                           cell     cluster    sample individual region age sex
1: AAACCTGGTACGCACC-1_1823_BA24 Neu-NRGN-II 1823_BA24       1823    ACC  15   M
2: AAACGGGCACCAGATT-1_1823_BA24        L5/6 1823_BA24       1823    ACC  15   M
   diagnosis Capbatch Seqbatch post-mortem interval (hours)
1:   Control      CB8      SB3                           18
2:   Control      CB8      SB3                           18
   RNA Integrity Number genes  UMIs RNA mitochondr. percent
1:                    7   622   774               2.4547804
2:                    7  6926 24042               0.4450545
   RNA ribosomal percent
1:             1.4211886
2:             0.4284169
> 
> table(cell_info$region)

  ACC   PFC 
42393 62166 
> 
> cell_info = cell_info[which(cell_info$region=="PFC"),]
> 
> sort(table(paste(cell_info$diagnosis, cell_info$sample, sep=":")))

         ASD:5978_BA9      Control:5976_BA9          ASD:5403_PFC 
                  926                  1054                  1112 
Control:5879_PFC_Nova          ASD:6033_BA9          ASD:5419_PFC 
                 1850                  1970                  1972 
Control:5936_PFC_Nova          ASD:5144_PFC      Control:5958_BA9 
                 2033                  2047                  2083 
         ASD:5864_BA9 Control:5408_PFC_Nova          ASD:5565_BA9 
                 2148                  2255                  2319 
         ASD:5945_PFC          ASD:5294_BA9          ASD:5278_PFC 
                 2522                  2568                  2819 
Control:5538_PFC_Nova          ASD:5531_BA9          ASD:5939_BA9 
                 3034                  3054                  3085 
     Control:5893_PFC     Control:4341_BA46      Control:5577_BA9 
                 3317                  3849                  4131 
         ASD:5841_BA9      Control:5387_BA9 
                 5477                  6541 
> 
> # ------------------------------------------------------------------------
> # read in count data of one region and one cluster
> # ------------------------------------------------------------------------
> 
> dat1 = readRDS(file.path(data.dir, sprintf("ct_mtx/%s.rds", grp)))
> dim(dat1)
[1] 18041  2729
> class(dat1)
[1] "dgCMatrix"
attr(,"package")
[1] "Matrix"
> 
> # ------------------------------------------------------------------------
> # subset cell information
> # ------------------------------------------------------------------------
> 
> table(colnames(dat1) %in% cell_info$cell)

TRUE 
2729 
> meta = cell_info[match(colnames(dat1), cell_info$cell),]
> dim(meta)
[1] 2729   16
> meta[1:2,]
                           cell cluster    sample individual region age sex
1: AAAGCAAGTGGTAACG-1_4341_BA46  IN-SST 4341_BA46       4341    PFC  13   M
2: AACACGTAGGCTCAGA-1_4341_BA46  IN-SST 4341_BA46       4341    PFC  13   M
   diagnosis Capbatch Seqbatch post-mortem interval (hours)
1:   Control      CB6      SB2                           16
2:   Control      CB6      SB2                           16
   RNA Integrity Number genes UMIs RNA mitochondr. percent
1:                  7.2  2232 4179               1.3400335
2:                  7.2  2831 6386               0.2035703
   RNA ribosomal percent
1:             0.8853793
2:             0.5793924
> 
> summary(meta$UMIs/meta$genes)
   Min. 1st Qu.  Median    Mean 3rd Qu.    Max. 
  1.179   1.674   1.922   1.946   2.172   3.748 
> 
> # check each individual has a unique sample
> table(tapply(meta$sample, meta$individual, function(v){length(unique(v))}))

 1 
23 
> 
> # check each individual has a unique Capbatch
> table(tapply(meta$Capbatch, meta$individual, function(v){length(unique(v))}))

 1 
23 
> 
> table(meta$cluster)

IN-SST 
  2729 
> table(meta$region)

 PFC 
2729 
> 
> sort(table(paste(meta$diagnosis, meta$sample, sep=":")))

         ASD:6033_BA9          ASD:5978_BA9          ASD:5403_PFC 
                   30                    49                    51 
         ASD:5945_PFC          ASD:5419_PFC Control:5936_PFC_Nova 
                   68                    78                    81 
     Control:5976_BA9          ASD:5294_BA9      Control:5893_PFC 
                   86                    90                   102 
         ASD:5864_BA9 Control:5408_PFC_Nova Control:5879_PFC_Nova 
                  108                   108                   108 
Control:5538_PFC_Nova          ASD:5939_BA9          ASD:5565_BA9 
                  110                   112                   125 
         ASD:5144_PFC          ASD:5278_PFC      Control:5958_BA9 
                  132                   132                   135 
         ASD:5531_BA9      Control:5577_BA9     Control:4341_BA46 
                  142                   152                   178 
         ASD:5841_BA9      Control:5387_BA9 
                  198                   354 
> 
> 
> # ------------------------------------------------------------------------
> # run MAST
> # ------------------------------------------------------------------------
> 
> rds = colSums(dat1)
> med_rds = median(rds)
> summary(rds)
   Min. 1st Qu.  Median    Mean 3rd Qu.    Max. 
    603    2495    4475    5244    6937   29932 
> med_rds
[1] 4475
> 
> dim(dat1)
[1] 18041  2729
> dat1[1:3,1:6]
3 x 6 sparse Matrix of class "dgCMatrix"
        AAAGCAAGTGGTAACG-1_4341_BA46 AACACGTAGGCTCAGA-1_4341_BA46
DNAJC11                            .                            2
NADK                               .                            1
MASP2                              .                            1
        AACACGTAGTAGGTGC-1_4341_BA46 AACCATGAGTGGTAAT-1_4341_BA46
DNAJC11                            .                            2
NADK                               .                            .
MASP2                              .                            1
        AACCGCGTCTGTACGA-1_4341_BA46 AACTCAGAGTGCCAGA-1_4341_BA46
DNAJC11                            .                            .
NADK                               .                            .
MASP2                              .                            .
> dat1 = t(t(dat1)/rds)*med_rds
> dim(dat1)
[1] 18041  2729
> dat1[1:3,1:6]
3 x 6 sparse Matrix of class "dgCMatrix"
        AAAGCAAGTGGTAACG-1_4341_BA46 AACACGTAGGCTCAGA-1_4341_BA46
DNAJC11                            .                    1.4174850
NADK                               .                    0.7087425
MASP2                              .                    0.7087425
        AACACGTAGTAGGTGC-1_4341_BA46 AACCATGAGTGGTAAT-1_4341_BA46
DNAJC11                            .                    1.1001844
NADK                               .                    .        
MASP2                              .                    0.5500922
        AACCGCGTCTGTACGA-1_4341_BA46 AACTCAGAGTGCCAGA-1_4341_BA46
DNAJC11                            .                            .
NADK                               .                            .
MASP2                              .                            .
> summary(colSums(dat1))
   Min. 1st Qu.  Median    Mean 3rd Qu.    Max. 
   4475    4475    4475    4475    4475    4475 
> 
> dat1_log = as.matrix(log2(1 + dat1)) #log transformed data
> 
> dim(dat1_log)
[1] 18041  2729
> dat1_log[1:3, 1:4]
        AAAGCAAGTGGTAACG-1_4341_BA46 AACACGTAGGCTCAGA-1_4341_BA46
DNAJC11                            0                     1.273507
NADK                               0                     0.772935
MASP2                              0                     0.772935
        AACACGTAGTAGGTGC-1_4341_BA46 AACCATGAGTGGTAAT-1_4341_BA46
DNAJC11                            0                     1.070516
NADK                               0                     0.000000
MASP2                              0                     0.632354
> cell_id = colnames(dat1_log)   # get the cell id from the data
> gene_id = rownames(dat1_log)   # get the gene id from the data
> 
> fData = data.frame(primerid = gene_id)
> cData = data.frame(wellKey  = cell_id)
> 
> # Cell info for meta
> cell_rd = colSums(dat1)
> CDR     = colSums(dat1 > 0) / nrow(dat1)
> 
> meta_ind = meta[, c("individual", "diagnosis")]
> meta_ind = unique(meta_ind)
> rownames(meta_ind) = meta_ind$individual
> 
> dim(meta)
[1] 2729   16
> meta[1:2,]
                           cell cluster    sample individual region age sex
1: AAAGCAAGTGGTAACG-1_4341_BA46  IN-SST 4341_BA46       4341    PFC  13   M
2: AACACGTAGGCTCAGA-1_4341_BA46  IN-SST 4341_BA46       4341    PFC  13   M
   diagnosis Capbatch Seqbatch post-mortem interval (hours)
1:   Control      CB6      SB2                           16
2:   Control      CB6      SB2                           16
   RNA Integrity Number genes UMIs RNA mitochondr. percent
1:                  7.2  2232 4179               1.3400335
2:                  7.2  2831 6386               0.2035703
   RNA ribosomal percent
1:             0.8853793
2:             0.5793924
> dim(meta_ind)
[1] 23  2
> meta_ind[1:2,]
   individual diagnosis
1:       4341   Control
2:       5144       ASD
> 
> gc()
           used  (Mb) gc trigger   (Mb)  max used   (Mb)
Ncells  6042814 322.8    9473505  506.0   7738029  413.3
Vcells 71004253 541.8  175713860 1340.6 172819716 1318.6
> sca = FromMatrix(dat1_log, cData, fData)
Assuming data assay in position 1, with name et is log-transformed.
> colData(sca)$cngeneson = as.numeric(CDR)
> colData(sca)$diagnosis = as.factor(meta$diagnosis)
> colData(sca)$ind = as.factor(meta$individual)
> colData(sca)$RIN = meta$'RNA Integrity Number'
> colData(sca)
DataFrame with 2729 rows and 5 columns
                                            wellKey cngeneson diagnosis
                                        <character> <numeric>  <factor>
AAAGCAAGTGGTAACG-1_4341_BA46 AAAGCAAGTGGTAACG-1_4.. 0.1216119   Control
AACACGTAGGCTCAGA-1_4341_BA46 AACACGTAGGCTCAGA-1_4.. 0.1538163   Control
AACACGTAGTAGGTGC-1_4341_BA46 AACACGTAGTAGGTGC-1_4.. 0.0692312   Control
AACCATGAGTGGTAAT-1_4341_BA46 AACCATGAGTGGTAAT-1_4.. 0.1953329   Control
AACCGCGTCTGTACGA-1_4341_BA46 AACCGCGTCTGTACGA-1_4.. 0.1194501   Control
...                                             ...       ...       ...
TAGGCATGTCACTTCC-1_6033_BA9  TAGGCATGTCACTTCC-1_6.. 0.0446760       ASD
TCAATCTGTTCCAACA-1_6033_BA9  TCAATCTGTTCCAACA-1_6.. 0.1084197       ASD
TCTCTAACATGGTAGG-1_6033_BA9  TCTCTAACATGGTAGG-1_6.. 0.1287068       ASD
TGTGTTTGTTTGTTGG-1_6033_BA9  TGTGTTTGTTTGTTGG-1_6.. 0.0482235       ASD
TTTCCTCCAAGCCGCT-1_6033_BA9  TTTCCTCCAAGCCGCT-1_6.. 0.1114683       ASD
                                  ind       RIN
                             <factor> <numeric>
AAAGCAAGTGGTAACG-1_4341_BA46     4341       7.2
AACACGTAGGCTCAGA-1_4341_BA46     4341       7.2
AACACGTAGTAGGTGC-1_4341_BA46     4341       7.2
AACCATGAGTGGTAAT-1_4341_BA46     4341       7.2
AACCGCGTCTGTACGA-1_4341_BA46     4341       7.2
...                               ...       ...
TAGGCATGTCACTTCC-1_6033_BA9      6033         8
TCAATCTGTTCCAACA-1_6033_BA9      6033         8
TCTCTAACATGGTAGG-1_6033_BA9      6033         8
TGTGTTTGTTTGTTGG-1_6033_BA9      6033         8
TTTCCTCCAAGCCGCT-1_6033_BA9      6033         8
> 
> #sca=sca[1:10,]
> 
> rm(dat1_log)
> gc()
           used  (Mb) gc trigger   (Mb)  max used   (Mb)
Ncells  6072879 324.4    9473505  506.0   7738029  413.3
Vcells 71070557 542.3  235065830 1793.5 195053302 1488.2
> 
> getOption("mc.cores")
NULL
> 
> date()
[1] "Sat Jun 12 01:19:12 2021"
> b0 = zlm(formula = ~ diagnosis + cngeneson + RIN, sca = sca, 
+          parallel = TRUE)

Done!
> date()
[1] "Sat Jun 12 01:23:28 2021"
> b1 = zlm(formula = ~ diagnosis + (1 | ind) + cngeneson + RIN, sca = sca, 
+          method = 'glmer', ebayes = FALSE, parallel = TRUE)
fixed-effect model matrix is rank deficient so dropping 1 column / coefficient
Error : number of levels of each grouping factor must be < number of observations (problems: ind)
In addition: There were 50 or more warnings (use warnings() to see the first 50)
Error : number of levels of each grouping factor must be < number of observations (problems: ind)
In addition: There were 24 warnings (use warnings() to see them)
Error : number of levels of each grouping factor must be < number of observations (problems: ind)
In addition: Warning messages:
1: In nobs.default(object, use.fallback = use.fallback) :
  no 'nobs' method is available
2: In checkConv(attr(opt, "derivs"), opt$par, ctrl = control$checkConv,  :
  Model failed to converge with max|grad| = 0.00320208 (tol = 0.002, component 1)
Error : number of levels of each grouping factor must be < number of observations (problems: ind)
In addition: There were 13 warnings (use warnings() to see them)
Error : number of levels of each grouping factor must be < number of observations (problems: ind)
In addition: Warning messages:
1: In nobs.default(object, use.fallback = use.fallback) :
  no 'nobs' method is available
2: In checkConv(attr(opt, "derivs"), opt$par, ctrl = control$checkConv,  :
  Model failed to converge with max|grad| = 0.00291631 (tol = 0.002, component 1)
3: In checkConv(attr(opt, "derivs"), opt$par, ctrl = control$checkConv,  :
  Model failed to converge with max|grad| = 0.00218928 (tol = 0.002, component 1)
4: In checkConv(attr(opt, "derivs"), opt$par, ctrl = control$checkConv,  :
  Model failed to converge with max|grad| = 0.00248114 (tol = 0.002, component 1)
5: In checkConv(attr(opt, "derivs"), opt$par, ctrl = control$checkConv,  :
  Model failed to converge with max|grad| = 0.00247343 (tol = 0.002, component 1)
6: In checkConv(attr(opt, "derivs"), opt$par, ctrl = control$checkConv,  :
  Model failed to converge with max|grad| = 0.0024357 (tol = 0.002, component 1)
7: In checkConv(attr(opt, "derivs"), opt$par, ctrl = control$checkConv,  :
  Model failed to converge with max|grad| = 0.00442282 (tol = 0.002, component 1)
Error : number of levels of each grouping factor must be < number of observations (problems: ind)
In addition: Warning messages:
1: In nobs.default(object, use.fallback = use.fallback) :
  no 'nobs' method is available
2: In checkConv(attr(opt, "derivs"), opt$par, ctrl = control$checkConv,  :
  Model failed to converge with max|grad| = 0.0350615 (tol = 0.002, component 1)
Error in (function (cl, name, valueClass)  : 
  assignment of an object of class “list” is not valid for @‘optimMsg’ in an object of class “LMERlike”; is(value, "character") is not TRUE
In addition: There were 37 warnings (use warnings() to see them)
Error : number of levels of each grouping factor must be < number of observations (problems: ind)
In addition: Warning message:
In nobs.default(object, use.fallback = use.fallback) :
  no 'nobs' method is available
Error : number of levels of each grouping factor must be < number of observations (problems: ind)
In addition: There were 30 warnings (use warnings() to see them)
Error : number of levels of each grouping factor must be < number of observations (problems: ind)
In addition: There were 45 warnings (use warnings() to see them)
fixed-effect model matrix is rank deficient so dropping 1 column / coefficient
fixed-effect model matrix is rank deficient so dropping 1 column / coefficient
Error : number of levels of each grouping factor must be < number of observations (problems: ind)
In addition: There were 29 warnings (use warnings() to see them)
Error : number of levels of each grouping factor must be < number of observations (problems: ind)
In addition: There were 17 warnings (use warnings() to see them)
Error in (function (cl, name, valueClass)  : 
  assignment of an object of class “list” is not valid for @‘optimMsg’ in an object of class “LMERlike”; is(value, "character") is not TRUE
In addition: There were 50 or more warnings (use warnings() to see the first 50)
Error : number of levels of each grouping factor must be < number of observations (problems: ind)
In addition: There were 16 warnings (use warnings() to see them)
fixed-effect model matrix is rank deficient so dropping 1 column / coefficient
Error : number of levels of each grouping factor must be < number of observations (problems: ind)
In addition: There were 37 warnings (use warnings() to see them)
Error : number of levels of each grouping factor must be < number of observations (problems: ind)
In addition: There were 21 warnings (use warnings() to see them)
Error : number of levels of each grouping factor must be < number of observations (problems: ind)
In addition: Warning messages:
1: In nobs.default(object, use.fallback = use.fallback) :
  no 'nobs' method is available
2: In checkConv(attr(opt, "derivs"), opt$par, ctrl = control$checkConv,  :
  Model failed to converge with max|grad| = 0.00227575 (tol = 0.002, component 1)
3: In checkConv(attr(opt, "derivs"), opt$par, ctrl = control$checkConv,  :
  Model failed to converge with max|grad| = 0.00251894 (tol = 0.002, component 1)
4: In checkConv(attr(opt, "derivs"), opt$par, ctrl = control$checkConv,  :
  Model failed to converge with max|grad| = 0.00231827 (tol = 0.002, component 1)
5: In checkConv(attr(opt, "derivs"), opt$par, ctrl = control$checkConv,  :
  Model failed to converge with max|grad| = 0.0137076 (tol = 0.002, component 1)
6: In checkConv(attr(opt, "derivs"), opt$par, ctrl = control$checkConv,  :
  Model failed to converge with max|grad| = 0.00200134 (tol = 0.002, component 1)
7: In checkConv(attr(opt, "derivs"), opt$par, ctrl = control$checkConv,  :
  Model failed to converge with max|grad| = 0.0020791 (tol = 0.002, component 1)
8: In checkConv(attr(opt, "derivs"), opt$par, ctrl = control$checkConv,  :
  Model failed to converge with max|grad| = 0.00394301 (tol = 0.002, component 1)
9: In checkConv(attr(opt, "derivs"), opt$par, ctrl = control$checkConv,  :
  Model failed to converge with max|grad| = 0.0023344 (tol = 0.002, component 1)
Error : number of levels of each grouping factor must be < number of observations (problems: ind)
In addition: There were 17 warnings (use warnings() to see them)
Error : number of levels of each grouping factor must be < number of observations (problems: ind)
In addition: There were 18 warnings (use warnings() to see them)
Error : number of levels of each grouping factor must be < number of observations (problems: ind)
In addition: Warning messages:
1: In nobs.default(object, use.fallback = use.fallback) :
  no 'nobs' method is available
2: In checkConv(attr(opt, "derivs"), opt$par, ctrl = control$checkConv,  :
  Model failed to converge with max|grad| = 0.00336598 (tol = 0.002, component 1)
3: In checkConv(attr(opt, "derivs"), opt$par, ctrl = control$checkConv,  :
  Model failed to converge with max|grad| = 0.00319458 (tol = 0.002, component 1)
Error : number of levels of each grouping factor must be < number of observations (problems: ind)
In addition: There were 17 warnings (use warnings() to see them)
Error : number of levels of each grouping factor must be < number of observations (problems: ind)
In addition: There were 13 warnings (use warnings() to see them)
Error : number of levels of each grouping factor must be < number of observations (problems: ind)
In addition: There were 12 warnings (use warnings() to see them)
fixed-effect model matrix is rank deficient so dropping 1 column / coefficient
Error : number of levels of each grouping factor must be < number of observations (problems: ind)
In addition: There were 50 or more warnings (use warnings() to see the first 50)
Error in (function (cl, name, valueClass)  : 
  assignment of an object of class “list” is not valid for @‘optimMsg’ in an object of class “LMERlike”; is(value, "character") is not TRUE
In addition: There were 50 or more warnings (use warnings() to see the first 50)
Error : number of levels of each grouping factor must be < number of observations (problems: ind)
In addition: Warning message:
In nobs.default(object, use.fallback = use.fallback) :
  no 'nobs' method is available
Error in (function (cl, name, valueClass)  : 
  assignment of an object of class “list” is not valid for @‘optimMsg’ in an object of class “LMERlike”; is(value, "character") is not TRUE
In addition: Warning messages:
1: In nobs.default(object, use.fallback = use.fallback) :
  no 'nobs' method is available
2: In checkConv(attr(opt, "derivs"), opt$par, ctrl = control$checkConv,  :
  Model failed to converge with max|grad| = 0.133237 (tol = 0.002, component 1)
3: In checkConv(attr(opt, "derivs"), opt$par, ctrl = control$checkConv,  :
  Model is nearly unidentifiable: very large eigenvalue
 - Rescale variables?
fixed-effect model matrix is rank deficient so dropping 1 column / coefficient
Error : grouping factors must have > 1 sampled level
In addition: There were 16 warnings (use warnings() to see them)
Error in (function (cl, name, valueClass)  : 
  assignment of an object of class “list” is not valid for @‘optimMsg’ in an object of class “LMERlike”; is(value, "character") is not TRUE
In addition: There were 13 warnings (use warnings() to see them)
Error in (function (cl, name, valueClass)  : 
  assignment of an object of class “list” is not valid for @‘optimMsg’ in an object of class “LMERlike”; is(value, "character") is not TRUE
In addition: There were 50 or more warnings (use warnings() to see the first 50)
fixed-effect model matrix is rank deficient so dropping 1 column / coefficient
fixed-effect model matrix is rank deficient so dropping 1 column / coefficient
Error in (function (cl, name, valueClass)  : 
  assignment of an object of class “list” is not valid for @‘optimMsg’ in an object of class “LMERlike”; is(value, "character") is not TRUE
In addition: There were 20 warnings (use warnings() to see them)
Error : number of levels of each grouping factor must be < number of observations (problems: ind)
In addition: Warning messages:
1: In nobs.default(object, use.fallback = use.fallback) :
  no 'nobs' method is available
2: In checkConv(attr(opt, "derivs"), opt$par, ctrl = control$checkConv,  :
  Model failed to converge with max|grad| = 0.00292827 (tol = 0.002, component 1)
3: In checkConv(attr(opt, "derivs"), opt$par, ctrl = control$checkConv,  :
  Model failed to converge with max|grad| = 0.00209959 (tol = 0.002, component 1)
4: In checkConv(attr(opt, "derivs"), opt$par, ctrl = control$checkConv,  :
  Model failed to converge with max|grad| = 0.00312805 (tol = 0.002, component 1)
5: In checkConv(attr(opt, "derivs"), opt$par, ctrl = control$checkConv,  :
  Model failed to converge with max|grad| = 0.00389992 (tol = 0.002, component 1)
6: In checkConv(attr(opt, "derivs"), opt$par, ctrl = control$checkConv,  :
  Model failed to converge with max|grad| = 0.00219316 (tol = 0.002, component 1)
Error in (function (cl, name, valueClass)  : 
  assignment of an object of class “list” is not valid for @‘optimMsg’ in an object of class “LMERlike”; is(value, "character") is not TRUE
In addition: Warning messages:
1: In nobs.default(object, use.fallback = use.fallback) :
  no 'nobs' method is available
2: In checkConv(attr(opt, "derivs"), opt$par, ctrl = control$checkConv,  :
  Model failed to converge with max|grad| = 0.0358413 (tol = 0.002, component 1)
3: In checkConv(attr(opt, "derivs"), opt$par, ctrl = control$checkConv,  :
  Model failed to converge with max|grad| = 0.21228 (tol = 0.002, component 1)
4: In checkConv(attr(opt, "derivs"), opt$par, ctrl = control$checkConv,  :
  Model is nearly unidentifiable: very large eigenvalue
 - Rescale variables?
Error : number of levels of each grouping factor must be < number of observations (problems: ind)
In addition: There were 14 warnings (use warnings() to see them)
Error in (function (cl, name, valueClass)  : 
  assignment of an object of class “list” is not valid for @‘optimMsg’ in an object of class “LMERlike”; is(value, "character") is not TRUE
In addition: There were 11 warnings (use warnings() to see them)
Error in (function (cl, name, valueClass)  : 
  assignment of an object of class “list” is not valid for @‘optimMsg’ in an object of class “LMERlike”; is(value, "character") is not TRUE
In addition: There were 26 warnings (use warnings() to see them)
Error : number of levels of each grouping factor must be < number of observations (problems: ind)
In addition: There were 26 warnings (use warnings() to see them)
Error : number of levels of each grouping factor must be < number of observations (problems: ind)
In addition: Warning messages:
1: In nobs.default(object, use.fallback = use.fallback) :
  no 'nobs' method is available
2: In checkConv(attr(opt, "derivs"), opt$par, ctrl = control$checkConv,  :
  Model failed to converge with max|grad| = 0.00232878 (tol = 0.002, component 1)
3: In checkConv(attr(opt, "derivs"), opt$par, ctrl = control$checkConv,  :
  Model failed to converge with max|grad| = 0.00228809 (tol = 0.002, component 1)
fixed-effect model matrix is rank deficient so dropping 1 column / coefficient
Error : number of levels of each grouping factor must be < number of observations (problems: ind)
In addition: There were 15 warnings (use warnings() to see them)
Error in (function (cl, name, valueClass)  : 
  assignment of an object of class “list” is not valid for @‘optimMsg’ in an object of class “LMERlike”; is(value, "character") is not TRUE
In addition: There were 50 or more warnings (use warnings() to see the first 50)
Error : number of levels of each grouping factor must be < number of observations (problems: ind)
In addition: Warning messages:
1: In nobs.default(object, use.fallback = use.fallback) :
  no 'nobs' method is available
2: In checkConv(attr(opt, "derivs"), opt$par, ctrl = control$checkConv,  :
  Model failed to converge with max|grad| = 0.00240876 (tol = 0.002, component 1)
3: In checkConv(attr(opt, "derivs"), opt$par, ctrl = control$checkConv,  :
  Model failed to converge with max|grad| = 0.00404267 (tol = 0.002, component 1)
4: In checkConv(attr(opt, "derivs"), opt$par, ctrl = control$checkConv,  :
  Model failed to converge with max|grad| = 0.00353168 (tol = 0.002, component 1)
5: In checkConv(attr(opt, "derivs"), opt$par, ctrl = control$checkConv,  :
  Model failed to converge with max|grad| = 0.00220326 (tol = 0.002, component 1)
6: In checkConv(attr(opt, "derivs"), opt$par, ctrl = control$checkConv,  :
  Model failed to converge with max|grad| = 0.0255599 (tol = 0.002, component 1)
Error in (function (cl, name, valueClass)  : 
  assignment of an object of class “list” is not valid for @‘optimMsg’ in an object of class “LMERlike”; is(value, "character") is not TRUE
In addition: There were 25 warnings (use warnings() to see them)
fixed-effect model matrix is rank deficient so dropping 1 column / coefficient
Error in (function (cl, name, valueClass)  : 
  assignment of an object of class “list” is not valid for @‘optimMsg’ in an object of class “LMERlike”; is(value, "character") is not TRUE
In addition: Warning messages:
1: In nobs.default(object, use.fallback = use.fallback) :
  no 'nobs' method is available
2: In checkConv(attr(opt, "derivs"), opt$par, ctrl = control$checkConv,  :
  Model failed to converge with max|grad| = 0.00324179 (tol = 0.002, component 1)
3: In checkConv(attr(opt, "derivs"), opt$par, ctrl = control$checkConv,  :
  Model failed to converge with max|grad| = 0.00418221 (tol = 0.002, component 1)
4: In checkConv(attr(opt, "derivs"), opt$par, ctrl = control$checkConv,  :
  Model failed to converge with max|grad| = 0.0590803 (tol = 0.002, component 1)
5: In checkConv(attr(opt, "derivs"), opt$par, ctrl = control$checkConv,  :
  Model is nearly unidentifiable: very large eigenvalue
 - Rescale variables?
Error : number of levels of each grouping factor must be < number of observations (problems: ind)
In addition: There were 44 warnings (use warnings() to see them)
Error : number of levels of each grouping factor must be < number of observations (problems: ind)
In addition: Warning message:
In nobs.default(object, use.fallback = use.fallback) :
  no 'nobs' method is available
Error in (function (cl, name, valueClass)  : 
  assignment of an object of class “list” is not valid for @‘optimMsg’ in an object of class “LMERlike”; is(value, "character") is not TRUE
In addition: Warning messages:
1: In nobs.default(object, use.fallback = use.fallback) :
  no 'nobs' method is available
2: In checkConv(attr(opt, "derivs"), opt$par, ctrl = control$checkConv,  :
  Model failed to converge with max|grad| = 0.0312286 (tol = 0.002, component 1)
3: In checkConv(attr(opt, "derivs"), opt$par, ctrl = control$checkConv,  :
  Model failed to converge with max|grad| = 0.00215047 (tol = 0.002, component 1)
4: In checkConv(attr(opt, "derivs"), opt$par, ctrl = control$checkConv,  :
  Model failed to converge with max|grad| = 0.00942069 (tol = 0.002, component 1)
5: In checkConv(attr(opt, "derivs"), opt$par, ctrl = control$checkConv,  :
  Model is nearly unidentifiable: very large eigenvalue
 - Rescale variables?
Error : number of levels of each grouping factor must be < number of observations (problems: ind)
In addition: There were 21 warnings (use warnings() to see them)
Error : number of levels of each grouping factor must be < number of observations (problems: ind)
In addition: There were 40 warnings (use warnings() to see them)
Error : number of levels of each grouping factor must be < number of observations (problems: ind)
In addition: There were 27 warnings (use warnings() to see them)
Error in (function (cl, name, valueClass)  : 
  assignment of an object of class “list” is not valid for @‘optimMsg’ in an object of class “LMERlike”; is(value, "character") is not TRUE
In addition: There were 11 warnings (use warnings() to see them)
fixed-effect model matrix is rank deficient so dropping 1 column / coefficient
Error in (function (cl, name, valueClass)  : 
  assignment of an object of class “list” is not valid for @‘optimMsg’ in an object of class “LMERlike”; is(value, "character") is not TRUE
In addition: There were 20 warnings (use warnings() to see them)
Error in (function (cl, name, valueClass)  : 
  assignment of an object of class “list” is not valid for @‘optimMsg’ in an object of class “LMERlike”; is(value, "character") is not TRUE
In addition: Warning messages:
1: In nobs.default(object, use.fallback = use.fallback) :
  no 'nobs' method is available
2: In checkConv(attr(opt, "derivs"), opt$par, ctrl = control$checkConv,  :
  Model failed to converge with max|grad| = 0.00207406 (tol = 0.002, component 1)
3: In checkConv(attr(opt, "derivs"), opt$par, ctrl = control$checkConv,  :
  Model is nearly unidentifiable: very large eigenvalue
 - Rescale variables?
Error in (function (cl, name, valueClass)  : 
  assignment of an object of class “list” is not valid for @‘optimMsg’ in an object of class “LMERlike”; is(value, "character") is not TRUE
In addition: Warning messages:
1: In nobs.default(object, use.fallback = use.fallback) :
  no 'nobs' method is available
2: In checkConv(attr(opt, "derivs"), opt$par, ctrl = control$checkConv,  :
  Model failed to converge with max|grad| = 0.00466676 (tol = 0.002, component 1)
3: In checkConv(attr(opt, "derivs"), opt$par, ctrl = control$checkConv,  :
  Model failed to converge with max|grad| = 0.00443278 (tol = 0.002, component 1)
4: In checkConv(attr(opt, "derivs"), opt$par, ctrl = control$checkConv,  :
  Model failed to converge with max|grad| = 0.00221715 (tol = 0.002, component 1)
5: In checkConv(attr(opt, "derivs"), opt$par, ctrl = control$checkConv,  :
  Model failed to converge with max|grad| = 0.00228823 (tol = 0.002, component 1)
6: In checkConv(attr(opt, "derivs"), opt$par, ctrl = control$checkConv,  :
  Model failed to converge with max|grad| = 0.00217481 (tol = 0.002, component 1)
7: In checkConv(attr(opt, "derivs"), opt$par, ctrl = control$checkConv,  :
  unable to evaluate scaled gradient
8: In checkConv(attr(opt, "derivs"), opt$par, ctrl = control$checkConv,  :
  Model failed to converge: degenerate  Hessian with 1 negative eigenvalues
9: In checkConv(attr(opt, "derivs"), opt$par, ctrl = control$checkConv,  :
  Model failed to converge with max|grad| = 0.00750665 (tol = 0.002, component 1)
10: In checkConv(attr(opt, "derivs"), opt$par, ctrl = control$checkConv,  :
  Model is nearly unidentifiable: very large eigenvalue
 - Rescale variables?
Error : number of levels of each grouping factor must be < number of observations (problems: ind)
In addition: Warning messages:
1: In nobs.default(object, use.fallback = use.fallback) :
  no 'nobs' method is available
2: In checkConv(attr(opt, "derivs"), opt$par, ctrl = control$checkConv,  :
  Model failed to converge with max|grad| = 0.00452927 (tol = 0.002, component 1)
3: In checkConv(attr(opt, "derivs"), opt$par, ctrl = control$checkConv,  :
  Model failed to converge with max|grad| = 0.00272532 (tol = 0.002, component 1)
4: In checkConv(attr(opt, "derivs"), opt$par, ctrl = control$checkConv,  :
  Model failed to converge with max|grad| = 0.00297546 (tol = 0.002, component 1)
Error : number of levels of each grouping factor must be < number of observations (problems: ind)
In addition: There were 17 warnings (use warnings() to see them)
Error in eval_f(x, ...) : Downdated VtV is not positive definite
In addition: There were 50 or more warnings (use warnings() to see the first 50)

Done!
There were 27 warnings (use warnings() to see them)
> date()
[1] "Sat Jun 12 05:38:43 2021"
> 
> b0
Fitted zlm on 18041 genes and 2729 cells.
 Using BayesGLMlike ~ diagnosis + cngeneson + RIN 
> b1
Fitted zlm on 18041 genes and 2729 cells.
 Using LMERlike ~ diagnosis + (1 | ind) + cngeneson + RIN 
> 
> date()
[1] "Sat Jun 12 05:38:43 2021"
> lrt0 = lrTest(b0, "diagnosis")
Refitting on reduced model...

Done!
> date()
[1] "Sat Jun 12 05:42:57 2021"
> lrt1 = lrTest(b1, "diagnosis")
Refitting on reduced model...
Error : number of levels of each grouping factor must be < number of observations (problems: ind)
In addition: There were 50 or more warnings (use warnings() to see the first 50)
Error : number of levels of each grouping factor must be < number of observations (problems: ind)
In addition: There were 22 warnings (use warnings() to see them)
Error : number of levels of each grouping factor must be < number of observations (problems: ind)
In addition: Warning messages:
1: In nobs.default(object, use.fallback = use.fallback) :
  no 'nobs' method is available
2: In checkConv(attr(opt, "derivs"), opt$par, ctrl = control$checkConv,  :
  Model failed to converge with max|grad| = 0.00268024 (tol = 0.002, component 1)
3: In checkConv(attr(opt, "derivs"), opt$par, ctrl = control$checkConv,  :
  Model failed to converge with max|grad| = 0.02438 (tol = 0.002, component 1)
Error : number of levels of each grouping factor must be < number of observations (problems: ind)
In addition: Warning messages:
1: In nobs.default(object, use.fallback = use.fallback) :
  no 'nobs' method is available
2: In checkConv(attr(opt, "derivs"), opt$par, ctrl = control$checkConv,  :
  Model failed to converge with max|grad| = 0.0220382 (tol = 0.002, component 1)
3: In checkConv(attr(opt, "derivs"), opt$par, ctrl = control$checkConv,  :
  Model failed to converge with max|grad| = 0.00221704 (tol = 0.002, component 1)
4: In checkConv(attr(opt, "derivs"), opt$par, ctrl = control$checkConv,  :
  Model failed to converge with max|grad| = 0.0036134 (tol = 0.002, component 1)
5: In checkConv(attr(opt, "derivs"), opt$par, ctrl = control$checkConv,  :
  Model failed to converge with max|grad| = 0.00229482 (tol = 0.002, component 1)
6: In checkConv(attr(opt, "derivs"), opt$par, ctrl = control$checkConv,  :
  Model failed to converge with max|grad| = 0.00281437 (tol = 0.002, component 1)
7: In checkConv(attr(opt, "derivs"), opt$par, ctrl = control$checkConv,  :
  Model failed to converge with max|grad| = 0.00290984 (tol = 0.002, component 1)
Error : number of levels of each grouping factor must be < number of observations (problems: ind)
In addition: Warning messages:
1: In nobs.default(object, use.fallback = use.fallback) :
  no 'nobs' method is available
2: In checkConv(attr(opt, "derivs"), opt$par, ctrl = control$checkConv,  :
  Model failed to converge with max|grad| = 0.00260114 (tol = 0.002, component 1)
3: In checkConv(attr(opt, "derivs"), opt$par, ctrl = control$checkConv,  :
  Model failed to converge with max|grad| = 0.00250322 (tol = 0.002, component 1)
Error : number of levels of each grouping factor must be < number of observations (problems: ind)
In addition: Warning message:
In nobs.default(object, use.fallback = use.fallback) :
  no 'nobs' method is available
Error in (function (cl, name, valueClass)  : 
  assignment of an object of class “list” is not valid for @‘optimMsg’ in an object of class “LMERlike”; is(value, "character") is not TRUE
In addition: There were 24 warnings (use warnings() to see them)
Error : number of levels of each grouping factor must be < number of observations (problems: ind)
In addition: Warning messages:
1: In nobs.default(object, use.fallback = use.fallback) :
  no 'nobs' method is available
2: In checkConv(attr(opt, "derivs"), opt$par, ctrl = control$checkConv,  :
  Model failed to converge with max|grad| = 0.00266708 (tol = 0.002, component 1)
3: In checkConv(attr(opt, "derivs"), opt$par, ctrl = control$checkConv,  :
  Model failed to converge with max|grad| = 0.00233204 (tol = 0.002, component 1)
Error : number of levels of each grouping factor must be < number of observations (problems: ind)
In addition: There were 20 warnings (use warnings() to see them)
Error : number of levels of each grouping factor must be < number of observations (problems: ind)
In addition: There were 31 warnings (use warnings() to see them)
Error : number of levels of each grouping factor must be < number of observations (problems: ind)
In addition: There were 18 warnings (use warnings() to see them)
Error : number of levels of each grouping factor must be < number of observations (problems: ind)
In addition: There were 13 warnings (use warnings() to see them)
Error in (function (cl, name, valueClass)  : 
  assignment of an object of class “list” is not valid for @‘optimMsg’ in an object of class “LMERlike”; is(value, "character") is not TRUE
In addition: There were 16 warnings (use warnings() to see them)
Error in (function (cl, name, valueClass)  : 
  assignment of an object of class “list” is not valid for @‘optimMsg’ in an object of class “LMERlike”; is(value, "character") is not TRUE
In addition: There were 21 warnings (use warnings() to see them)
Error : number of levels of each grouping factor must be < number of observations (problems: ind)
In addition: Warning messages:
1: In nobs.default(object, use.fallback = use.fallback) :
  no 'nobs' method is available
2: In checkConv(attr(opt, "derivs"), opt$par, ctrl = control$checkConv,  :
  Model failed to converge with max|grad| = 0.00217087 (tol = 0.002, component 1)
3: In checkConv(attr(opt, "derivs"), opt$par, ctrl = control$checkConv,  :
  Model failed to converge with max|grad| = 0.0199565 (tol = 0.002, component 1)
4: In checkConv(attr(opt, "derivs"), opt$par, ctrl = control$checkConv,  :
  Model failed to converge with max|grad| = 0.0848242 (tol = 0.002, component 1)
5: In checkConv(attr(opt, "derivs"), opt$par, ctrl = control$checkConv,  :
  Model failed to converge with max|grad| = 0.00218685 (tol = 0.002, component 1)
6: In checkConv(attr(opt, "derivs"), opt$par, ctrl = control$checkConv,  :
  Model failed to converge with max|grad| = 0.00261325 (tol = 0.002, component 1)
7: In checkConv(attr(opt, "derivs"), opt$par, ctrl = control$checkConv,  :
  Model failed to converge with max|grad| = 0.00205943 (tol = 0.002, component 1)
8: In checkConv(attr(opt, "derivs"), opt$par, ctrl = control$checkConv,  :
  Model failed to converge with max|grad| = 0.0847779 (tol = 0.002, component 1)
9: In checkConv(attr(opt, "derivs"), opt$par, ctrl = control$checkConv,  :
  Model is nearly unidentifiable: large eigenvalue ratio
 - Rescale variables?
Error : number of levels of each grouping factor must be < number of observations (problems: ind)
In addition: There were 33 warnings (use warnings() to see them)
Error : number of levels of each grouping factor must be < number of observations (problems: ind)
In addition: There were 16 warnings (use warnings() to see them)
Error : number of levels of each grouping factor must be < number of observations (problems: ind)
In addition: Warning messages:
1: In nobs.default(object, use.fallback = use.fallback) :
  no 'nobs' method is available
2: In checkConv(attr(opt, "derivs"), opt$par, ctrl = control$checkConv,  :
  unable to evaluate scaled gradient
3: In checkConv(attr(opt, "derivs"), opt$par, ctrl = control$checkConv,  :
  Model failed to converge: degenerate  Hessian with 1 negative eigenvalues
4: In checkConv(attr(opt, "derivs"), opt$par, ctrl = control$checkConv,  :
  Model failed to converge with max|grad| = 0.00252661 (tol = 0.002, component 1)
5: In checkConv(attr(opt, "derivs"), opt$par, ctrl = control$checkConv,  :
  Model failed to converge with max|grad| = 0.00232834 (tol = 0.002, component 1)
6: In checkConv(attr(opt, "derivs"), opt$par, ctrl = control$checkConv,  :
  Model failed to converge with max|grad| = 0.00266193 (tol = 0.002, component 1)
7: In checkConv(attr(opt, "derivs"), opt$par, ctrl = control$checkConv,  :
  Model failed to converge with max|grad| = 0.0024409 (tol = 0.002, component 1)
8: In checkConv(attr(opt, "derivs"), opt$par, ctrl = control$checkConv,  :
  Model failed to converge with max|grad| = 0.00200593 (tol = 0.002, component 1)
9: In checkConv(attr(opt, "derivs"), opt$par, ctrl = control$checkConv,  :
  Model failed to converge with max|grad| = 0.0321771 (tol = 0.002, component 1)
Error : number of levels of each grouping factor must be < number of observations (problems: ind)
In addition: There were 15 warnings (use warnings() to see them)
Error : number of levels of each grouping factor must be < number of observations (problems: ind)
In addition: There were 15 warnings (use warnings() to see them)
Error : number of levels of each grouping factor must be < number of observations (problems: ind)
In addition: Warning messages:
1: In nobs.default(object, use.fallback = use.fallback) :
  no 'nobs' method is available
2: In checkConv(attr(opt, "derivs"), opt$par, ctrl = control$checkConv,  :
  Model failed to converge with max|grad| = 0.00241379 (tol = 0.002, component 1)
3: In checkConv(attr(opt, "derivs"), opt$par, ctrl = control$checkConv,  :
  Model failed to converge with max|grad| = 0.0135128 (tol = 0.002, component 1)
4: In checkConv(attr(opt, "derivs"), opt$par, ctrl = control$checkConv,  :
  Model failed to converge with max|grad| = 0.00205581 (tol = 0.002, component 1)
5: In checkConv(attr(opt, "derivs"), opt$par, ctrl = control$checkConv,  :
  Model failed to converge with max|grad| = 0.00205117 (tol = 0.002, component 1)
6: In checkConv(attr(opt, "derivs"), opt$par, ctrl = control$checkConv,  :
  Model failed to converge with max|grad| = 0.00208616 (tol = 0.002, component 1)
Error in (function (cl, name, valueClass)  : 
  assignment of an object of class “list” is not valid for @‘optimMsg’ in an object of class “LMERlike”; is(value, "character") is not TRUE
In addition: Warning messages:
1: In nobs.default(object, use.fallback = use.fallback) :
  no 'nobs' method is available
2: In checkConv(attr(opt, "derivs"), opt$par, ctrl = control$checkConv,  :
  Model failed to converge with max|grad| = 0.01773 (tol = 0.002, component 1)
3: In checkConv(attr(opt, "derivs"), opt$par, ctrl = control$checkConv,  :
  Model failed to converge with max|grad| = 0.0720306 (tol = 0.002, component 1)
4: In checkConv(attr(opt, "derivs"), opt$par, ctrl = control$checkConv,  :
  Model is nearly unidentifiable: very large eigenvalue
 - Rescale variables?
Error : number of levels of each grouping factor must be < number of observations (problems: ind)
In addition: Warning messages:
1: In nobs.default(object, use.fallback = use.fallback) :
  no 'nobs' method is available
2: In checkConv(attr(opt, "derivs"), opt$par, ctrl = control$checkConv,  :
  Model failed to converge with max|grad| = 0.00268776 (tol = 0.002, component 1)
3: In checkConv(attr(opt, "derivs"), opt$par, ctrl = control$checkConv,  :
  Model failed to converge with max|grad| = 0.0357951 (tol = 0.002, component 1)
4: In checkConv(attr(opt, "derivs"), opt$par, ctrl = control$checkConv,  :
  Model failed to converge with max|grad| = 0.00455066 (tol = 0.002, component 1)
5: In checkConv(attr(opt, "derivs"), opt$par, ctrl = control$checkConv,  :
  Model failed to converge with max|grad| = 0.00212646 (tol = 0.002, component 1)
6: In checkConv(attr(opt, "derivs"), opt$par, ctrl = control$checkConv,  :
  Model failed to converge with max|grad| = 0.00378245 (tol = 0.002, component 1)
7: In checkConv(attr(opt, "derivs"), opt$par, ctrl = control$checkConv,  :
  Model failed to converge with max|grad| = 0.00460844 (tol = 0.002, component 1)
8: In checkConv(attr(opt, "derivs"), opt$par, ctrl = control$checkConv,  :
  Model failed to converge with max|grad| = 0.00351524 (tol = 0.002, component 1)
9: In checkConv(attr(opt, "derivs"), opt$par, ctrl = control$checkConv,  :
  Model failed to converge with max|grad| = 0.00226516 (tol = 0.002, component 1)
10: In checkConv(attr(opt, "derivs"), opt$par, ctrl = control$checkConv,  :
  Model failed to converge with max|grad| = 0.0251782 (tol = 0.002, component 1)
Error : number of levels of each grouping factor must be < number of observations (problems: ind)
In addition: Warning messages:
1: In nobs.default(object, use.fallback = use.fallback) :
  no 'nobs' method is available
2: In checkConv(attr(opt, "derivs"), opt$par, ctrl = control$checkConv,  :
  Model failed to converge with max|grad| = 0.0353492 (tol = 0.002, component 1)
3: In checkConv(attr(opt, "derivs"), opt$par, ctrl = control$checkConv,  :
  Model failed to converge with max|grad| = 0.00296589 (tol = 0.002, component 1)
4: In checkConv(attr(opt, "derivs"), opt$par, ctrl = control$checkConv,  :
  Model failed to converge with max|grad| = 0.00274261 (tol = 0.002, component 1)
5: In checkConv(attr(opt, "derivs"), opt$par, ctrl = control$checkConv,  :
  Model failed to converge with max|grad| = 0.0021857 (tol = 0.002, component 1)
6: In checkConv(attr(opt, "derivs"), opt$par, ctrl = control$checkConv,  :
  Model failed to converge with max|grad| = 0.00262492 (tol = 0.002, component 1)
7: In checkConv(attr(opt, "derivs"), opt$par, ctrl = control$checkConv,  :
  Model failed to converge with max|grad| = 0.00457472 (tol = 0.002, component 1)
8: In checkConv(attr(opt, "derivs"), opt$par, ctrl = control$checkConv,  :
  Model failed to converge with max|grad| = 0.0256884 (tol = 0.002, component 1)
9: In checkConv(attr(opt, "derivs"), opt$par, ctrl = control$checkConv,  :
  Model failed to converge with max|grad| = 0.00292801 (tol = 0.002, component 1)
10: In checkConv(attr(opt, "derivs"), opt$par, ctrl = control$checkConv,  :
  Model failed to converge with max|grad| = 0.0299866 (tol = 0.002, component 1)
Error : number of levels of each grouping factor must be < number of observations (problems: ind)
In addition: Warning messages:
1: In nobs.default(object, use.fallback = use.fallback) :
  no 'nobs' method is available
2: In checkConv(attr(opt, "derivs"), opt$par, ctrl = control$checkConv,  :
  Model failed to converge with max|grad| = 0.00274983 (tol = 0.002, component 1)
3: In checkConv(attr(opt, "derivs"), opt$par, ctrl = control$checkConv,  :
  Model failed to converge with max|grad| = 0.0268447 (tol = 0.002, component 1)
4: In checkConv(attr(opt, "derivs"), opt$par, ctrl = control$checkConv,  :
  Model failed to converge with max|grad| = 0.0021223 (tol = 0.002, component 1)
5: In checkConv(attr(opt, "derivs"), opt$par, ctrl = control$checkConv,  :
  Model failed to converge with max|grad| = 0.00250777 (tol = 0.002, component 1)
6: In checkConv(attr(opt, "derivs"), opt$par, ctrl = control$checkConv,  :
  Model failed to converge with max|grad| = 0.00236729 (tol = 0.002, component 1)
7: In checkConv(attr(opt, "derivs"), opt$par, ctrl = control$checkConv,  :
  Model failed to converge with max|grad| = 0.00235717 (tol = 0.002, component 1)
8: In checkConv(attr(opt, "derivs"), opt$par, ctrl = control$checkConv,  :
  Model failed to converge with max|grad| = 0.0027442 (tol = 0.002, component 1)
9: In checkConv(attr(opt, "derivs"), opt$par, ctrl = control$checkConv,  :
  Model failed to converge with max|grad| = 0.00397709 (tol = 0.002, component 1)
Error in (function (cl, name, valueClass)  : 
  assignment of an object of class “list” is not valid for @‘optimMsg’ in an object of class “LMERlike”; is(value, "character") is not TRUE
In addition: There were 27 warnings (use warnings() to see them)
Error : number of levels of each grouping factor must be < number of observations (problems: ind)
In addition: There were 16 warnings (use warnings() to see them)
Error in (function (cl, name, valueClass)  : 
  assignment of an object of class “list” is not valid for @‘optimMsg’ in an object of class “LMERlike”; is(value, "character") is not TRUE
In addition: There were 50 or more warnings (use warnings() to see the first 50)
Error : number of levels of each grouping factor must be < number of observations (problems: ind)
In addition: Warning message:
In nobs.default(object, use.fallback = use.fallback) :
  no 'nobs' method is available
Error : grouping factors must have > 1 sampled level
In addition: Warning messages:
1: In nobs.default(object, use.fallback = use.fallback) :
  no 'nobs' method is available
2: In optwrap(optimizer, devfun, getStart(start, rho$pp), lower = rho$lower,  :
  convergence code -4 from nloptwrap: NLOPT_ROUNDOFF_LIMITED: Roundoff errors led to a breakdown of the optimization algorithm. In this case, the returned minimum may still be useful. (e.g. this error occurs in NEWUOA if one tries to achieve a tolerance too close to machine precision.)
3: In checkConv(attr(opt, "derivs"), opt$par, ctrl = control$checkConv,  :
  unable to evaluate scaled gradient
4: In checkConv(attr(opt, "derivs"), opt$par, ctrl = control$checkConv,  :
  Model failed to converge: degenerate  Hessian with 1 negative eigenvalues
5: In checkConv(attr(opt, "derivs"), opt$par, ctrl = control$checkConv,  :
  Model failed to converge with max|grad| = 0.02095 (tol = 0.002, component 1)
6: In checkConv(attr(opt, "derivs"), opt$par, ctrl = control$checkConv,  :
  Model failed to converge with max|grad| = 0.00271277 (tol = 0.002, component 1)
7: In checkConv(attr(opt, "derivs"), opt$par, ctrl = control$checkConv,  :
  Model failed to converge with max|grad| = 0.00230703 (tol = 0.002, component 1)
8: In checkConv(attr(opt, "derivs"), opt$par, ctrl = control$checkConv,  :
  Model failed to converge with max|grad| = 0.00540431 (tol = 0.002, component 1)
9: In checkConv(attr(opt, "derivs"), opt$par, ctrl = control$checkConv,  :
  Model failed to converge with max|grad| = 0.0248089 (tol = 0.002, component 1)
10: In checkConv(attr(opt, "derivs"), opt$par, ctrl = control$checkConv,  :
  Model failed to converge with max|grad| = 0.0407982 (tol = 0.002, component 1)
Error in (function (cl, name, valueClass)  : 
  assignment of an object of class “list” is not valid for @‘optimMsg’ in an object of class “LMERlike”; is(value, "character") is not TRUE
In addition: There were 50 or more warnings (use warnings() to see the first 50)
Error : number of levels of each grouping factor must be < number of observations (problems: ind)
In addition: There were 13 warnings (use warnings() to see them)
Error in (function (cl, name, valueClass)  : 
  assignment of an object of class “list” is not valid for @‘optimMsg’ in an object of class “LMERlike”; is(value, "character") is not TRUE
In addition: Warning messages:
1: In nobs.default(object, use.fallback = use.fallback) :
  no 'nobs' method is available
2: In checkConv(attr(opt, "derivs"), opt$par, ctrl = control$checkConv,  :
  Model failed to converge with max|grad| = 0.037848 (tol = 0.002, component 1)
3: In checkConv(attr(opt, "derivs"), opt$par, ctrl = control$checkConv,  :
  Model is nearly unidentifiable: very large eigenvalue
 - Rescale variables?
Error : number of levels of each grouping factor must be < number of observations (problems: ind)
In addition: There were 12 warnings (use warnings() to see them)
Error in (function (cl, name, valueClass)  : 
  assignment of an object of class “list” is not valid for @‘optimMsg’ in an object of class “LMERlike”; is(value, "character") is not TRUE
In addition: Warning messages:
1: In nobs.default(object, use.fallback = use.fallback) :
  no 'nobs' method is available
2: In checkConv(attr(opt, "derivs"), opt$par, ctrl = control$checkConv,  :
  Model failed to converge with max|grad| = 0.0025543 (tol = 0.002, component 1)
3: In checkConv(attr(opt, "derivs"), opt$par, ctrl = control$checkConv,  :
  Model failed to converge with max|grad| = 0.0379392 (tol = 0.002, component 1)
4: In checkConv(attr(opt, "derivs"), opt$par, ctrl = control$checkConv,  :
  Model failed to converge with max|grad| = 0.0100199 (tol = 0.002, component 1)
5: In checkConv(attr(opt, "derivs"), opt$par, ctrl = control$checkConv,  :
  Model is nearly unidentifiable: very large eigenvalue
 - Rescale variables?
Error in (function (cl, name, valueClass)  : 
  assignment of an object of class “list” is not valid for @‘optimMsg’ in an object of class “LMERlike”; is(value, "character") is not TRUE
In addition: Warning messages:
1: In nobs.default(object, use.fallback = use.fallback) :
  no 'nobs' method is available
2: In checkConv(attr(opt, "derivs"), opt$par, ctrl = control$checkConv,  :
  Model failed to converge with max|grad| = 0.00288911 (tol = 0.002, component 1)
3: In checkConv(attr(opt, "derivs"), opt$par, ctrl = control$checkConv,  :
  Model failed to converge with max|grad| = 0.022027 (tol = 0.002, component 1)
4: In checkConv(attr(opt, "derivs"), opt$par, ctrl = control$checkConv,  :
  Model failed to converge with max|grad| = 0.00320983 (tol = 0.002, component 1)
5: In checkConv(attr(opt, "derivs"), opt$par, ctrl = control$checkConv,  :
  Model failed to converge with max|grad| = 0.0859014 (tol = 0.002, component 1)
6: In checkConv(attr(opt, "derivs"), opt$par, ctrl = control$checkConv,  :
  Model is nearly unidentifiable: very large eigenvalue
 - Rescale variables?
Error in (function (cl, name, valueClass)  : 
  assignment of an object of class “list” is not valid for @‘optimMsg’ in an object of class “LMERlike”; is(value, "character") is not TRUE
In addition: There were 12 warnings (use warnings() to see them)
Error : number of levels of each grouping factor must be < number of observations (problems: ind)
In addition: There were 23 warnings (use warnings() to see them)
Error : number of levels of each grouping factor must be < number of observations (problems: ind)
In addition: Warning messages:
1: In nobs.default(object, use.fallback = use.fallback) :
  no 'nobs' method is available
2: In checkConv(attr(opt, "derivs"), opt$par, ctrl = control$checkConv,  :
  Model failed to converge with max|grad| = 0.002315 (tol = 0.002, component 1)
3: In checkConv(attr(opt, "derivs"), opt$par, ctrl = control$checkConv,  :
  Model failed to converge with max|grad| = 0.00314625 (tol = 0.002, component 1)
4: In checkConv(attr(opt, "derivs"), opt$par, ctrl = control$checkConv,  :
  Model failed to converge with max|grad| = 0.00244386 (tol = 0.002, component 1)
Error in (function (cl, name, valueClass)  : 
  assignment of an object of class “list” is not valid for @‘optimMsg’ in an object of class “LMERlike”; is(value, "character") is not TRUE
In addition: Warning messages:
1: In nobs.default(object, use.fallback = use.fallback) :
  no 'nobs' method is available
2: In checkConv(attr(opt, "derivs"), opt$par, ctrl = control$checkConv,  :
  Model failed to converge with max|grad| = 0.00211762 (tol = 0.002, component 1)
3: In checkConv(attr(opt, "derivs"), opt$par, ctrl = control$checkConv,  :
  Model failed to converge with max|grad| = 0.00475667 (tol = 0.002, component 1)
4: In checkConv(attr(opt, "derivs"), opt$par, ctrl = control$checkConv,  :
  Model failed to converge with max|grad| = 0.00217428 (tol = 0.002, component 1)
5: In checkConv(attr(opt, "derivs"), opt$par, ctrl = control$checkConv,  :
  Model failed to converge with max|grad| = 0.00287938 (tol = 0.002, component 1)
6: In checkConv(attr(opt, "derivs"), opt$par, ctrl = control$checkConv,  :
  Model failed to converge with max|grad| = 0.0271736 (tol = 0.002, component 1)
7: In checkConv(attr(opt, "derivs"), opt$par, ctrl = control$checkConv,  :
  Model failed to converge with max|grad| = 0.00319427 (tol = 0.002, component 1)
8: In checkConv(attr(opt, "derivs"), opt$par, ctrl = control$checkConv,  :
  Model failed to converge with max|grad| = 0.0361629 (tol = 0.002, component 1)
9: In checkConv(attr(opt, "derivs"), opt$par, ctrl = control$checkConv,  :
  Model failed to converge with max|grad| = 0.267717 (tol = 0.002, component 1)
10: In checkConv(attr(opt, "derivs"), opt$par, ctrl = control$checkConv,  :
  Model is nearly unidentifiable: very large eigenvalue
 - Rescale variables?
Error : number of levels of each grouping factor must be < number of observations (problems: ind)
In addition: Warning messages:
1: In nobs.default(object, use.fallback = use.fallback) :
  no 'nobs' method is available
2: In checkConv(attr(opt, "derivs"), opt$par, ctrl = control$checkConv,  :
  Model failed to converge with max|grad| = 0.0289287 (tol = 0.002, component 1)
3: In checkConv(attr(opt, "derivs"), opt$par, ctrl = control$checkConv,  :
  Model failed to converge with max|grad| = 0.00269755 (tol = 0.002, component 1)
4: In checkConv(attr(opt, "derivs"), opt$par, ctrl = control$checkConv,  :
  Model failed to converge with max|grad| = 0.00469492 (tol = 0.002, component 1)
Error in (function (cl, name, valueClass)  : 
  assignment of an object of class “list” is not valid for @‘optimMsg’ in an object of class “LMERlike”; is(value, "character") is not TRUE
In addition: There were 47 warnings (use warnings() to see them)
Error : number of levels of each grouping factor must be < number of observations (problems: ind)
In addition: Warning message:
In nobs.default(object, use.fallback = use.fallback) :
  no 'nobs' method is available
Error in (function (cl, name, valueClass)  : 
  assignment of an object of class “list” is not valid for @‘optimMsg’ in an object of class “LMERlike”; is(value, "character") is not TRUE
In addition: There were 14 warnings (use warnings() to see them)
Error in (function (cl, name, valueClass)  : 
  assignment of an object of class “list” is not valid for @‘optimMsg’ in an object of class “LMERlike”; is(value, "character") is not TRUE
In addition: Warning messages:
1: In nobs.default(object, use.fallback = use.fallback) :
  no 'nobs' method is available
2: In checkConv(attr(opt, "derivs"), opt$par, ctrl = control$checkConv,  :
  Model failed to converge with max|grad| = 0.00224288 (tol = 0.002, component 1)
3: In checkConv(attr(opt, "derivs"), opt$par, ctrl = control$checkConv,  :
  Model failed to converge with max|grad| = 0.0590803 (tol = 0.002, component 1)
4: In checkConv(attr(opt, "derivs"), opt$par, ctrl = control$checkConv,  :
  Model is nearly unidentifiable: very large eigenvalue
 - Rescale variables?
Error : number of levels of each grouping factor must be < number of observations (problems: ind)
In addition: There were 47 warnings (use warnings() to see them)
Error : number of levels of each grouping factor must be < number of observations (problems: ind)
In addition: Warning messages:
1: In nobs.default(object, use.fallback = use.fallback) :
  no 'nobs' method is available
2: In checkConv(attr(opt, "derivs"), opt$par, ctrl = control$checkConv,  :
  Model failed to converge with max|grad| = 0.00238995 (tol = 0.002, component 1)
Error in (function (cl, name, valueClass)  : 
  assignment of an object of class “list” is not valid for @‘optimMsg’ in an object of class “LMERlike”; is(value, "character") is not TRUE
In addition: Warning messages:
1: In nobs.default(object, use.fallback = use.fallback) :
  no 'nobs' method is available
2: In checkConv(attr(opt, "derivs"), opt$par, ctrl = control$checkConv,  :
  Model failed to converge with max|grad| = 0.0169393 (tol = 0.002, component 1)
3: In checkConv(attr(opt, "derivs"), opt$par, ctrl = control$checkConv,  :
  Model failed to converge with max|grad| = 0.00267678 (tol = 0.002, component 1)
4: In checkConv(attr(opt, "derivs"), opt$par, ctrl = control$checkConv,  :
  Model failed to converge with max|grad| = 0.120248 (tol = 0.002, component 1)
5: In checkConv(attr(opt, "derivs"), opt$par, ctrl = control$checkConv,  :
  Model is nearly unidentifiable: very large eigenvalue
 - Rescale variables?
Error : number of levels of each grouping factor must be < number of observations (problems: ind)
In addition: There were 16 warnings (use warnings() to see them)
Error : number of levels of each grouping factor must be < number of observations (problems: ind)
In addition: There were 28 warnings (use warnings() to see them)
Error : number of levels of each grouping factor must be < number of observations (problems: ind)
In addition: There were 25 warnings (use warnings() to see them)
Error in (function (cl, name, valueClass)  : 
  assignment of an object of class “list” is not valid for @‘optimMsg’ in an object of class “LMERlike”; is(value, "character") is not TRUE
In addition: Warning messages:
1: In nobs.default(object, use.fallback = use.fallback) :
  no 'nobs' method is available
2: In checkConv(attr(opt, "derivs"), opt$par, ctrl = control$checkConv,  :
  Model failed to converge with max|grad| = 0.0284619 (tol = 0.002, component 1)
3: In checkConv(attr(opt, "derivs"), opt$par, ctrl = control$checkConv,  :
  Model failed to converge with max|grad| = 0.0349908 (tol = 0.002, component 1)
4: In checkConv(attr(opt, "derivs"), opt$par, ctrl = control$checkConv,  :
  Model failed to converge with max|grad| = 0.00220124 (tol = 0.002, component 1)
5: In checkConv(attr(opt, "derivs"), opt$par, ctrl = control$checkConv,  :
  Model failed to converge with max|grad| = 0.00200039 (tol = 0.002, component 1)
6: In checkConv(attr(opt, "derivs"), opt$par, ctrl = control$checkConv,  :
  Model failed to converge with max|grad| = 0.047778 (tol = 0.002, component 1)
7: In checkConv(attr(opt, "derivs"), opt$par, ctrl = control$checkConv,  :
  Model failed to converge with max|grad| = 0.00233702 (tol = 0.002, component 1)
8: In checkConv(attr(opt, "derivs"), opt$par, ctrl = control$checkConv,  :
  Model failed to converge with max|grad| = 0.00252933 (tol = 0.002, component 1)
9: In checkConv(attr(opt, "derivs"), opt$par, ctrl = control$checkConv,  :
  Model is nearly unidentifiable: very large eigenvalue
 - Rescale variables?
Error in (function (cl, name, valueClass)  : 
  assignment of an object of class “list” is not valid for @‘optimMsg’ in an object of class “LMERlike”; is(value, "character") is not TRUE
In addition: There were 25 warnings (use warnings() to see them)
Error in (function (cl, name, valueClass)  : 
  assignment of an object of class “list” is not valid for @‘optimMsg’ in an object of class “LMERlike”; is(value, "character") is not TRUE
In addition: Warning messages:
1: In nobs.default(object, use.fallback = use.fallback) :
  no 'nobs' method is available
2: In checkConv(attr(opt, "derivs"), opt$par, ctrl = control$checkConv,  :
  Model failed to converge with max|grad| = 0.00211776 (tol = 0.002, component 1)
3: In checkConv(attr(opt, "derivs"), opt$par, ctrl = control$checkConv,  :
  Model failed to converge with max|grad| = 0.00246598 (tol = 0.002, component 1)
4: In checkConv(attr(opt, "derivs"), opt$par, ctrl = control$checkConv,  :
  Model failed to converge with max|grad| = 0.0520948 (tol = 0.002, component 1)
5: In checkConv(attr(opt, "derivs"), opt$par, ctrl = control$checkConv,  :
  Model is nearly unidentifiable: very large eigenvalue
 - Rescale variables?
Error in (function (cl, name, valueClass)  : 
  assignment of an object of class “list” is not valid for @‘optimMsg’ in an object of class “LMERlike”; is(value, "character") is not TRUE
In addition: Warning messages:
1: In nobs.default(object, use.fallback = use.fallback) :
  no 'nobs' method is available
2: In checkConv(attr(opt, "derivs"), opt$par, ctrl = control$checkConv,  :
  Model failed to converge with max|grad| = 0.00263707 (tol = 0.002, component 1)
3: In checkConv(attr(opt, "derivs"), opt$par, ctrl = control$checkConv,  :
  Model failed to converge with max|grad| = 0.00594346 (tol = 0.002, component 1)
4: In checkConv(attr(opt, "derivs"), opt$par, ctrl = control$checkConv,  :
  Model failed to converge with max|grad| = 0.00233193 (tol = 0.002, component 1)
5: In checkConv(attr(opt, "derivs"), opt$par, ctrl = control$checkConv,  :
  Model failed to converge with max|grad| = 0.0226868 (tol = 0.002, component 1)
6: In checkConv(attr(opt, "derivs"), opt$par, ctrl = control$checkConv,  :
  Model failed to converge with max|grad| = 0.00236914 (tol = 0.002, component 1)
7: In checkConv(attr(opt, "derivs"), opt$par, ctrl = control$checkConv,  :
  Model failed to converge with max|grad| = 0.00239273 (tol = 0.002, component 1)
8: In checkConv(attr(opt, "derivs"), opt$par, ctrl = control$checkConv,  :
  Model failed to converge with max|grad| = 0.0395592 (tol = 0.002, component 1)
9: In checkConv(attr(opt, "derivs"), opt$par, ctrl = control$checkConv,  :
  Model failed to converge with max|grad| = 0.183595 (tol = 0.002, component 1)
10: In checkConv(attr(opt, "derivs"), opt$par, ctrl = control$checkConv,  :
  Model is nearly unidentifiable: very large eigenvalue
 - Rescale variables?
Error : number of levels of each grouping factor must be < number of observations (problems: ind)
In addition: Warning messages:
1: In nobs.default(object, use.fallback = use.fallback) :
  no 'nobs' method is available
2: In checkConv(attr(opt, "derivs"), opt$par, ctrl = control$checkConv,  :
  Model failed to converge with max|grad| = 0.00222263 (tol = 0.002, component 1)
3: In checkConv(attr(opt, "derivs"), opt$par, ctrl = control$checkConv,  :
  Model failed to converge with max|grad| = 0.00232008 (tol = 0.002, component 1)
4: In checkConv(attr(opt, "derivs"), opt$par, ctrl = control$checkConv,  :
  Model failed to converge with max|grad| = 0.027714 (tol = 0.002, component 1)
5: In checkConv(attr(opt, "derivs"), opt$par, ctrl = control$checkConv,  :
  Model failed to converge with max|grad| = 0.0212537 (tol = 0.002, component 1)
Error : number of levels of each grouping factor must be < number of observations (problems: ind)
In addition: There were 11 warnings (use warnings() to see them)
Error in eval_f(x, ...) : Downdated VtV is not positive definite
In addition: There were 50 or more warnings (use warnings() to see the first 50)
Error in (function (cl, name, valueClass)  : 
  assignment of an object of class “list” is not valid for @‘optimMsg’ in an object of class “LMERlike”; is(value, "character") is not TRUE
In addition: Warning messages:
1: In nobs.default(object, use.fallback = use.fallback) :
  no 'nobs' method is available
2: In checkConv(attr(opt, "derivs"), opt$par, ctrl = control$checkConv,  :
  Model failed to converge with max|grad| = 0.00390382 (tol = 0.002, component 1)
3: In checkConv(attr(opt, "derivs"), opt$par, ctrl = control$checkConv,  :
  Model failed to converge with max|grad| = 0.00453184 (tol = 0.002, component 1)
4: In checkConv(attr(opt, "derivs"), opt$par, ctrl = control$checkConv,  :
  Model failed to converge with max|grad| = 0.00234079 (tol = 0.002, component 1)
5: In checkConv(attr(opt, "derivs"), opt$par, ctrl = control$checkConv,  :
  Model failed to converge with max|grad| = 0.00226946 (tol = 0.002, component 1)
6: In checkConv(attr(opt, "derivs"), opt$par, ctrl = control$checkConv,  :
  Model failed to converge with max|grad| = 0.0264445 (tol = 0.002, component 1)
7: In checkConv(attr(opt, "derivs"), opt$par, ctrl = control$checkConv,  :
  Model is nearly unidentifiable: very large eigenvalue
 - Rescale variables?

Done!
There were 17 warnings (use warnings() to see them)
> date()
[1] "Sat Jun 12 08:45:50 2021"
> 
> dim(lrt0)
[1] 18041     3     3
> lrt0[1,,]
         metric
test.type    lambda df Pr(>Chisq)
   cont   0.9238566  1 0.33646438
   disc   2.7131950  1 0.09952149
   hurdle 3.6370516  2 0.16226478
> 
> dim(lrt1)
[1] 18041     3     3
> lrt1[1,,]
         metric
test.type   lambda df Pr(>Chisq)
   cont   0.579185  1  0.4466319
   disc   2.575046  1  0.1085610
   hurdle 3.154231  2  0.2065701
> 
> mast_pval_glm = apply(lrt0, 1, function(x){x[3,3]})
> length(mast_pval_glm)
[1] 18041
> mast_pval_glm[1:4]
  DNAJC11      NADK     MASP2     CLCN6 
0.1622648 0.1087565 0.3080068 0.9001987 
> 
> mast_pval_glmer = apply(lrt1, 1, function(x){x[3,3]})
> length(mast_pval_glmer)
[1] 18041
> mast_pval_glmer[1:4]
   DNAJC11       NADK      MASP2      CLCN6 
0.20657010 0.05559773 0.28305535 0.67101441 
> 
> pdf(sprintf("figures/step1b_MAST_glmer_%s_pval_hist_final.pdf", grp), 
+     width=6, height=3)
> par(mfrow=c(1,2), bty="n", mar=c(5,4,2,1))
>   hist(mast_pval_glm, main="MAST_glm", xlab="p-value", breaks=50)
>   hist(mast_pval_glmer, main="MAST_glmer", xlab="p-value", breaks=50)
> dev.off()
null device 
          1 
> 
> # ------------------------------------------------------------------------
> # summarize p-value distribution
> # ------------------------------------------------------------------------
> 
> pdf(sprintf("figures/step1b_MAST_%s_compare_pval_Seq.pdf", grp), 
+     width=9, height=3)
> par(mfrow=c(1,3), bty="n", mar=c(5,4,1,1))
> hist(mast_pval_glm, main="MAST glm", xlab="p-value")
> hist(mast_pval_glmer, main="MAST glmer", xlab="p-value")
> plot(-log10(mast_pval_glm), -log10(mast_pval_glmer), main="-log10(p-value)", 
+      xlab="MAST glm", ylab="MAST glmer", 
+      pch=20, cex=0.2, col=rgb(0.8, 0.1, 0.1, 0.5))
> abline(0, 1, col="darkblue")
> dev.off()
null device 
          1 
> # ------------------------------------------------------------------------
> # save the results
> # ------------------------------------------------------------------------
> 
> 
> fwrite(data.frame(mast_pval_glm), file=sprintf("res/step1b_MAST_%s_glm.tsv", grp), 
+        sep = "\t", row.names=TRUE, col.names=FALSE)
> 
> fwrite(data.frame(mast_pval_glmer), file=sprintf("res/step1b_MAST_%s_glmer.tsv", grp), 
+             sep = "\t", row.names=TRUE, col.names=FALSE)
> 
> gc()
           used  (Mb) gc trigger   (Mb)  max used   (Mb)
Ncells  6254894 334.1   12411179  662.9  12411179  662.9
Vcells 74365058 567.4  235107803 1793.8 235107803 1793.8
> 
> sessionInfo()
R version 4.1.0 (2021-05-18)
Platform: x86_64-pc-linux-gnu (64-bit)
Running under: Ubuntu 18.04.5 LTS

Matrix products: default
BLAS/LAPACK: /opt/intel/compilers_and_libraries_2018.2.199/linux/mkl/lib/intel64_lin/libmkl_rt.so

locale:
 [1] LC_CTYPE=en_US.UTF-8       LC_NUMERIC=C              
 [3] LC_TIME=en_US.UTF-8        LC_COLLATE=en_US.UTF-8    
 [5] LC_MONETARY=en_US.UTF-8    LC_MESSAGES=en_US.UTF-8   
 [7] LC_PAPER=en_US.UTF-8       LC_NAME=C                 
 [9] LC_ADDRESS=C               LC_TELEPHONE=C            
[11] LC_MEASUREMENT=en_US.UTF-8 LC_IDENTIFICATION=C       

attached base packages:
[1] parallel  stats4    stats     graphics  grDevices utils     datasets 
[8] methods   base     

other attached packages:
 [1] doRNG_1.8.2                 rngtools_1.5               
 [3] doParallel_1.0.16           iterators_1.0.13           
 [5] foreach_1.5.1               lme4_1.1-27                
 [7] MAST_1.18.0                 SingleCellExperiment_1.14.1
 [9] SummarizedExperiment_1.22.0 Biobase_2.52.0             
[11] GenomicRanges_1.44.0        GenomeInfoDb_1.28.0        
[13] IRanges_2.26.0              S4Vectors_0.30.0           
[15] BiocGenerics_0.38.0         MatrixGenerics_1.4.0       
[17] matrixStats_0.59.0          dplyr_1.0.6                
[19] data.table_1.14.0           Matrix_1.3-3               

loaded via a namespace (and not attached):
 [1] progress_1.2.2         tidyselect_1.1.1       purrr_0.3.4           
 [4] reshape2_1.4.4         splines_4.1.0          lattice_0.20-44       
 [7] colorspace_2.0-1       vctrs_0.3.8            generics_0.1.0        
[10] utf8_1.2.1             rlang_0.4.11           pillar_1.6.1          
[13] nloptr_1.2.2.2         glue_1.4.2             GenomeInfoDbData_1.2.6
[16] lifecycle_1.0.0        plyr_1.8.6             stringr_1.4.0         
[19] zlibbioc_1.38.0        munsell_0.5.0          gtable_0.3.0          
[22] codetools_0.2-18       fansi_0.5.0            Rcpp_1.0.6            
[25] scales_1.1.1           DelayedArray_0.18.0    XVector_0.32.0        
[28] abind_1.4-5            hms_1.1.0              digest_0.6.27         
[31] ggplot2_3.3.3          stringi_1.6.2          grid_4.1.0            
[34] tools_4.1.0            bitops_1.0-7           magrittr_2.0.1        
[37] RCurl_1.98-1.3         tibble_3.1.2           crayon_1.4.1          
[40] pkgconfig_2.0.3        ellipsis_0.3.2         MASS_7.3-54           
[43] prettyunits_1.1.1      minqa_1.2.4            R6_2.5.0              
[46] boot_1.3-28            nlme_3.1-152           compiler_4.1.0        
> q(save="no")
> proc.time()
     user    system   elapsed 
26814.063     3.523 26818.067 
