
R version 4.1.0 (2021-05-18) -- "Camp Pontanezen"
Copyright (C) 2021 The R Foundation for Statistical Computing
Platform: x86_64-pc-linux-gnu (64-bit)

R is free software and comes with ABSOLUTELY NO WARRANTY.
You are welcome to redistribute it under certain conditions.
Type 'license()' or 'licence()' for distribution details.

  Natural language support but running in an English locale

R is a collaborative project with many contributors.
Type 'contributors()' for more information and
'citation()' on how to cite R or R packages in publications.

Type 'demo()' for some demos, 'help()' for on-line help, or
'help.start()' for an HTML browser interface to help.
Type 'q()' to quit R.

> 
> #########################################################################
> #                                                                       #
> #                                                                       #
> #             Part II: Defferential Expression Analysis                 #
> #                                                                       #
> #                                                                       #
> #########################################################################
> # once simulated genes, we will do the Differential Expression Analysis
> # Here we will implement our method, plus the DESeq2 and the MAST analysis.
> 
> args = commandArgs(trailingOnly=TRUE)
> args
[1] "ncase=20"   "nctrl=20"   "ncell=1080" "r_mean=1.2" "r_var=1.5" 
> 
> if (length(args) < 5) {
+   message("no enough arguments, using default values")
+   r_mean   = 1.2     # The expected fold-changes in mean
+   r_var    = 1.5     # The expected fold-changes in variances
+   ncase    = 13      # case individuals
+   nctrl    = 10      # control individuals
+   ncell    = 360    # numbers of cells collected from each individuals.
+ } else{
+   for(i in 1:length(args)){
+     eval(parse(text=args[[i]]))
+   }
+ }
> 
> if(ncell == 0){
+   UNEQ_N_CELL = TRUE
+ }else{
+   UNEQ_N_CELL = FALSE
+ }
> 
> if(UNEQ_N_CELL){
+   config = sprintf("ncase_%d_nctrl_%d_unequal_n_cell", ncase, nctrl)
+ }else{
+   config = sprintf("ncase_%d_nctrl_%d_ncell_%d", ncase, nctrl, ncell)
+ }
> 
> config = sprintf("%s_fold_mean_%.1f_var_%.1f", config, r_mean, r_var)
> config
[1] "ncase_20_nctrl_20_ncell_1080_fold_mean_1.2_var_1.5"
> 
> # ---------------------------------------------------------------
> # additional parameters
> # ---------------------------------------------------------------
> 
> nCore = 6      # number of cores for multi-core computation
> nall  = ncase + nctrl
> 
> # ---------------------------------------------------------------
> # initial setup
> # ---------------------------------------------------------------
> 
> library(doParallel)
Loading required package: foreach
Loading required package: iterators
Loading required package: parallel
> library(foreach)
> library(doRNG)
Loading required package: rngtools
> 
> library(data.table)
> library(ggplot2)
> theme_set(theme_bw())
> 
> registerDoParallel(cores=nCore)
> options(mc.cores=nCore)
> 
> # ---------------------------------------------------------------
> # load data
> # ---------------------------------------------------------------
> 
> sim_data     = readRDS(sprintf("data/sim_data_%s.rds", config))
Error in gzfile(file, "rb") : cannot open the connection
Calls: readRDS -> gzfile
In addition: Warning message:
In gzfile(file, "rb") :
  cannot open compressed file 'data/sim_data_ncase_20_nctrl_20_ncell_1080_fold_mean_1.2_var_1.5.rds', probable reason 'No such file or directory'
Execution halted
