
R version 4.0.3 (2020-10-10) -- "Bunny-Wunnies Freak Out"
Copyright (C) 2020 The R Foundation for Statistical Computing
Platform: x86_64-apple-darwin17.0 (64-bit)

R is free software and comes with ABSOLUTELY NO WARRANTY.
You are welcome to redistribute it under certain conditions.
Type 'license()' or 'licence()' for distribution details.

  Natural language support but running in an English locale

R is a collaborative project with many contributors.
Type 'contributors()' for more information and
'citation()' on how to cite R or R packages in publications.

Type 'demo()' for some demos, 'help()' for on-line help, or
'help.start()' for an HTML browser interface to help.
Type 'q()' to quit R.

> 
> # --------------------------------------------------------------------------
> # similar to step3, but with results from all IDEAS options
> # --------------------------------------------------------------------------
> 
> library(ggplot2)
> library(reshape2)
> library(stringr)
> library(RColorBrewer)
> library(ggpubr)
> 
> theme_set(theme_bw())
> 
> # --------------------------------------------------------------------------
> # check all the result files
> # --------------------------------------------------------------------------
> 
> res.files = list.files(path="results", pattern="pval_ncase_\\S+.txt", 
+                        full.names=TRUE)
> res.files
 [1] "results/pval_ncase_13_nctrl_10_ncell_1080_fold_mean_1.2_var_1.5.txt"    
 [2] "results/pval_ncase_13_nctrl_10_ncell_120_fold_mean_1.2_var_1.5.txt"     
 [3] "results/pval_ncase_13_nctrl_10_ncell_360_fold_mean_1.2_var_1.5.txt"     
 [4] "results/pval_ncase_13_nctrl_10_ncell_40_fold_mean_1.2_var_1.5.txt"      
 [5] "results/pval_ncase_13_nctrl_10_unequal_n_cell_fold_mean_1.2_var_1.5.txt"
 [6] "results/pval_ncase_20_nctrl_20_ncell_1080_fold_mean_1.2_var_1.5.txt"    
 [7] "results/pval_ncase_20_nctrl_20_ncell_120_fold_mean_1.2_var_1.5.txt"     
 [8] "results/pval_ncase_20_nctrl_20_ncell_360_fold_mean_1.2_var_1.5.txt"     
 [9] "results/pval_ncase_5_nctrl_5_ncell_1080_fold_mean_1.2_var_1.5.txt"      
[10] "results/pval_ncase_5_nctrl_5_ncell_120_fold_mean_1.2_var_1.5.txt"       
[11] "results/pval_ncase_5_nctrl_5_ncell_360_fold_mean_1.2_var_1.5.txt"       
> 
> for(i in 1:length(res.files)){
+   file.i = basename(res.files[i])
+   ncase  = str_extract(file.i, '(?<=ncase_)\\d+')
+   nctrl  = str_extract(file.i, '(?<=nctrl_)\\d+')
+   r_mean = str_extract(file.i, '(?<=mean_)(\\d|\\.)+(?=(_|\\.txt))')
+   r_var  = str_extract(file.i, '(?<=var_)(\\d|\\.)+(?=(_|\\.txt))')
+ 
+   config = gsub("pval_", "", file.i)
+   config = gsub(".txt", "", config)
+   
+   pval2 = read.table(res.files[i], header=TRUE, as.is=TRUE)
+   dim(pval2)
+   pval2[1:2,]
+ 
+   cal.power <- function(x, geneType){
+     tapply(x, geneType, function(x){sum(x < 0.05, na.rm=TRUE)/sum(!is.na(x))})
+   }
+   
+   powers = apply(pval2[,-1], 2, cal.power, geneType=pval2$geneType)
+   
+   print(config)
+   print(powers)
+   
+   cols2rm = c("deseq2_pval", "mast_pval_glm", "mast_pval_glmer")
+   powers  = powers[,which(!colnames(powers) %in% cols2rm)]
+   gg = melt(powers)
+   
+   names(gg) = c("geneType", "method", "power")
+ 
+   gg$method = factor(gg$method, levels = c("KR_kde_JSD", "PS_kde_JSD", 
+                                            "KR_kde_Was", "PS_kde_Was",
+                                            "KR_zinb_JSD", "PS_zinb_JSD", 
+                                            "KR_zinb_Was", "PS_zinb_Was"))
+   
+   g1 = ggplot(subset(gg, geneType %in% c("EE")), 
+               aes(x=geneType, y=power, fill=method)) +
+     geom_bar(stat="identity", position=position_dodge()) + 
+     scale_fill_brewer(palette="Paired") + 
+     geom_hline(yintercept=0.05, col="red") + 
+     ylab("Type I error")
+   
+   g2 = ggplot(subset(gg, geneType %in% c("meanDE", "varDE")), 
+               aes(x=geneType, y=power, fill=method)) +
+     geom_bar(stat="identity", position=position_dodge()) + 
+     scale_fill_brewer(palette="Paired") + 
+     geom_hline(yintercept=0.05, col="red")
+   
+   gg1 = ggarrange(g1, g2, ncol = 2, nrow = 1, widths=c(1.25,2), 
+                   common.legend = TRUE, legend = "top")
+   
+   ggsave(sprintf("figures/power_IDEAS_all_%s.pdf", config), 
+          gg1, width=6, height=3)
+ }
[1] "ncase_13_nctrl_10_ncell_1080_fold_mean_1.2_var_1.5"
       KR_zinb_Was KR_zinb_JSD KR_kde_Was KR_kde_JSD PS_zinb_Was PS_zinb_JSD
EE      0.04689332  0.04789817 0.04766667 0.05333333  0.04739575  0.04940546
meanDE  0.38229376  0.36418511 0.39000000 0.27800000  0.39436620  0.38229376
varDE   0.31325301  0.50702811 0.38700000 0.33000000  0.32831325  0.52409639
       PS_kde_Was PS_kde_JSD deseq2_pval mast_pval_glm mast_pval_glmer
EE     0.04916667     0.0535  0.06583333     0.7473333      0.06916667
meanDE 0.39800000     0.2770  0.44900000     0.9450000      0.41400000
varDE  0.40500000     0.3210  0.07200000     0.9990000      0.83700000
[1] "ncase_13_nctrl_10_ncell_120_fold_mean_1.2_var_1.5"
       KR_zinb_Was KR_zinb_JSD KR_kde_Was KR_kde_JSD PS_zinb_Was PS_zinb_JSD
EE      0.05014207   0.0556577 0.05066667 0.04666667  0.05097777  0.05281631
meanDE  0.23971916   0.2306921 0.25900000 0.18300000  0.24272818  0.23470411
varDE   0.14944835   0.3580742 0.23200000 0.19800000  0.15145436  0.35907723
       PS_kde_Was PS_kde_JSD deseq2_pval mast_pval_glm mast_pval_glmer
EE     0.05033333 0.04366667       0.059        0.3955       0.0707256
meanDE 0.26300000 0.18200000       0.363        0.7030       0.3040000
varDE  0.23300000 0.19700000       0.064        0.9880       0.7080000
[1] "ncase_13_nctrl_10_ncell_360_fold_mean_1.2_var_1.5"
       KR_zinb_Was KR_zinb_JSD KR_kde_Was KR_kde_JSD PS_zinb_Was PS_zinb_JSD
EE      0.04756322  0.05007536 0.04433333 0.05083333  0.04890303  0.05074527
meanDE  0.30823293  0.30923695 0.34400000 0.21700000  0.31024096  0.30522088
varDE   0.25327952  0.48032291 0.33100000 0.27400000  0.25832492  0.48435923
       PS_kde_Was PS_kde_JSD deseq2_pval mast_pval_glm mast_pval_glmer
EE     0.04783333 0.05216667  0.06316667        0.5775      0.06416667
meanDE 0.35400000 0.21600000  0.41500000        0.8830      0.35100000
varDE  0.35000000 0.26500000  0.07100000        0.9970      0.80600000
[1] "ncase_13_nctrl_10_ncell_40_fold_mean_1.2_var_1.5"
       KR_zinb_Was KR_zinb_JSD KR_kde_Was KR_kde_JSD PS_zinb_Was PS_zinb_JSD
EE      0.05078780  0.05246396     0.0495 0.04583333  0.04860878  0.05346966
meanDE  0.15252525  0.14444444     0.1650 0.13900000  0.14444444  0.14444444
varDE   0.08510638  0.19959473     0.1260 0.11600000  0.08409321  0.20263425
       PS_kde_Was PS_kde_JSD deseq2_pval mast_pval_glm mast_pval_glmer
EE     0.04966667 0.04416667       0.053         0.222      0.07175113
meanDE 0.16400000 0.13400000       0.243         0.447      0.23694779
varDE  0.12700000 0.11100000       0.061         0.775      0.51500000
[1] "ncase_13_nctrl_10_unequal_n_cell_fold_mean_1.2_var_1.5"
       KR_zinb_Was KR_zinb_JSD KR_kde_Was KR_kde_JSD PS_zinb_Was PS_zinb_JSD
EE      0.04948834  0.04948834 0.04616667 0.03833333  0.05015937  0.05150143
meanDE  0.28153380  0.26538850 0.31300000 0.17600000  0.28052472  0.27043391
varDE   0.21169355  0.42137097 0.31000000 0.22200000  0.21370968  0.42439516
       PS_kde_Was PS_kde_JSD deseq2_pval mast_pval_glm mast_pval_glmer
EE     0.05033333 0.03733333       0.066     0.6196667      0.07101184
meanDE 0.31800000 0.17300000       0.402     0.8840000      0.36500000
varDE  0.29700000 0.21200000       0.068     0.9980000      0.80200000
[1] "ncase_20_nctrl_20_ncell_1080_fold_mean_1.2_var_1.5"
       KR_zinb_Was KR_zinb_JSD KR_kde_Was KR_kde_JSD PS_zinb_Was PS_zinb_JSD
EE      0.04289319  0.04238856 0.04233333 0.05466667  0.04693019  0.04659378
meanDE  0.49849549  0.50451354 0.54800000 0.34200000  0.51855567  0.51253761
varDE   0.44589178  0.63627255 0.51500000 0.38300000  0.46392786  0.65230461
       PS_kde_Was PS_kde_JSD deseq2_pval mast_pval_glm mast_pval_glmer
EE         0.0465 0.05983333       0.060        0.8855      0.04133333
meanDE     0.5580 0.35600000       0.596        0.9880      0.38100000
varDE      0.5330 0.39300000       0.060        1.0000      0.84900000
[1] "ncase_20_nctrl_20_ncell_120_fold_mean_1.2_var_1.5"
       KR_zinb_Was KR_zinb_JSD KR_kde_Was KR_kde_JSD PS_zinb_Was PS_zinb_JSD
EE      0.05164319  0.04761905 0.04883333      0.062  0.05684105  0.05264923
meanDE  0.30171544  0.28052472 0.36500000      0.227  0.30978809  0.29263370
varDE   0.14257028  0.43373494 0.30000000      0.231  0.15763052  0.45582329
       PS_kde_Was PS_kde_JSD deseq2_pval mast_pval_glm mast_pval_glmer
EE         0.0535      0.063  0.05583333         0.443      0.04017336
meanDE     0.3740      0.237  0.50300000         0.817      0.29429429
varDE      0.3090      0.245  0.05900000         0.994      0.76900000
[1] "ncase_20_nctrl_20_ncell_360_fold_mean_1.2_var_1.5"
       KR_zinb_Was KR_zinb_JSD KR_kde_Was KR_kde_JSD PS_zinb_Was PS_zinb_JSD
EE      0.04585923  0.04737107 0.04566667 0.05316667  0.05274651  0.05157064
meanDE  0.41733871  0.39717742 0.49500000 0.28000000  0.42540323  0.41532258
varDE   0.33602422  0.61049445 0.48700000 0.30000000  0.35620585  0.62260343
       PS_kde_Was PS_kde_JSD deseq2_pval mast_pval_glm mast_pval_glmer
EE          0.051     0.0555  0.05983333         0.676      0.03933989
meanDE      0.497     0.2830  0.57600000         0.944      0.36000000
varDE       0.500     0.3140  0.05600000         1.000      0.83300000
[1] "ncase_5_nctrl_5_ncell_1080_fold_mean_1.2_var_1.5"
       KR_zinb_Was KR_zinb_JSD KR_kde_Was KR_kde_JSD PS_zinb_Was PS_zinb_JSD
EE      0.04272363  0.04122163 0.04066667 0.03616667  0.04272363  0.04722964
meanDE  0.08408408  0.07307307 0.07400000 0.05600000  0.12612613  0.11011011
varDE   0.05905906  0.09609610 0.06600000 0.06800000  0.08008008  0.15615616
       PS_kde_Was PS_kde_JSD deseq2_pval mast_pval_glm mast_pval_glmer
EE     0.04233333 0.04833333  0.07216667     0.9158333          0.1925
meanDE 0.13100000 0.08200000  0.16700000     0.9530000          0.3090
varDE  0.10800000 0.11800000  0.06200000     0.9920000          0.4760
[1] "ncase_5_nctrl_5_ncell_120_fold_mean_1.2_var_1.5"
       KR_zinb_Was KR_zinb_JSD KR_kde_Was KR_kde_JSD PS_zinb_Was PS_zinb_JSD
EE      0.03707415  0.03540414     0.0325 0.02716667  0.03974616  0.04275217
meanDE  0.06012024  0.05611222     0.0620 0.03200000  0.07114228  0.07014028
varDE   0.04204204  0.05505506     0.0440 0.03700000  0.05005005  0.08408408
       PS_kde_Was PS_kde_JSD deseq2_pval mast_pval_glm mast_pval_glmer
EE     0.03833333 0.04266667       0.063     0.4296667       0.1561196
meanDE 0.07900000 0.06000000       0.105     0.5090000       0.2291457
varDE  0.05700000 0.05500000       0.058     0.6720000       0.3263263
[1] "ncase_5_nctrl_5_ncell_360_fold_mean_1.2_var_1.5"
       KR_zinb_Was KR_zinb_JSD KR_kde_Was KR_kde_JSD PS_zinb_Was PS_zinb_JSD
EE      0.03826232  0.03625731      0.034 0.02816667  0.04210526  0.04761905
meanDE  0.08224674  0.07522568      0.075 0.04700000  0.08625878  0.09127382
varDE   0.05616851  0.07923771      0.052 0.04800000  0.06318957  0.12236710
       PS_kde_Was PS_kde_JSD deseq2_pval mast_pval_glm mast_pval_glmer
EE     0.04183333 0.04016667       0.068         0.687       0.1770295
meanDE 0.09700000 0.07600000       0.146         0.751       0.2732733
varDE  0.07600000 0.06700000       0.070         0.910       0.4350000
> 
> sessionInfo()
R version 4.0.3 (2020-10-10)
Platform: x86_64-apple-darwin17.0 (64-bit)
Running under: macOS Big Sur 10.16

Matrix products: default
BLAS:   /Library/Frameworks/R.framework/Versions/4.0/Resources/lib/libRblas.dylib
LAPACK: /Library/Frameworks/R.framework/Versions/4.0/Resources/lib/libRlapack.dylib

locale:
[1] en_US.UTF-8/en_US.UTF-8/en_US.UTF-8/C/en_US.UTF-8/en_US.UTF-8

attached base packages:
[1] stats     graphics  grDevices utils     datasets  methods   base     

other attached packages:
[1] ggpubr_0.4.0       RColorBrewer_1.1-2 stringr_1.4.0      reshape2_1.4.4    
[5] ggplot2_3.3.3     

loaded via a namespace (and not attached):
 [1] zip_2.1.1         Rcpp_1.0.5        cellranger_1.1.0  pillar_1.4.7     
 [5] compiler_4.0.3    plyr_1.8.6        forcats_0.5.0     tools_4.0.3      
 [9] digest_0.6.27     lifecycle_0.2.0   tibble_3.0.4      gtable_0.3.0     
[13] pkgconfig_2.0.3   rlang_0.4.10      openxlsx_4.2.3    curl_4.3         
[17] haven_2.3.1       rio_0.5.16        gridExtra_2.3     withr_2.3.0      
[21] dplyr_1.0.2       generics_0.1.0    vctrs_0.3.6       hms_0.5.3        
[25] cowplot_1.1.1     grid_4.0.3        tidyselect_1.1.0  glue_1.4.2       
[29] data.table_1.13.6 R6_2.5.0          rstatix_0.6.0     readxl_1.3.1     
[33] foreign_0.8-81    carData_3.0-4     farver_2.0.3      purrr_0.3.4      
[37] tidyr_1.1.2       car_3.0-10        magrittr_2.0.1    scales_1.1.1     
[41] backports_1.2.1   ellipsis_0.3.1    abind_1.4-5       colorspace_2.0-0 
[45] ggsignif_0.6.0    labeling_0.4.2    stringi_1.5.3     munsell_0.5.0    
[49] broom_0.7.3       crayon_1.3.4     
> q(save = "no")
> proc.time()
   user  system elapsed 
  4.971   0.254   5.456 
