
R version 3.6.2 (2019-12-12) -- "Dark and Stormy Night"
Copyright (C) 2019 The R Foundation for Statistical Computing
Platform: x86_64-apple-darwin15.6.0 (64-bit)

R is free software and comes with ABSOLUTELY NO WARRANTY.
You are welcome to redistribute it under certain conditions.
Type 'license()' or 'licence()' for distribution details.

  Natural language support but running in an English locale

R is a collaborative project with many contributors.
Type 'contributors()' for more information and
'citation()' on how to cite R or R packages in publications.

Type 'demo()' for some demos, 'help()' for on-line help, or
'help.start()' for an HTML browser interface to help.
Type 'q()' to quit R.

> 
> library(ggplot2)
> library(reshape2)
> library(stringr)
> library(RColorBrewer)
> library(ggpubr)
Loading required package: magrittr
> 
> theme_set(theme_bw())
> 
> # --------------------------------------------------------------------------
> # check all the result files
> # --------------------------------------------------------------------------
> 
> res.files = list.files(path="results", pattern="pval_ncase_\\S+.txt", 
+                        full.names=TRUE)
> res.files
[1] "results/pval_ncase_13_nctrl_10_ncell_360_fold_mean_1.2_var_1.5.txt"     
[2] "results/pval_ncase_13_nctrl_10_unequal_n_cell_fold_mean_1.2_var_1.5.txt"
[3] "results/pval_ncase_5_nctrl_5_ncell_360_fold_mean_1.2_var_1.5.txt"       
> 
> for(i in 1:length(res.files)){
+   file.i = basename(res.files[i])
+   ncase  = str_extract(file.i, '(?<=ncase_)\\d+')
+   nctrl  = str_extract(file.i, '(?<=nctrl_)\\d+')
+   r_mean = str_extract(file.i, '(?<=mean_)(\\d|\\.)+(?=(_|\\.txt))')
+   r_var  = str_extract(file.i, '(?<=var_)(\\d|\\.)+(?=(_|\\.txt))')
+ 
+   config = gsub("pval_", "", file.i)
+   config = gsub(".txt", "", config)
+   
+   pval2 = read.table(res.files[i], header=TRUE, as.is=TRUE)
+   dim(pval2)
+   pval2[1:2,]
+ 
+   cal.power <- function(x, geneType){
+     tapply(x, geneType, function(x){sum(x < 0.05, na.rm=TRUE)/sum(!is.na(x))})
+   }
+   
+   powers = apply(pval2[,-1], 2, cal.power, geneType=pval2$geneType)
+   
+   print(config)
+   print(powers)
+   
+   cols2rm = c("mast_pval_glm")
+   powers  = powers[,which(!colnames(powers) %in% cols2rm)]
+   gg = melt(powers)
+   
+   names(gg) = c("geneType", "method", "power")
+   gg$method = gsub("deseq2_pval", "DEseq2", gg$method)
+   gg$method = gsub("mast_pval_glmer", "MAST", gg$method)
+   
+   gg$method = factor(gg$method, levels = c("DEseq2", "MAST", 
+     "KR_kde_JSD", "PS_kde_JSD", "KR_kde_Was", "PS_kde_Was", 
+     "KR_zinb_JSD", "PS_zinb_JSD", "KR_zinb_Was", "PS_zinb_Was"))
+   
+   g1 = ggplot(subset(gg, geneType %in% c("EE")), 
+               aes(x=geneType, y=power, fill=method)) +
+     geom_bar(stat="identity", position=position_dodge()) + 
+     scale_fill_brewer(palette="Paired") + 
+     geom_hline(yintercept=0.05, col="red") + 
+     ylab("Type I error")
+   
+   g2 = ggplot(subset(gg, geneType %in% c("meanDE", "varDE")), 
+               aes(x=geneType, y=power, fill=method)) +
+     geom_bar(stat="identity", position=position_dodge()) + 
+     scale_fill_brewer(palette="Paired") + 
+     geom_hline(yintercept=0.05, col="red")
+   
+   gg1 = ggarrange(g1, g2, ncol = 2, nrow = 1, widths=c(1.25,2), 
+                   common.legend = TRUE, legend = "top")
+   
+   ggsave(sprintf("figures/power_%s.pdf", config), gg1, width=6, height=3)
+ }
[1] "ncase_13_nctrl_10_ncell_360_fold_mean_1.2_var_1.5"
       KR_zinb_Was KR_zinb_JSD KR_kde_Was KR_kde_JSD PS_zinb_Was PS_zinb_JSD
EE      0.04756322  0.05007536 0.04433333 0.05083333  0.04890303  0.05074527
meanDE  0.30823293  0.30923695 0.34400000 0.21700000  0.31024096  0.30522088
varDE   0.25327952  0.48032291 0.33100000 0.27400000  0.25832492  0.48435923
       PS_kde_Was PS_kde_JSD deseq2_pval mast_pval_glm mast_pval_glmer
EE     0.04783333 0.05216667  0.06316667        0.5775      0.06416667
meanDE 0.35400000 0.21600000  0.41500000        0.8830      0.35100000
varDE  0.35000000 0.26500000  0.07100000        0.9970      0.80600000
[1] "ncase_13_nctrl_10_unequal_n_cell_fold_mean_1.2_var_1.5"
       KR_zinb_Was KR_zinb_JSD KR_kde_Was KR_kde_JSD PS_zinb_Was PS_zinb_JSD
EE      0.04948834  0.04948834 0.04616667 0.03833333  0.05015937  0.05150143
meanDE  0.28153380  0.26538850 0.31300000 0.17600000  0.28052472  0.27043391
varDE   0.21169355  0.42137097 0.31000000 0.22200000  0.21370968  0.42439516
       PS_kde_Was PS_kde_JSD deseq2_pval mast_pval_glm mast_pval_glmer
EE     0.05033333 0.03733333       0.066     0.6196667      0.07101184
meanDE 0.31800000 0.17300000       0.402     0.8840000      0.36500000
varDE  0.29700000 0.21200000       0.068     0.9980000      0.80200000
[1] "ncase_5_nctrl_5_ncell_360_fold_mean_1.2_var_1.5"
       KR_zinb_Was KR_zinb_JSD KR_kde_Was KR_kde_JSD PS_zinb_Was PS_zinb_JSD
EE      0.03826232  0.03625731      0.034 0.02816667  0.04210526  0.04761905
meanDE  0.08224674  0.07522568      0.075 0.04700000  0.08625878  0.09127382
varDE   0.05616851  0.07923771      0.052 0.04800000  0.06318957  0.12236710
       PS_kde_Was PS_kde_JSD deseq2_pval mast_pval_glm mast_pval_glmer
EE     0.04183333 0.04016667       0.068         0.687       0.1770295
meanDE 0.09700000 0.07600000       0.146         0.751       0.2732733
varDE  0.07600000 0.06700000       0.070         0.910       0.4350000
> 
> sessionInfo()
R version 3.6.2 (2019-12-12)
Platform: x86_64-apple-darwin15.6.0 (64-bit)
Running under: macOS Catalina 10.15.6

Matrix products: default
BLAS:   /Library/Frameworks/R.framework/Versions/3.6/Resources/lib/libRblas.0.dylib
LAPACK: /Library/Frameworks/R.framework/Versions/3.6/Resources/lib/libRlapack.dylib

locale:
[1] en_US.UTF-8/en_US.UTF-8/en_US.UTF-8/C/en_US.UTF-8/en_US.UTF-8

attached base packages:
[1] stats     graphics  grDevices utils     datasets  methods   base     

other attached packages:
[1] ggpubr_0.2.5       magrittr_1.5       RColorBrewer_1.1-2 stringr_1.4.0     
[5] reshape2_1.4.3     ggplot2_3.3.1     

loaded via a namespace (and not attached):
 [1] Rcpp_1.0.3       cowplot_1.0.0    tidyselect_1.0.0 munsell_0.5.0   
 [5] colorspace_1.4-1 R6_2.4.1         rlang_0.4.6      plyr_1.8.5      
 [9] dplyr_0.8.4      tools_3.6.2      grid_3.6.2       gtable_0.3.0    
[13] withr_2.1.2      ellipsis_0.3.0   digest_0.6.23    assertthat_0.2.1
[17] tibble_3.0.1     lifecycle_0.2.0  ggsignif_0.6.0   crayon_1.3.4    
[21] gridExtra_2.3    farver_2.0.3     purrr_0.3.3      vctrs_0.3.0     
[25] glue_1.3.1       labeling_0.3     stringi_1.4.5    compiler_3.6.2  
[29] pillar_1.4.3     scales_1.1.0     pkgconfig_2.0.3 
> q(save = "no")
> proc.time()
   user  system elapsed 
  2.046   0.143   2.299 
