
R version 4.1.0 (2021-05-18) -- "Camp Pontanezen"
Copyright (C) 2021 The R Foundation for Statistical Computing
Platform: x86_64-apple-darwin17.0 (64-bit)

R is free software and comes with ABSOLUTELY NO WARRANTY.
You are welcome to redistribute it under certain conditions.
Type 'license()' or 'licence()' for distribution details.

  Natural language support but running in an English locale

R is a collaborative project with many contributors.
Type 'contributors()' for more information and
'citation()' on how to cite R or R packages in publications.

Type 'demo()' for some demos, 'help()' for on-line help, or
'help.start()' for an HTML browser interface to help.
Type 'q()' to quit R.

> 
> library(Matrix)
> library(data.table)
> library(dplyr)

Attaching package: ‘dplyr’

The following objects are masked from ‘package:data.table’:

    between, first, last

The following objects are masked from ‘package:stats’:

    filter, lag

The following objects are masked from ‘package:base’:

    intersect, setdiff, setequal, union

> library(DESeq2)
Loading required package: S4Vectors
Loading required package: stats4
Loading required package: BiocGenerics
Loading required package: parallel

Attaching package: ‘BiocGenerics’

The following objects are masked from ‘package:parallel’:

    clusterApply, clusterApplyLB, clusterCall, clusterEvalQ,
    clusterExport, clusterMap, parApply, parCapply, parLapply,
    parLapplyLB, parRapply, parSapply, parSapplyLB

The following objects are masked from ‘package:dplyr’:

    combine, intersect, setdiff, union

The following objects are masked from ‘package:stats’:

    IQR, mad, sd, var, xtabs

The following objects are masked from ‘package:base’:

    anyDuplicated, append, as.data.frame, basename, cbind, colnames,
    dirname, do.call, duplicated, eval, evalq, Filter, Find, get, grep,
    grepl, intersect, is.unsorted, lapply, Map, mapply, match, mget,
    order, paste, pmax, pmax.int, pmin, pmin.int, Position, rank,
    rbind, Reduce, rownames, sapply, setdiff, sort, table, tapply,
    union, unique, unsplit, which.max, which.min


Attaching package: ‘S4Vectors’

The following objects are masked from ‘package:dplyr’:

    first, rename

The following objects are masked from ‘package:data.table’:

    first, second

The following objects are masked from ‘package:Matrix’:

    expand, unname

The following objects are masked from ‘package:base’:

    expand.grid, I, unname

Loading required package: IRanges

Attaching package: ‘IRanges’

The following objects are masked from ‘package:dplyr’:

    collapse, desc, slice

The following object is masked from ‘package:data.table’:

    shift

Loading required package: GenomicRanges
Loading required package: GenomeInfoDb
Loading required package: SummarizedExperiment
Loading required package: MatrixGenerics
Loading required package: matrixStats

Attaching package: ‘matrixStats’

The following object is masked from ‘package:dplyr’:

    count


Attaching package: ‘MatrixGenerics’

The following objects are masked from ‘package:matrixStats’:

    colAlls, colAnyNAs, colAnys, colAvgsPerRowSet, colCollapse,
    colCounts, colCummaxs, colCummins, colCumprods, colCumsums,
    colDiffs, colIQRDiffs, colIQRs, colLogSumExps, colMadDiffs,
    colMads, colMaxs, colMeans2, colMedians, colMins, colOrderStats,
    colProds, colQuantiles, colRanges, colRanks, colSdDiffs, colSds,
    colSums2, colTabulates, colVarDiffs, colVars, colWeightedMads,
    colWeightedMeans, colWeightedMedians, colWeightedSds,
    colWeightedVars, rowAlls, rowAnyNAs, rowAnys, rowAvgsPerColSet,
    rowCollapse, rowCounts, rowCummaxs, rowCummins, rowCumprods,
    rowCumsums, rowDiffs, rowIQRDiffs, rowIQRs, rowLogSumExps,
    rowMadDiffs, rowMads, rowMaxs, rowMeans2, rowMedians, rowMins,
    rowOrderStats, rowProds, rowQuantiles, rowRanges, rowRanks,
    rowSdDiffs, rowSds, rowSums2, rowTabulates, rowVarDiffs, rowVars,
    rowWeightedMads, rowWeightedMeans, rowWeightedMedians,
    rowWeightedSds, rowWeightedVars

Loading required package: Biobase
Welcome to Bioconductor

    Vignettes contain introductory material; view with
    'browseVignettes()'. To cite Bioconductor, see
    'citation("Biobase")', and for packages 'citation("pkgname")'.


Attaching package: ‘Biobase’

The following object is masked from ‘package:MatrixGenerics’:

    rowMedians

The following objects are masked from ‘package:matrixStats’:

    anyMissing, rowMedians

Warning messages:
1: package ‘GenomeInfoDb’ was built under R version 4.1.1 
2: package ‘MatrixGenerics’ was built under R version 4.1.1 
> 
> 
> data.dir = "../../ideas_data/COVID/PBMC_10x"
> 
> args=(commandArgs(TRUE))
> args
[1] "grp='NKcells'"
> 
> if (length(args) != 1) {
+   message("one argument is expected, use 'CD8+Tcells_1' as default.\n")
+   grp = "CD8+Tcells_1"
+ }else{
+   eval(parse(text=args[[1]]))
+ }
> 
> grp
[1] "NKcells"
> 
> # ------------------------------------------------------------------------
> # read in cell information
> # ------------------------------------------------------------------------
> 
> cell_info = fread(file.path(data.dir, "meta.tsv"))
> dim(cell_info)
[1] 99049    40
> cell_info[1:2,]
                   cell orig.ident nCount_RNA nFeature_RNA nReads_RNA
1: 1_AAACCCAAGGCTTTCA-1    Covid19       4842         1925       4842
2: 1_AAACCCACAACTTCTT-1    Covid19       9582         3004       9582
   nReads_ALL percent.mito percent.hb       donor onset_of_symptoms
1:       5102     6.608839          0 C19-CB-0001        25.02.2020
2:      10008     4.195366          0 C19-CB-0003        29.02.2020
   days_after_onset        sampleID origID date_of_sampling DaysAfterSample0
1:               11 C19-CB-0001_d11   1_d4       06.03.2020                4
2:               13 C19-CB-0003_d13   3_d0       12.03.2020                0
   experiment PoolID sampletag         hash.ID        platform purification
1:       A3_2      1  Hashtag6 Hashtag6-TotalA scRNA-seq (10x)        Fresh
2:       A3_2      1  Hashtag8 Hashtag8-TotalA scRNA-seq (10x)        Fresh
   cells   age  sex group_per_sample who_per_sample disease_stage    outcome
1:  PBMC 21_25 male             mild              3          late discharged
2:  PBMC 41_45 male             mild              3          late discharged
             comorbidities COVID.19.related_medication_and_anti.microbials
1:                    none                                            none
2: Cardiovascular diseases                                            none
   RNA_snn_res.0.4  cluster_labels_res.0.4 new.order                id.celltype
1:               7 HLA-DR+ CD83+ Monocytes         1 1: HLA-DR+ CD83+ Monocytes
2:               7 HLA-DR+ CD83+ Monocytes         1 1: HLA-DR+ CD83+ Monocytes
   hpca.labels blueprint.labels monaco.labels immune.labels dmap.labels
1:    Monocyte        Monocytes     Monocytes     Monocytes   Monocytes
2:    Monocyte        Monocytes     Monocytes     Monocytes   Monocytes
   hemato.labels
1:     Monocytes
2:     Monocytes
> 
> table(cell_info$id.celltype)

     0: Classical Monocytes  1: HLA-DR+ CD83+ Monocytes 
                      16982                        3414 
         10: CD4+ T cells_2          11: CD4+ T cells_3 
                      10588                        2969 
         12: CD8+ T cells_1          13: CD8+ T cells_2 
                      11002                        1119 
         14: CD8+ T cells_3                15: NK cells 
                       2981                        8436 
              16: B cells_1               17: B cells_2 
                       7235                         259 
              18: B cells_3            19: Plasmablasts 
                        209                         839 
        2: CD163+ Monocytes           20: Megakaryocyte 
                       1445                        1161 
                  21: mixed               22: undefined 
                        164                         161 
3: HLA-DR- S100A+ monocytes  4: Non-classical Monocytes 
                       5273                        3399 
             5: Neutrophils     6: Immature Neutrophils 
                       2878                        1386 
                    7: mDCs                     8: pDCs 
                        833                         516 
          9: CD4+ T cells_1 
                      15800 
> 
> sort(table(paste(cell_info$group_per_sample, cell_info$donor, sep=":")))

severe:C19-CB-0011   mild:C19-CB-0052   control:one_k_v3       control:P07H 
               932               1132               1142               1211 
  mild:C19-CB-0005       control:P04H       control:P08H       control:P17H 
              1323               1410               1440               1486 
    control:C2P05F       control:P20H       control:P15F       control:P18F 
              1494               1504               1511               1576 
    control:C2P01H       control:P06F       control:P13H     control:C2P07H 
              1701               1715               1725               1753 
severe:C19-CB-0199   mild:C19-CB-0214   mild:C19-CB-0053     control:C2P15H 
              1755               1777               1812               1817 
    control:C2P19H     control:C2P16H     control:C2P10H     control:C2P13F 
              1879               2153               2200               2231 
      control:P02H       control:P09H severe:C19-CB-0016   mild:C19-CB-0003 
              2379               2469               2524               2583 
severe:C19-CB-0013   mild:C19-CB-0204 severe:C19-CB-0198   mild:C19-CB-0002 
              2713               2823               2992               3131 
severe:C19-CB-0021   mild:C19-CB-0001 severe:C19-CB-0012 severe:C19-CB-0020 
              3288               3614               3677               3789 
severe:C19-CB-0008 severe:C19-CB-0009  control:Five_k_v3   control:Ten_k_v3 
              4069               4332               4626              11361 
> 
> # ------------------------------------------------------------------------
> # read in count data of cell type
> # ------------------------------------------------------------------------
> 
> dat = readRDS(file.path(data.dir, sprintf("ct_mtx/%s.rds", grp)))
> dim(dat)
[1] 10167  8436
> class(dat)
[1] "dgCMatrix"
attr(,"package")
[1] "Matrix"
> dat[1:5,1:4]
5 x 4 sparse Matrix of class "dgCMatrix"
          1_AAATGGATCATCAGTG-1 1_AACAAAGGTATGATCC-1 1_AACGAAACAGGTGGAT-1
LINC00115                    .                    .                    .
NOC2L                        .                    .                    .
HES4                         .                    .                    .
ISG15                        .                    1                    1
C1orf159                     .                    .                    .
          1_AATGGAACATGGGTCC-1
LINC00115                    .
NOC2L                        .
HES4                         .
ISG15                        1
C1orf159                     .
> 
> # ------------------------------------------------------------------------
> # subset cell information
> # ------------------------------------------------------------------------
> 
> table(colnames(dat) %in% cell_info$cell)

TRUE 
8436 
> meta = cell_info[match(colnames(dat), cell_info$cell),]
> dim(meta)
[1] 8436   40
> meta[1:2,]
                   cell orig.ident nCount_RNA nFeature_RNA nReads_RNA
1: 1_AAATGGATCATCAGTG-1    Covid19       4317         1905       4317
2: 1_AACAAAGGTATGATCC-1    Covid19       3134         1532       3134
   nReads_ALL percent.mito percent.hb       donor onset_of_symptoms
1:       4512     7.319898          0 C19-CB-0002        25.02.2020
2:       3284     4.626675          0 C19-CB-0001        25.02.2020
   days_after_onset        sampleID origID date_of_sampling DaysAfterSample0
1:               13 C19-CB-0002_d13   2_d6       09.03.2020                6
2:               11 C19-CB-0001_d11   1_d4       06.03.2020                4
   experiment PoolID sampletag         hash.ID        platform purification
1:       A3_2      1  Hashtag5 Hashtag5-TotalA scRNA-seq (10x)        Fresh
2:       A3_2      1  Hashtag6 Hashtag6-TotalA scRNA-seq (10x)        Fresh
   cells   age    sex group_per_sample who_per_sample disease_stage    outcome
1:  PBMC 31_35 female             mild              3          late discharged
2:  PBMC 21_25   male             mild              3          late discharged
   comorbidities COVID.19.related_medication_and_anti.microbials
1:          none                                            none
2:          none                                            none
   RNA_snn_res.0.4 cluster_labels_res.0.4 new.order  id.celltype hpca.labels
1:               4                     NK        15 15: NK cells     NK_cell
2:               4                     NK        15 15: NK cells     NK_cell
   blueprint.labels monaco.labels immune.labels dmap.labels hemato.labels
1:         NK cells      NK cells      NK cells    NK cells      NK cells
2:         NK cells      NK cells      NK cells    NK cells      NK cells
> 
> summary(meta$nCount_RNA/meta$nFeature_RNA)
   Min. 1st Qu.  Median    Mean 3rd Qu.    Max. 
  1.381   2.179   2.507   2.471   2.756   4.327 
> 
> # check how many samples (each sample contains multiple cells) each donor has
> table(tapply(meta$sampleID, meta$donor, function(v){length(unique(v))}))

 1  2  3 
32  7  1 
> 
> 
> table(meta$cluster_labels_res.0.4)

  NK 
8436 
> table(meta$id.celltype)

15: NK cells 
        8436 
> 
> sort(table(paste(meta$group_per_sample, meta$sampleID, sep=":")))

  mild:C19-CB-0001_d16        control:P04H_d0   mild:C19-CB-0005_d15 
                     9                     11                     16 
  mild:C19-CB-0005_d20 severe:C19-CB-0008_d13   mild:C19-CB-0001_d11 
                    20                     21                     24 
  mild:C19-CB-0002_d13        control:P07H_d0   mild:C19-CB-0003_d13 
                    24                     25                     26 
       control:P06F_d0      control:C2P13F_d0        control:P13H_d0 
                    35                     53                     55 
 severe:C19-CB-0013_d8  severe:C19-CB-0199_d8      control:C2P15H_d0 
                    56                     56                     57 
   control:one_k_v3_d0  severe:C19-CB-0012_d9 severe:C19-CB-0011_d13 
                    58                     61                     71 
       control:P20H_d0   mild:C19-CB-0003_d18        control:P15F_d0 
                    75                     84                     86 
  mild:C19-CB-0052_d10        control:P17H_d0    mild:C19-CB-0001_d7 
                   105                    112                    115 
severe:C19-CB-0016_d16        control:P08H_d0  severe:C19-CB-0009_d9 
                   130                    132                    133 
severe:C19-CB-0198_d18 severe:C19-CB-0008_d20      control:C2P05F_d0 
                   145                    155                    172 
     control:C2P07H_d0    mild:C19-CB-0002_d8      control:C2P01H_d0 
                   184                    192                    201 
     control:C2P10H_d0 severe:C19-CB-0009_d16      control:C2P16H_d0 
                   224                    232                    256 
       control:P18F_d0   mild:C19-CB-0204_d15    mild:C19-CB-0214_d7 
                   257                    286                    301 
severe:C19-CB-0013_d15        control:P02H_d0 severe:C19-CB-0021_d18 
                   301                    324                    328 
  control:Five_k_v3_d0        control:P09H_d0 severe:C19-CB-0012_d16 
                   330                    366                    413 
   mild:C19-CB-0053_d3      control:C2P19H_d0    control:Ten_k_v3_d0 
                   477                    493                    557 
severe:C19-CB-0020_d16 
                   592 
> 
> # ------------------------------------------------------------------------
> # generate individual level information
> # ------------------------------------------------------------------------
> 
> meta_ind_explore = distinct(meta[,c('donor', 'age', 'sex', 'group_per_sample')])
> dim(meta_ind_explore)
[1] 40  4
> # none of the control donors have either age or sex information
> meta_ind_explore
          donor   age    sex group_per_sample
 1: C19-CB-0002 31_35 female             mild
 2: C19-CB-0001 21_25   male             mild
 3: C19-CB-0003 41_45   male             mild
 4: C19-CB-0005 71_75   male             mild
 5: C19-CB-0009 76_80 female           severe
 6: C19-CB-0013 71_75   male           severe
 7: C19-CB-0012 71_75   male           severe
 8: C19-CB-0011 61_65   male           severe
 9: C19-CB-0008 61_65   male           severe
10: C19-CB-0020 51_55 female           severe
11: C19-CB-0021 51_55   male           severe
12: C19-CB-0016 71_75   male           severe
13: C19-CB-0204 71_75 female             mild
14: C19-CB-0198 41_45 female           severe
15: C19-CB-0199 56_60 female           severe
16: C19-CB-0214 66_70   male             mild
17: C19-CB-0053 71_75   male             mild
18: C19-CB-0052 66_70   male             mild
19:        P17H   n/a    n/a          control
20:        P18F   n/a    n/a          control
21:        P20H   n/a    n/a          control
22:        P08H   n/a    n/a          control
23:        P13H   n/a    n/a          control
24:        P15F   n/a    n/a          control
25:        P07H   n/a    n/a          control
26:        P06F   n/a    n/a          control
27:        P04H   n/a    n/a          control
28:      C2P01H   n/a    n/a          control
29:        P09H   n/a    n/a          control
30:        P02H   n/a    n/a          control
31:      C2P07H   n/a    n/a          control
32:      C2P05F   n/a    n/a          control
33:      C2P10H   n/a    n/a          control
34:      C2P16H   n/a    n/a          control
35:      C2P13F   n/a    n/a          control
36:      C2P19H   n/a    n/a          control
37:      C2P15H   n/a    n/a          control
38:    one_k_v3   n/a    n/a          control
39:   Five_k_v3   n/a    n/a          control
40:    Ten_k_v3   n/a    n/a          control
          donor   age    sex group_per_sample
> 
> 
> length(unique(meta$donor))
[1] 40
> 
> if(nrow(meta_ind_explore) != length(unique(meta$donor))){
+   stop("there is non-unique information\n")
+ }
> 
> 
> # filter out cells from early stage samples
> 
> table(meta$donor, meta$disease_stage)
             
              control early late
  C19-CB-0001       0   115   33
  C19-CB-0002       0   192   24
  C19-CB-0003       0     0  110
  C19-CB-0005       0     0   36
  C19-CB-0008       0     0  176
  C19-CB-0009       0   133  232
  C19-CB-0011       0     0   71
  C19-CB-0012       0    61  413
  C19-CB-0013       0    56  301
  C19-CB-0016       0     0  130
  C19-CB-0020       0     0  592
  C19-CB-0021       0     0  328
  C19-CB-0052       0   105    0
  C19-CB-0053       0   477    0
  C19-CB-0198       0     0  145
  C19-CB-0199       0    56    0
  C19-CB-0204       0     0  286
  C19-CB-0214       0   301    0
  C2P01H          201     0    0
  C2P05F          172     0    0
  C2P07H          184     0    0
  C2P10H          224     0    0
  C2P13F           53     0    0
  C2P15H           57     0    0
  C2P16H          256     0    0
  C2P19H          493     0    0
  Five_k_v3       330     0    0
  one_k_v3         58     0    0
  P02H            324     0    0
  P04H             11     0    0
  P06F             35     0    0
  P07H             25     0    0
  P08H            132     0    0
  P09H            366     0    0
  P13H             55     0    0
  P15F             86     0    0
  P17H            112     0    0
  P18F            257     0    0
  P20H             75     0    0
  Ten_k_v3        557     0    0
> 
> meta_no_early = meta[which(meta$disease_stage != "early"),]
> dim(meta_no_early)
[1] 6940   40
> 
> table(meta_no_early$donor, meta_no_early$disease_stage)
             
              control late
  C19-CB-0001       0   33
  C19-CB-0002       0   24
  C19-CB-0003       0  110
  C19-CB-0005       0   36
  C19-CB-0008       0  176
  C19-CB-0009       0  232
  C19-CB-0011       0   71
  C19-CB-0012       0  413
  C19-CB-0013       0  301
  C19-CB-0016       0  130
  C19-CB-0020       0  592
  C19-CB-0021       0  328
  C19-CB-0198       0  145
  C19-CB-0204       0  286
  C2P01H          201    0
  C2P05F          172    0
  C2P07H          184    0
  C2P10H          224    0
  C2P13F           53    0
  C2P15H           57    0
  C2P16H          256    0
  C2P19H          493    0
  Five_k_v3       330    0
  one_k_v3         58    0
  P02H            324    0
  P04H             11    0
  P06F             35    0
  P07H             25    0
  P08H            132    0
  P09H            366    0
  P13H             55    0
  P15F             86    0
  P17H            112    0
  P18F            257    0
  P20H             75    0
  Ten_k_v3        557    0
> 
> df_donor = as.data.frame(table(meta_no_early$donor))
> donor2kp = df_donor$Var1[which(df_donor$Freq >= 30)]
> 
> meta2kp = meta_no_early[which(meta_no_early$donor %in% donor2kp),]
> dim(meta2kp)
[1] 6880   40
> 
> cell2kp_index = which(meta$cell %in% meta2kp$cell)
> 
> # select counts of cells to keep
> dat1 = dat[, cell2kp_index]
> mean(colnames(dat1) == meta2kp$cell)
[1] 1
> 
> meta_ind = distinct(meta2kp[,c('donor', 'group_per_sample')])
> meta_ind$group_per_sample[which(meta_ind$group_per_sample != "control")] = "COVID"
> meta_ind
          donor group_per_sample
 1: C19-CB-0001            COVID
 2: C19-CB-0003            COVID
 3: C19-CB-0005            COVID
 4: C19-CB-0011            COVID
 5: C19-CB-0008            COVID
 6: C19-CB-0020            COVID
 7: C19-CB-0013            COVID
 8: C19-CB-0021            COVID
 9: C19-CB-0009            COVID
10: C19-CB-0012            COVID
11: C19-CB-0016            COVID
12: C19-CB-0204            COVID
13: C19-CB-0198            COVID
14:        P17H          control
15:        P18F          control
16:        P20H          control
17:        P08H          control
18:        P13H          control
19:        P15F          control
20:        P06F          control
21:      C2P01H          control
22:        P09H          control
23:        P02H          control
24:      C2P07H          control
25:      C2P05F          control
26:      C2P10H          control
27:      C2P16H          control
28:      C2P13F          control
29:      C2P19H          control
30:      C2P15H          control
31:    one_k_v3          control
32:   Five_k_v3          control
33:    Ten_k_v3          control
          donor group_per_sample
> 
> # ------------------------------------------------------------------------
> # collect count data
> # ------------------------------------------------------------------------
> 
> trec1 = matrix(NA, nrow=nrow(dat1), ncol=nrow(meta_ind))
> colnames(trec1) = meta_ind$donor
> rownames(trec1) = rownames(dat1)
> dim(trec1)
[1] 10167    33
> trec1[1:2,1:3]
          C19-CB-0001 C19-CB-0003 C19-CB-0005
LINC00115          NA          NA          NA
NOC2L              NA          NA          NA
> 
> for(i in 1:ncol(trec1)){
+   wi = which(meta2kp$donor == meta_ind$donor[i])
+   trec1[,i] = rowSums(dat1[,wi])
+ }
> 
> dim(trec1)
[1] 10167    33
> trec1[1:2,1:3]
          C19-CB-0001 C19-CB-0003 C19-CB-0005
LINC00115           1           2           1
NOC2L               8          25           9
> 
> # ------------------------------------------------------------------------
> # run DESeq2
> # ------------------------------------------------------------------------
> 
> colData = meta_ind
> colnames(colData)[2] = 'diagnosis'
> for(i in 1:ncol(colData)){
+   if(is.character(colData[[i]])){
+     colData[[i]] = as.factor(colData[[i]])
+   }
+ }
> dim(colData)
[1] 33  2
> colData[1:2,]
         donor diagnosis
1: C19-CB-0001     COVID
2: C19-CB-0003     COVID
> summary(colData)
         donor      diagnosis 
 C19-CB-0001: 1   control:20  
 C19-CB-0003: 1   COVID  :13  
 C19-CB-0005: 1               
 C19-CB-0008: 1               
 C19-CB-0009: 1               
 C19-CB-0011: 1               
 (Other)    :27               
> 
> colData$diagnosis = factor(colData$diagnosis, levels=c("control", "COVID"))
> 
> 
> dd0 = DESeqDataSetFromMatrix(countData = trec1, 
+                              colData = colData,
+                              design = ~ diagnosis)
converting counts to integer mode
> dd0  = DESeq(dd0)
estimating size factors
estimating dispersions
gene-wise dispersion estimates
mean-dispersion relationship
final dispersion estimates
fitting model and testing
-- replacing outliers and refitting for 126 genes
-- DESeq argument 'minReplicatesForReplace' = 7 
-- original counts are preserved in counts(dds)
estimating dispersions
fitting model and testing
> res0 = results(dd0)
> dim(res0)
[1] 10167     6
> head(res0)
log2 fold change (MLE): diagnosis COVID vs control 
Wald test p-value: diagnosis COVID vs control 
DataFrame with 6 rows and 6 columns
           baseMean log2FoldChange     lfcSE      stat    pvalue      padj
          <numeric>      <numeric> <numeric> <numeric> <numeric> <numeric>
LINC00115   1.28951      0.8279136  0.417147  1.984702 0.0471776 0.0903305
NOC2L      18.58749      0.0449413  0.143430  0.313333 0.7540277 0.8234432
HES4        6.36643      0.5784689  0.434973  1.329895 0.1835527 0.2750856
ISG15      71.24300      0.2636493  0.144619  1.823055 0.0682951 0.1222027
C1orf159    2.24328     -0.1687942  0.389776 -0.433055 0.6649750 0.7508664
TNFRSF18   27.78164      0.3365584  0.309027  1.089090 0.2761142 0.3826159
> summary(res0)

out of 10167 with nonzero total read count
adjusted p-value < 0.1
LFC > 0 (up)       : 2996, 29%
LFC < 0 (down)     : 2440, 24%
outliers [1]       : 0, 0%
low counts [2]     : 0, 0%
(mean count < 0)
[1] see 'cooksCutoff' argument of ?results
[2] see 'independentFiltering' argument of ?results

> 
> 
> # no donor level information in COVID data for control group
> # not considering the following part for now
> 
> #dds = DESeqDataSetFromMatrix(countData = trec1, 
> #                             colData = colData,
> #                             design = ~ age + sex + Seqbatch + RIN + diagnosis)
> #dds = DESeq(dds)
> 
> #res = results(dds)
> #dim(res)
> #head(res)
> #summary(res)
> 
> #nms = resultsNames(dds)
> #nms
> #nms = nms[-1]
> 
> nms = resultsNames(dd0)
> nms
[1] "Intercept"                  "diagnosis_COVID_vs_control"
> nms = nms[-1]
> 
> 
> #pvals2 = matrix(NA, nrow=nrow(trec1), ncol=length(nms))
> 
> #for(k in 1:length(nms)){
> #  rk = results(dds, name=nms[k])
> #  pvals2[,k] = rk$pvalue
> #}
> 
> #colnames(pvals2) = nms
> #dim(pvals2)
> #head(pvals2)
> #summary(pvals2)
> 
> 
> pvals = matrix(NA, nrow=nrow(trec1), ncol=length(nms))
> 
> for(k in 1:length(nms)){
+   rk = results(dd0, name=nms[k])
+   pvals[,k] = rk$pvalue
+ }
> 
> colnames(pvals) = nms
> dim(pvals)
[1] 10167     1
> head(pvals)
     diagnosis_COVID_vs_control
[1,]                 0.04717761
[2,]                 0.75402772
[3,]                 0.18355272
[4,]                 0.06829506
[5,]                 0.66497504
[6,]                 0.27611416
> summary(pvals)
 diagnosis_COVID_vs_control
 Min.   :0.0000000         
 1st Qu.:0.0003117         
 Median :0.0368997         
 Mean   :0.2005660         
 3rd Qu.:0.3298756         
 Max.   :0.9999577         
> 
> 
> #pdf(sprintf("figures/step1b_DESeq2_%s_pval_hist_final.pdf", grp), 
> #    width=9, height=6)
> #par(mfrow=c(2,3), bty="n", mar=c(5,4,2,1))
> #for(k in 1:length(nms)){
> #  hist(pvals2[,k], main=nms[k], xlab="p-value", breaks=50)
> #}
> 
> #dev.off()
> 
> pdf(sprintf("figures/1b_DESeq2_%s_pval_hist.pdf", grp), 
+     width=3, height=3)
> hist(pvals[,1], main=nms[1], xlab="p-value", breaks=50)
> dev.off()
null device 
          1 
> 
> 
> 
> # ------------------------------------------------------------------------
> # summarize p-value distribution
> # ------------------------------------------------------------------------
> 
> #pdf(sprintf("figures/step1b_DESeq2_%s_compare_pval_Seq.pdf", grp), 
> #    width=9, height=3)
> #par(mfrow=c(1,3), bty="n", mar=c(5,4,1,1))
> #hist(res0$pvalue, main="without covariates", xlab="p-value")
> #hist(res$pvalue, main="with covariates (Seq)", xlab="p-value")
> #plot(-log10(res0$pvalue), -log10(res$pvalue), main="-log10(p-value)", 
> #     xlab="without covariates", ylab="with covariates (Seq)", 
> #     pch=20, cex=0.2, col=rgb(0.8, 0.1, 0.1, 0.5))
> #abline(0, 1, col="darkblue")
> #dev.off()
> 
> 
> 
> # ------------------------------------------------------------------------
> # save the results
> # ------------------------------------------------------------------------
> 
> dim(res0)
[1] 10167     6
> res0[1:2,]
log2 fold change (MLE): diagnosis COVID vs control 
Wald test p-value: diagnosis COVID vs control 
DataFrame with 2 rows and 6 columns
           baseMean log2FoldChange     lfcSE      stat    pvalue      padj
          <numeric>      <numeric> <numeric> <numeric> <numeric> <numeric>
LINC00115   1.28951      0.8279136  0.417147  1.984702 0.0471776 0.0903305
NOC2L      18.58749      0.0449413  0.143430  0.313333 0.7540277 0.8234432
> 
> #dim(res)
> #res[1:2,]
> 
> res0 = as.data.frame(res0)
> #res  = as.data.frame(res)
> 
> 
> fwrite(res0, file=sprintf("res/1b_DESeq2_%s_no_covariates.tsv", grp), 
+        sep = "\t")
> 
> 
> #fwrite(res, file=sprintf("res/step1b_DESeq2_%s_adj_covariates.tsv", grp), 
> #            sep = "\t")
> 
> gc()
           used  (Mb) gc trigger  (Mb) limit (Mb) max used  (Mb)
Ncells  6822929 364.4   10082205 538.5         NA 10082205 538.5
Vcells 54037652 412.3   92240976 703.8      65536 69685961 531.7
> 
> 
> sessionInfo()
R version 4.1.0 (2021-05-18)
Platform: x86_64-apple-darwin17.0 (64-bit)
Running under: macOS Big Sur 10.16

Matrix products: default
BLAS:   /Library/Frameworks/R.framework/Versions/4.1/Resources/lib/libRblas.dylib
LAPACK: /Library/Frameworks/R.framework/Versions/4.1/Resources/lib/libRlapack.dylib

locale:
[1] en_US.UTF-8/en_US.UTF-8/en_US.UTF-8/C/en_US.UTF-8/en_US.UTF-8

attached base packages:
[1] parallel  stats4    stats     graphics  grDevices utils     datasets 
[8] methods   base     

other attached packages:
 [1] DESeq2_1.32.0               SummarizedExperiment_1.22.0
 [3] Biobase_2.52.0              MatrixGenerics_1.4.3       
 [5] matrixStats_0.61.0          GenomicRanges_1.44.0       
 [7] GenomeInfoDb_1.28.4         IRanges_2.26.0             
 [9] S4Vectors_0.30.0            BiocGenerics_0.38.0        
[11] dplyr_1.0.7                 data.table_1.14.0          
[13] Matrix_1.3-3               

loaded via a namespace (and not attached):
 [1] Rcpp_1.0.7             locfit_1.5-9.4         lattice_0.20-44       
 [4] png_0.1-7              Biostrings_2.60.2      utf8_1.2.1            
 [7] R6_2.5.0               RSQLite_2.2.8          httr_1.4.2            
[10] ggplot2_3.3.5          pillar_1.6.1           zlibbioc_1.38.0       
[13] rlang_0.4.11           rstudioapi_0.13        annotate_1.70.0       
[16] blob_1.2.2             splines_4.1.0          BiocParallel_1.26.2   
[19] geneplotter_1.70.0     RCurl_1.98-1.5         bit_4.0.4             
[22] munsell_0.5.0          DelayedArray_0.18.0    compiler_4.1.0        
[25] pkgconfig_2.0.3        tidyselect_1.1.1       KEGGREST_1.32.0       
[28] tibble_3.1.2           GenomeInfoDbData_1.2.6 XML_3.99-0.8          
[31] fansi_0.5.0            crayon_1.4.1           bitops_1.0-7          
[34] grid_4.1.0             xtable_1.8-4           gtable_0.3.0          
[37] lifecycle_1.0.0        DBI_1.1.1              magrittr_2.0.1        
[40] scales_1.1.1           cachem_1.0.5           XVector_0.32.0        
[43] genefilter_1.74.0      ellipsis_0.3.2         generics_0.1.0        
[46] vctrs_0.3.8            RColorBrewer_1.1-2     tools_4.1.0           
[49] bit64_4.0.5            glue_1.4.2             purrr_0.3.4           
[52] fastmap_1.1.0          survival_3.2-11        AnnotationDbi_1.54.1  
[55] colorspace_2.0-2       memoise_2.0.0         
> q(save="no")
> proc.time()
   user  system elapsed 
 15.322   0.423  15.741 
