
R version 4.1.0 (2021-05-18) -- "Camp Pontanezen"
Copyright (C) 2021 The R Foundation for Statistical Computing
Platform: x86_64-apple-darwin17.0 (64-bit)

R is free software and comes with ABSOLUTELY NO WARRANTY.
You are welcome to redistribute it under certain conditions.
Type 'license()' or 'licence()' for distribution details.

  Natural language support but running in an English locale

R is a collaborative project with many contributors.
Type 'contributors()' for more information and
'citation()' on how to cite R or R packages in publications.

Type 'demo()' for some demos, 'help()' for on-line help, or
'help.start()' for an HTML browser interface to help.
Type 'q()' to quit R.

> library(Matrix)
> library(data.table)
> library(dplyr)

Attaching package: ‘dplyr’

The following objects are masked from ‘package:data.table’:

    between, first, last

The following objects are masked from ‘package:stats’:

    filter, lag

The following objects are masked from ‘package:base’:

    intersect, setdiff, setequal, union

> 
> data.dir = "../../ideas_data/COVID/PBMC_10x"
> 
> args=(commandArgs(TRUE))
> args
[1] "grp='NKcells'"
> 
> if (length(args) != 1) {
+   message("one argument is expected, use 'CD8+Tcells_1' as default.\n")
+   grp = "CD8+Tcells_1"
+ }else{
+   eval(parse(text=args[[1]]))
+ }
> 
> grp
[1] "NKcells"
> 
> # ------------------------------------------------------------------------
> # read in cell information
> # ------------------------------------------------------------------------
> 
> cell_info = fread(file.path(data.dir, "meta.tsv"))
> dim(cell_info)
[1] 99049    40
> cell_info[1:2,]
                   cell orig.ident nCount_RNA nFeature_RNA nReads_RNA
1: 1_AAACCCAAGGCTTTCA-1    Covid19       4842         1925       4842
2: 1_AAACCCACAACTTCTT-1    Covid19       9582         3004       9582
   nReads_ALL percent.mito percent.hb       donor onset_of_symptoms
1:       5102     6.608839          0 C19-CB-0001        25.02.2020
2:      10008     4.195366          0 C19-CB-0003        29.02.2020
   days_after_onset        sampleID origID date_of_sampling DaysAfterSample0
1:               11 C19-CB-0001_d11   1_d4       06.03.2020                4
2:               13 C19-CB-0003_d13   3_d0       12.03.2020                0
   experiment PoolID sampletag         hash.ID        platform purification
1:       A3_2      1  Hashtag6 Hashtag6-TotalA scRNA-seq (10x)        Fresh
2:       A3_2      1  Hashtag8 Hashtag8-TotalA scRNA-seq (10x)        Fresh
   cells   age  sex group_per_sample who_per_sample disease_stage    outcome
1:  PBMC 21_25 male             mild              3          late discharged
2:  PBMC 41_45 male             mild              3          late discharged
             comorbidities COVID.19.related_medication_and_anti.microbials
1:                    none                                            none
2: Cardiovascular diseases                                            none
   RNA_snn_res.0.4  cluster_labels_res.0.4 new.order                id.celltype
1:               7 HLA-DR+ CD83+ Monocytes         1 1: HLA-DR+ CD83+ Monocytes
2:               7 HLA-DR+ CD83+ Monocytes         1 1: HLA-DR+ CD83+ Monocytes
   hpca.labels blueprint.labels monaco.labels immune.labels dmap.labels
1:    Monocyte        Monocytes     Monocytes     Monocytes   Monocytes
2:    Monocyte        Monocytes     Monocytes     Monocytes   Monocytes
   hemato.labels
1:     Monocytes
2:     Monocytes
> 
> table(cell_info$id.celltype)

     0: Classical Monocytes  1: HLA-DR+ CD83+ Monocytes 
                      16982                        3414 
         10: CD4+ T cells_2          11: CD4+ T cells_3 
                      10588                        2969 
         12: CD8+ T cells_1          13: CD8+ T cells_2 
                      11002                        1119 
         14: CD8+ T cells_3                15: NK cells 
                       2981                        8436 
              16: B cells_1               17: B cells_2 
                       7235                         259 
              18: B cells_3            19: Plasmablasts 
                        209                         839 
        2: CD163+ Monocytes           20: Megakaryocyte 
                       1445                        1161 
                  21: mixed               22: undefined 
                        164                         161 
3: HLA-DR- S100A+ monocytes  4: Non-classical Monocytes 
                       5273                        3399 
             5: Neutrophils     6: Immature Neutrophils 
                       2878                        1386 
                    7: mDCs                     8: pDCs 
                        833                         516 
          9: CD4+ T cells_1 
                      15800 
> 
> # ------------------------------------------------------------------------
> # read in count data of one region and one cluster
> # ------------------------------------------------------------------------
> 
> dat = readRDS(file.path(data.dir, sprintf("ct_mtx/%s.rds", grp)))
> dim(dat)
[1] 10167  8436
> class(dat)
[1] "dgCMatrix"
attr(,"package")
[1] "Matrix"
> dat[1:5,1:4]
5 x 4 sparse Matrix of class "dgCMatrix"
          1_AAATGGATCATCAGTG-1 1_AACAAAGGTATGATCC-1 1_AACGAAACAGGTGGAT-1
LINC00115                    .                    .                    .
NOC2L                        .                    .                    .
HES4                         .                    .                    .
ISG15                        .                    1                    1
C1orf159                     .                    .                    .
          1_AATGGAACATGGGTCC-1
LINC00115                    .
NOC2L                        .
HES4                         .
ISG15                        1
C1orf159                     .
> 
> # ------------------------------------------------------------------------
> # subset cell information
> # ------------------------------------------------------------------------
> 
> table(colnames(dat) %in% cell_info$cell)

TRUE 
8436 
> meta = cell_info[match(colnames(dat), cell_info$cell),]
> dim(meta)
[1] 8436   40
> meta[1:2,]
                   cell orig.ident nCount_RNA nFeature_RNA nReads_RNA
1: 1_AAATGGATCATCAGTG-1    Covid19       4317         1905       4317
2: 1_AACAAAGGTATGATCC-1    Covid19       3134         1532       3134
   nReads_ALL percent.mito percent.hb       donor onset_of_symptoms
1:       4512     7.319898          0 C19-CB-0002        25.02.2020
2:       3284     4.626675          0 C19-CB-0001        25.02.2020
   days_after_onset        sampleID origID date_of_sampling DaysAfterSample0
1:               13 C19-CB-0002_d13   2_d6       09.03.2020                6
2:               11 C19-CB-0001_d11   1_d4       06.03.2020                4
   experiment PoolID sampletag         hash.ID        platform purification
1:       A3_2      1  Hashtag5 Hashtag5-TotalA scRNA-seq (10x)        Fresh
2:       A3_2      1  Hashtag6 Hashtag6-TotalA scRNA-seq (10x)        Fresh
   cells   age    sex group_per_sample who_per_sample disease_stage    outcome
1:  PBMC 31_35 female             mild              3          late discharged
2:  PBMC 21_25   male             mild              3          late discharged
   comorbidities COVID.19.related_medication_and_anti.microbials
1:          none                                            none
2:          none                                            none
   RNA_snn_res.0.4 cluster_labels_res.0.4 new.order  id.celltype hpca.labels
1:               4                     NK        15 15: NK cells     NK_cell
2:               4                     NK        15 15: NK cells     NK_cell
   blueprint.labels monaco.labels immune.labels dmap.labels hemato.labels
1:         NK cells      NK cells      NK cells    NK cells      NK cells
2:         NK cells      NK cells      NK cells    NK cells      NK cells
> 
> summary(meta$nCount_RNA/meta$nFeature_RNA)
   Min. 1st Qu.  Median    Mean 3rd Qu.    Max. 
  1.381   2.179   2.507   2.471   2.756   4.327 
> 
> # check how many samples (each sample contains multiple cells) each donor has
> table(tapply(meta$sampleID, meta$donor, function(v){length(unique(v))}))

 1  2  3 
32  7  1 
> 
> 
> table(meta$cluster_labels_res.0.4)

  NK 
8436 
> table(meta$id.celltype)

15: NK cells 
        8436 
> 
> sort(table(paste(meta$group_per_sample, meta$sampleID, sep=":")))

  mild:C19-CB-0001_d16        control:P04H_d0   mild:C19-CB-0005_d15 
                     9                     11                     16 
  mild:C19-CB-0005_d20 severe:C19-CB-0008_d13   mild:C19-CB-0001_d11 
                    20                     21                     24 
  mild:C19-CB-0002_d13        control:P07H_d0   mild:C19-CB-0003_d13 
                    24                     25                     26 
       control:P06F_d0      control:C2P13F_d0        control:P13H_d0 
                    35                     53                     55 
 severe:C19-CB-0013_d8  severe:C19-CB-0199_d8      control:C2P15H_d0 
                    56                     56                     57 
   control:one_k_v3_d0  severe:C19-CB-0012_d9 severe:C19-CB-0011_d13 
                    58                     61                     71 
       control:P20H_d0   mild:C19-CB-0003_d18        control:P15F_d0 
                    75                     84                     86 
  mild:C19-CB-0052_d10        control:P17H_d0    mild:C19-CB-0001_d7 
                   105                    112                    115 
severe:C19-CB-0016_d16        control:P08H_d0  severe:C19-CB-0009_d9 
                   130                    132                    133 
severe:C19-CB-0198_d18 severe:C19-CB-0008_d20      control:C2P05F_d0 
                   145                    155                    172 
     control:C2P07H_d0    mild:C19-CB-0002_d8      control:C2P01H_d0 
                   184                    192                    201 
     control:C2P10H_d0 severe:C19-CB-0009_d16      control:C2P16H_d0 
                   224                    232                    256 
       control:P18F_d0   mild:C19-CB-0204_d15    mild:C19-CB-0214_d7 
                   257                    286                    301 
severe:C19-CB-0013_d15        control:P02H_d0 severe:C19-CB-0021_d18 
                   301                    324                    328 
  control:Five_k_v3_d0        control:P09H_d0 severe:C19-CB-0012_d16 
                   330                    366                    413 
   mild:C19-CB-0053_d3      control:C2P19H_d0    control:Ten_k_v3_d0 
                   477                    493                    557 
severe:C19-CB-0020_d16 
                   592 
> 
> 
> # ------------------------------------------------------------------------
> # filter out cells from early stage samples
> # get individual level information
> # ------------------------------------------------------------------------
> 
> table(meta$donor, meta$disease_stage)
             
              control early late
  C19-CB-0001       0   115   33
  C19-CB-0002       0   192   24
  C19-CB-0003       0     0  110
  C19-CB-0005       0     0   36
  C19-CB-0008       0     0  176
  C19-CB-0009       0   133  232
  C19-CB-0011       0     0   71
  C19-CB-0012       0    61  413
  C19-CB-0013       0    56  301
  C19-CB-0016       0     0  130
  C19-CB-0020       0     0  592
  C19-CB-0021       0     0  328
  C19-CB-0052       0   105    0
  C19-CB-0053       0   477    0
  C19-CB-0198       0     0  145
  C19-CB-0199       0    56    0
  C19-CB-0204       0     0  286
  C19-CB-0214       0   301    0
  C2P01H          201     0    0
  C2P05F          172     0    0
  C2P07H          184     0    0
  C2P10H          224     0    0
  C2P13F           53     0    0
  C2P15H           57     0    0
  C2P16H          256     0    0
  C2P19H          493     0    0
  Five_k_v3       330     0    0
  one_k_v3         58     0    0
  P02H            324     0    0
  P04H             11     0    0
  P06F             35     0    0
  P07H             25     0    0
  P08H            132     0    0
  P09H            366     0    0
  P13H             55     0    0
  P15F             86     0    0
  P17H            112     0    0
  P18F            257     0    0
  P20H             75     0    0
  Ten_k_v3        557     0    0
> 
> meta_no_early = meta[which(meta$disease_stage != "early"),]
> dim(meta_no_early)
[1] 6940   40
> 
> table(meta_no_early$donor, meta_no_early$disease_stage)
             
              control late
  C19-CB-0001       0   33
  C19-CB-0002       0   24
  C19-CB-0003       0  110
  C19-CB-0005       0   36
  C19-CB-0008       0  176
  C19-CB-0009       0  232
  C19-CB-0011       0   71
  C19-CB-0012       0  413
  C19-CB-0013       0  301
  C19-CB-0016       0  130
  C19-CB-0020       0  592
  C19-CB-0021       0  328
  C19-CB-0198       0  145
  C19-CB-0204       0  286
  C2P01H          201    0
  C2P05F          172    0
  C2P07H          184    0
  C2P10H          224    0
  C2P13F           53    0
  C2P15H           57    0
  C2P16H          256    0
  C2P19H          493    0
  Five_k_v3       330    0
  one_k_v3         58    0
  P02H            324    0
  P04H             11    0
  P06F             35    0
  P07H             25    0
  P08H            132    0
  P09H            366    0
  P13H             55    0
  P15F             86    0
  P17H            112    0
  P18F            257    0
  P20H             75    0
  Ten_k_v3        557    0
> 
> df_donor = as.data.frame(table(meta_no_early$donor))
> df_donor[1:2, ]
         Var1 Freq
1 C19-CB-0001   33
2 C19-CB-0002   24
> donor2kp = df_donor$Var1[which(df_donor$Freq >= 30)]
> 
> meta2kp = meta_no_early[which(meta_no_early$donor %in% donor2kp),]
> dim(meta2kp)
[1] 6880   40
> 
> cell2kp_index = which(meta$cell %in% meta2kp$cell)
> 
> 
> # create a column for cell level label in terms of COVID and control
> table(meta2kp$group_per_sample)

control    mild  severe 
   4027     465    2388 
> meta2kp$diagnosis = meta2kp$group_per_sample
> meta2kp$diagnosis[which(meta2kp$group_per_sample == "mild")] = "COVID"
> meta2kp$diagnosis[which(meta2kp$group_per_sample == "severe")] = "COVID"
> table(meta2kp$diagnosis)

control   COVID 
   4027    2853 
> dim(meta2kp)
[1] 6880   41
> 
> # select counts of cells to keep
> dat1 = dat[, cell2kp_index]
> mean(colnames(dat1) == meta2kp$cell)
[1] 1
> 
> 
> 
> # ------------------------------------------------------------------------
> # run ranksum
> # ------------------------------------------------------------------------
> 
> rds = colSums(dat1)
> med_rds = median(rds)
> summary(rds)
   Min. 1st Qu.  Median    Mean 3rd Qu.    Max. 
    489    1794    3728    3774    5384   15700 
> med_rds
[1] 3728.5
> 
> dim(dat1)
[1] 10167  6880
> dat1[1:3,1:6]
3 x 6 sparse Matrix of class "dgCMatrix"
          1_AACAAAGGTATGATCC-1 1_AACGAAACAGGTGGAT-1 1_AATGGAACATGGGTCC-1
LINC00115                    .                    .                    .
NOC2L                        .                    .                    .
HES4                         .                    .                    .
          1_ACCCTTGTCATTCGTT-1 1_ACTCCCAGTCACTGAT-1 1_ACTCTCGGTGACCTGC-1
LINC00115                    .                    .                    .
NOC2L                        2                    .                    .
HES4                         .                    .                    .
> dat1 = t(t(dat1)/rds)*med_rds
> dim(dat1)
[1] 10167  6880
> dat1[1:3,1:6]
3 x 6 sparse Matrix of class "dgCMatrix"
          1_AACAAAGGTATGATCC-1 1_AACGAAACAGGTGGAT-1 1_AATGGAACATGGGTCC-1
LINC00115                    .                    .                    .
NOC2L                        .                    .                    .
HES4                         .                    .                    .
          1_ACCCTTGTCATTCGTT-1 1_ACTCCCAGTCACTGAT-1 1_ACTCTCGGTGACCTGC-1
LINC00115             .                           .                    .
NOC2L                 1.114649                    .                    .
HES4                  .                           .                    .
> summary(colSums(dat1))
   Min. 1st Qu.  Median    Mean 3rd Qu.    Max. 
   3728    3728    3728    3728    3728    3728 
> 
> diagnosis=meta2kp$diagnosis
> 
> date()
[1] "Tue Sep 28 11:36:52 2021"
> ranksum_pval=apply(dat1,1,function(x) wilcox.test(x[diagnosis!="control"],x[diagnosis=="control"])$p.value)
> date()
[1] "Tue Sep 28 11:37:37 2021"
> 
> rm(dat1)
> 
> length(ranksum_pval)
[1] 10167
> ranksum_pval[1:4]
   LINC00115        NOC2L         HES4        ISG15 
1.246340e-09 2.364236e-30 7.156756e-13 6.963085e-52 
> 
> pdf(sprintf("figures/1b_ranksum_%s_pval_hist_final.pdf", grp), 
+     width=3, height=3)
> par(mfrow=c(1,1), bty="n", mar=c(5,4,2,1))
> hist(ranksum_pval, main="RankSum Test", xlab="p-value", breaks=50)
> dev.off()
null device 
          1 
> 
> # ------------------------------------------------------------------------
> # save the results
> # ------------------------------------------------------------------------
> 
> fwrite(data.frame(ranksum_pval), file=sprintf("res/1b_ranksum_%s.tsv", grp), 
+        sep = "\t",row.names=TRUE,col.names=FALSE)
> 
> gc()
           used  (Mb) gc trigger   (Mb) limit (Mb)  max used   (Mb)
Ncells  1714167  91.6    2956315  157.9         NA   2956315  157.9
Vcells 28297285 215.9  212751440 1623.2      65536 265939215 2029.0
> 
> sessionInfo()
R version 4.1.0 (2021-05-18)
Platform: x86_64-apple-darwin17.0 (64-bit)
Running under: macOS Big Sur 10.16

Matrix products: default
BLAS:   /Library/Frameworks/R.framework/Versions/4.1/Resources/lib/libRblas.dylib
LAPACK: /Library/Frameworks/R.framework/Versions/4.1/Resources/lib/libRlapack.dylib

locale:
[1] en_US.UTF-8/en_US.UTF-8/en_US.UTF-8/C/en_US.UTF-8/en_US.UTF-8

attached base packages:
[1] stats     graphics  grDevices utils     datasets  methods   base     

other attached packages:
[1] dplyr_1.0.7       data.table_1.14.0 Matrix_1.3-3     

loaded via a namespace (and not attached):
 [1] lattice_0.20-44  fansi_0.5.0      utf8_1.2.1       crayon_1.4.1    
 [5] grid_4.1.0       R6_2.5.0         lifecycle_1.0.0  magrittr_2.0.1  
 [9] pillar_1.6.1     rlang_0.4.11     vctrs_0.3.8      generics_0.1.0  
[13] ellipsis_0.3.2   glue_1.4.2       purrr_0.3.4      compiler_4.1.0  
[17] pkgconfig_2.0.3  tidyselect_1.1.1 tibble_3.1.2    
> q(save="no")
> proc.time()
   user  system elapsed 
 44.958   2.951  47.906 
