
R version 4.1.0 (2021-05-18) -- "Camp Pontanezen"
Copyright (C) 2021 The R Foundation for Statistical Computing
Platform: x86_64-apple-darwin17.0 (64-bit)

R is free software and comes with ABSOLUTELY NO WARRANTY.
You are welcome to redistribute it under certain conditions.
Type 'license()' or 'licence()' for distribution details.

  Natural language support but running in an English locale

R is a collaborative project with many contributors.
Type 'contributors()' for more information and
'citation()' on how to cite R or R packages in publications.

Type 'demo()' for some demos, 'help()' for on-line help, or
'help.start()' for an HTML browser interface to help.
Type 'q()' to quit R.

[Previously saved workspace restored]

> library(Matrix)
> library(data.table)
> 
> 
> data.dir = "../../ideas_data/COVID/PBMC_10x"
> 
> args=(commandArgs(TRUE))
> args
character(0)
> 
> if (length(args) != 1) {
+   message("one argument is expected, use 'CD8+Tcells_1' as default.\n")
+   grp = "CD8+Tcells_1"
+ }else{
+   eval(parse(text=args[[1]]))
+ }
one argument is expected, use 'CD8+Tcells_1' as default.

> 
> grp
[1] "CD8+Tcells_1"
> 
> # ------------------------------------------------------------------------
> # read in cell information
> # ------------------------------------------------------------------------
> 
> cell_info = fread(file.path(data.dir, "meta.tsv"))
> dim(cell_info)
[1] 99049    40
> cell_info[1:2,]
                   cell orig.ident nCount_RNA nFeature_RNA nReads_RNA
1: 1_AAACCCAAGGCTTTCA-1    Covid19       4842         1925       4842
2: 1_AAACCCACAACTTCTT-1    Covid19       9582         3004       9582
   nReads_ALL percent.mito percent.hb       donor onset_of_symptoms
1:       5102     6.608839          0 C19-CB-0001        25.02.2020
2:      10008     4.195366          0 C19-CB-0003        29.02.2020
   days_after_onset        sampleID origID date_of_sampling DaysAfterSample0
1:               11 C19-CB-0001_d11   1_d4       06.03.2020                4
2:               13 C19-CB-0003_d13   3_d0       12.03.2020                0
   experiment PoolID sampletag         hash.ID        platform purification
1:       A3_2      1  Hashtag6 Hashtag6-TotalA scRNA-seq (10x)        Fresh
2:       A3_2      1  Hashtag8 Hashtag8-TotalA scRNA-seq (10x)        Fresh
   cells   age  sex group_per_sample who_per_sample disease_stage    outcome
1:  PBMC 21_25 male             mild              3          late discharged
2:  PBMC 41_45 male             mild              3          late discharged
             comorbidities COVID.19.related_medication_and_anti.microbials
1:                    none                                            none
2: Cardiovascular diseases                                            none
   RNA_snn_res.0.4  cluster_labels_res.0.4 new.order                id.celltype
1:               7 HLA-DR+ CD83+ Monocytes         1 1: HLA-DR+ CD83+ Monocytes
2:               7 HLA-DR+ CD83+ Monocytes         1 1: HLA-DR+ CD83+ Monocytes
   hpca.labels blueprint.labels monaco.labels immune.labels dmap.labels
1:    Monocyte        Monocytes     Monocytes     Monocytes   Monocytes
2:    Monocyte        Monocytes     Monocytes     Monocytes   Monocytes
   hemato.labels
1:     Monocytes
2:     Monocytes
> 
> table(cell_info$id.celltype)

     0: Classical Monocytes  1: HLA-DR+ CD83+ Monocytes 
                      16982                        3414 
         10: CD4+ T cells_2          11: CD4+ T cells_3 
                      10588                        2969 
         12: CD8+ T cells_1          13: CD8+ T cells_2 
                      11002                        1119 
         14: CD8+ T cells_3                15: NK cells 
                       2981                        8436 
              16: B cells_1               17: B cells_2 
                       7235                         259 
              18: B cells_3            19: Plasmablasts 
                        209                         839 
        2: CD163+ Monocytes           20: Megakaryocyte 
                       1445                        1161 
                  21: mixed               22: undefined 
                        164                         161 
3: HLA-DR- S100A+ monocytes  4: Non-classical Monocytes 
                       5273                        3399 
             5: Neutrophils     6: Immature Neutrophils 
                       2878                        1386 
                    7: mDCs                     8: pDCs 
                        833                         516 
          9: CD4+ T cells_1 
                      15800 
> 
> 
> # ------------------------------------------------------------------------
> # read in count data of cell type
> # ------------------------------------------------------------------------
> 
> dat = readRDS(file.path(data.dir, sprintf("ct_mtx/%s.rds", grp)))
> dim(dat)
[1] 10167 11002
> class(dat)
[1] "dgCMatrix"
attr(,"package")
[1] "Matrix"
> dat[1:5,1:4]
5 x 4 sparse Matrix of class "dgCMatrix"
          1_AAAGAACCATGAATAG-1 1_AACAAGAGTCGGTAAG-1 1_AACCTGATCTGTGTGA-1
LINC00115                    .                    .                    .
NOC2L                        .                    .                    .
HES4                         .                    .                    .
ISG15                        .                    3                    .
C1orf159                     .                    .                    .
          1_AAGACTCCATGGCCCA-1
LINC00115                    .
NOC2L                        .
HES4                         .
ISG15                        .
C1orf159                     .
> 
> 
> # ------------------------------------------------------------------------
> # subset cell information
> # ------------------------------------------------------------------------
> 
> table(colnames(dat) %in% cell_info$cell)

 TRUE 
11002 
> meta = cell_info[match(colnames(dat), cell_info$cell),]
> dim(meta)
[1] 11002    40
> meta[1:2,]
                   cell orig.ident nCount_RNA nFeature_RNA nReads_RNA
1: 1_AAAGAACCATGAATAG-1    Covid19       3717         1537       3717
2: 1_AACAAGAGTCGGTAAG-1    Covid19       3284         1578       3284
   nReads_ALL percent.mito percent.hb       donor onset_of_symptoms
1:       4183     6.941082          0 C19-CB-0002        25.02.2020
2:       3613     4.080390          0 C19-CB-0003        29.02.2020
   days_after_onset        sampleID origID date_of_sampling DaysAfterSample0
1:               13 C19-CB-0002_d13   2_d6       09.03.2020                6
2:               13 C19-CB-0003_d13   3_d0       12.03.2020                0
   experiment PoolID sampletag         hash.ID        platform purification
1:       A3_2      1  Hashtag5 Hashtag5-TotalA scRNA-seq (10x)        Fresh
2:       A3_2      1  Hashtag8 Hashtag8-TotalA scRNA-seq (10x)        Fresh
   cells   age    sex group_per_sample who_per_sample disease_stage    outcome
1:  PBMC 31_35 female             mild              3          late discharged
2:  PBMC 41_45   male             mild              3          late discharged
             comorbidities COVID.19.related_medication_and_anti.microbials
1:                    none                                            none
2: Cardiovascular diseases                                            none
   RNA_snn_res.0.4 cluster_labels_res.0.4 new.order        id.celltype
1:               2         CD8+ T cells_1        12 12: CD8+ T cells_1
2:               2         CD8+ T cells_1        12 12: CD8+ T cells_1
   hpca.labels blueprint.labels monaco.labels immune.labels  dmap.labels
1:     NK_cell     CD8+ T-cells       T cells      NK cells CD8+ T cells
2:     NK_cell     CD8+ T-cells       T cells      NK cells CD8+ T cells
   hemato.labels
1:  CD8+ T cells
2:  CD8+ T cells
> 
> 
> # ------------------------------------------------------------------------
> # filter out cells from control samples
> # ------------------------------------------------------------------------
> 
> table(meta$donor, meta$group_per_sample)
             
              control mild severe
  C19-CB-0001       0   45      0
  C19-CB-0002       0  625      0
  C19-CB-0003       0  108      0
  C19-CB-0005       0    4      0
  C19-CB-0008       0    0     70
  C19-CB-0009       0    0    271
  C19-CB-0011       0    0    105
  C19-CB-0012       0    0    621
  C19-CB-0013       0    0    242
  C19-CB-0016       0    0    612
  C19-CB-0020       0    0    697
  C19-CB-0021       0    0    238
  C19-CB-0052       0   57      0
  C19-CB-0053       0   92      0
  C19-CB-0198       0    0   1154
  C19-CB-0199       0    0    185
  C19-CB-0204       0  417      0
  C19-CB-0214       0   18      0
  C2P01H           95    0      0
  C2P05F          317    0      0
  C2P07H          353    0      0
  C2P10H          186    0      0
  C2P13F          206    0      0
  C2P15H          538    0      0
  C2P16H          605    0      0
  C2P19H           54    0      0
  Five_k_v3       508    0      0
  one_k_v3        131    0      0
  P02H             69    0      0
  P04H             75    0      0
  P06F             42    0      0
  P07H             36    0      0
  P08H             39    0      0
  P09H            457    0      0
  P13H             79    0      0
  P15F             23    0      0
  P17H             95    0      0
  P18F            212    0      0
  P20H            103    0      0
  Ten_k_v3       1218    0      0
> 
> meta_covid = meta[which(meta$group_per_sample != "control"),]
> dim(meta_covid)
[1] 5561   40
> 
> table(meta_covid$donor, meta_covid$group_per_sample)
             
              mild severe
  C19-CB-0001   45      0
  C19-CB-0002  625      0
  C19-CB-0003  108      0
  C19-CB-0005    4      0
  C19-CB-0008    0     70
  C19-CB-0009    0    271
  C19-CB-0011    0    105
  C19-CB-0012    0    621
  C19-CB-0013    0    242
  C19-CB-0016    0    612
  C19-CB-0020    0    697
  C19-CB-0021    0    238
  C19-CB-0052   57      0
  C19-CB-0053   92      0
  C19-CB-0198    0   1154
  C19-CB-0199    0    185
  C19-CB-0204  417      0
  C19-CB-0214   18      0
> 
> df_donor = as.data.frame(table(meta_covid$donor))
> donor2kp = df_donor$Var1[which(df_donor$Freq >= 10)]
> 
> meta2kp = meta_covid[which(meta_covid$donor %in% donor2kp),]
> dim(meta2kp)
[1] 5557   40
> table(meta2kp$donor)

C19-CB-0001 C19-CB-0002 C19-CB-0003 C19-CB-0008 C19-CB-0009 C19-CB-0011 
         45         625         108          70         271         105 
C19-CB-0012 C19-CB-0013 C19-CB-0016 C19-CB-0020 C19-CB-0021 C19-CB-0052 
        621         242         612         697         238          57 
C19-CB-0053 C19-CB-0198 C19-CB-0199 C19-CB-0204 C19-CB-0214 
         92        1154         185         417          18 
> length(unique(meta2kp$donor))
[1] 17
> 
> 
> #concatenate disease status and donor id
> cell_info_ind = unique(paste(meta2kp$group_per_sample, meta2kp$donor, sep=":"))
> 
> #map from donor level info to cell level info
> match_ind_index = match(meta2kp$donor,unique(meta2kp$donor))
> 
> case_index = grep("severe",cell_info_ind)
> length(case_index)
[1] 10
> 
> set.seed(1)
> perm_table=matrix(ncol=10,nrow=length(match_ind_index))
> dim(perm_table)
[1] 5557   10
> 
> # try to get balanced case/control sample here, 
> # so only choose 7 out of 10 samples for severe.
> for(i in 1:10){
+   select_index = seq(1:17)[-case_index[sample.int(10,3)]]
+   case_index_perm=sample.int(14,7)
+   perm_label=rep(NA,17)
+   perm_label[select_index]="mild"
+   perm_label[select_index[case_index_perm]]="severe"
+   perm_table[,i]=perm_label[match_ind_index]
+ }
> 
> colnames(perm_table)=paste0("p",1:10)
> 
> # ------------------------------------------------------------------------
> # save the results
> # ------------------------------------------------------------------------
> 
> fwrite(data.frame(perm_table), 
+        file=sprintf("../../ideas_data/COVID/1b_permlabel.tsv"), 
+        sep = "\t",row.names=FALSE,quote = FALSE,col.names=TRUE)
> 
> gc()
           used  (Mb) gc trigger  (Mb) limit (Mb) max used  (Mb)
Ncells  1602691  85.6    3222114 172.1         NA  1745230  93.3
Vcells 32684565 249.4   48206096 367.8      65536 34826176 265.8
> 
> sessionInfo()
R version 4.1.0 (2021-05-18)
Platform: x86_64-apple-darwin17.0 (64-bit)
Running under: macOS Big Sur 10.16

Matrix products: default
BLAS:   /Library/Frameworks/R.framework/Versions/4.1/Resources/lib/libRblas.dylib
LAPACK: /Library/Frameworks/R.framework/Versions/4.1/Resources/lib/libRlapack.dylib

locale:
[1] en_US.UTF-8/en_US.UTF-8/en_US.UTF-8/C/en_US.UTF-8/en_US.UTF-8

attached base packages:
[1] stats     graphics  grDevices utils     datasets  methods   base     

other attached packages:
[1] data.table_1.14.0 Matrix_1.3-3     

loaded via a namespace (and not attached):
[1] compiler_4.1.0  grid_4.1.0      lattice_0.20-44
> q(save="no")
> proc.time()
   user  system elapsed 
  1.568   0.102   1.661 
