
R version 4.1.0 (2021-05-18) -- "Camp Pontanezen"
Copyright (C) 2021 The R Foundation for Statistical Computing
Platform: x86_64-apple-darwin17.0 (64-bit)

R is free software and comes with ABSOLUTELY NO WARRANTY.
You are welcome to redistribute it under certain conditions.
Type 'license()' or 'licence()' for distribution details.

  Natural language support but running in an English locale

R is a collaborative project with many contributors.
Type 'contributors()' for more information and
'citation()' on how to cite R or R packages in publications.

Type 'demo()' for some demos, 'help()' for on-line help, or
'help.start()' for an HTML browser interface to help.
Type 'q()' to quit R.

> 
> library(Matrix)
> library(data.table)
> library(dplyr)

Attaching package: ‘dplyr’

The following objects are masked from ‘package:data.table’:

    between, first, last

The following objects are masked from ‘package:stats’:

    filter, lag

The following objects are masked from ‘package:base’:

    intersect, setdiff, setequal, union

> library(MAST)
Loading required package: SingleCellExperiment
Loading required package: SummarizedExperiment
Loading required package: MatrixGenerics
Loading required package: matrixStats

Attaching package: ‘matrixStats’

The following object is masked from ‘package:dplyr’:

    count


Attaching package: ‘MatrixGenerics’

The following objects are masked from ‘package:matrixStats’:

    colAlls, colAnyNAs, colAnys, colAvgsPerRowSet, colCollapse,
    colCounts, colCummaxs, colCummins, colCumprods, colCumsums,
    colDiffs, colIQRDiffs, colIQRs, colLogSumExps, colMadDiffs,
    colMads, colMaxs, colMeans2, colMedians, colMins, colOrderStats,
    colProds, colQuantiles, colRanges, colRanks, colSdDiffs, colSds,
    colSums2, colTabulates, colVarDiffs, colVars, colWeightedMads,
    colWeightedMeans, colWeightedMedians, colWeightedSds,
    colWeightedVars, rowAlls, rowAnyNAs, rowAnys, rowAvgsPerColSet,
    rowCollapse, rowCounts, rowCummaxs, rowCummins, rowCumprods,
    rowCumsums, rowDiffs, rowIQRDiffs, rowIQRs, rowLogSumExps,
    rowMadDiffs, rowMads, rowMaxs, rowMeans2, rowMedians, rowMins,
    rowOrderStats, rowProds, rowQuantiles, rowRanges, rowRanks,
    rowSdDiffs, rowSds, rowSums2, rowTabulates, rowVarDiffs, rowVars,
    rowWeightedMads, rowWeightedMeans, rowWeightedMedians,
    rowWeightedSds, rowWeightedVars

Loading required package: GenomicRanges
Loading required package: stats4
Loading required package: BiocGenerics
Loading required package: parallel

Attaching package: ‘BiocGenerics’

The following objects are masked from ‘package:parallel’:

    clusterApply, clusterApplyLB, clusterCall, clusterEvalQ,
    clusterExport, clusterMap, parApply, parCapply, parLapply,
    parLapplyLB, parRapply, parSapply, parSapplyLB

The following objects are masked from ‘package:dplyr’:

    combine, intersect, setdiff, union

The following objects are masked from ‘package:stats’:

    IQR, mad, sd, var, xtabs

The following objects are masked from ‘package:base’:

    anyDuplicated, append, as.data.frame, basename, cbind, colnames,
    dirname, do.call, duplicated, eval, evalq, Filter, Find, get, grep,
    grepl, intersect, is.unsorted, lapply, Map, mapply, match, mget,
    order, paste, pmax, pmax.int, pmin, pmin.int, Position, rank,
    rbind, Reduce, rownames, sapply, setdiff, sort, table, tapply,
    union, unique, unsplit, which.max, which.min

Loading required package: S4Vectors

Attaching package: ‘S4Vectors’

The following objects are masked from ‘package:dplyr’:

    first, rename

The following objects are masked from ‘package:data.table’:

    first, second

The following objects are masked from ‘package:Matrix’:

    expand, unname

The following objects are masked from ‘package:base’:

    expand.grid, I, unname

Loading required package: IRanges

Attaching package: ‘IRanges’

The following objects are masked from ‘package:dplyr’:

    collapse, desc, slice

The following object is masked from ‘package:data.table’:

    shift

Loading required package: GenomeInfoDb
Loading required package: Biobase
Welcome to Bioconductor

    Vignettes contain introductory material; view with
    'browseVignettes()'. To cite Bioconductor, see
    'citation("Biobase")', and for packages 'citation("pkgname")'.


Attaching package: ‘Biobase’

The following object is masked from ‘package:MatrixGenerics’:

    rowMedians

The following objects are masked from ‘package:matrixStats’:

    anyMissing, rowMedians

Warning messages:
1: package ‘MatrixGenerics’ was built under R version 4.1.1 
2: package ‘GenomeInfoDb’ was built under R version 4.1.1 
> library(lme4)
> library(doParallel)
Loading required package: foreach
Loading required package: iterators
> library(foreach)
> library(doRNG)
Loading required package: rngtools
> 
> 
> data.dir = "../../ideas_data/COVID/PBMC_10x"
> label.dir = "../../ideas_data/COVID"
> 
> nCore    = 4
> 
> args=(commandArgs(TRUE))
> args
character(0)
> 
> if (length(args) != 1) {
+   message("one argument is expected, use 'CD8+Tcells_1' as default.\n")
+   grp = "CD8+Tcells_1"
+ }else{
+   eval(parse(text=args[[1]]))
+ }
one argument is expected, use 'CD8+Tcells_1' as default.

> 
> grp
[1] "CD8+Tcells_1"
> 
> 
> # ------------------------------------------------------------------------
> # read in cell information
> # ------------------------------------------------------------------------
> 
> cell_info = fread(file.path(data.dir, "meta.tsv"))
> dim(cell_info)
[1] 99049    40
> cell_info[1:2,]
                   cell orig.ident nCount_RNA nFeature_RNA nReads_RNA
1: 1_AAACCCAAGGCTTTCA-1    Covid19       4842         1925       4842
2: 1_AAACCCACAACTTCTT-1    Covid19       9582         3004       9582
   nReads_ALL percent.mito percent.hb       donor onset_of_symptoms
1:       5102     6.608839          0 C19-CB-0001        25.02.2020
2:      10008     4.195366          0 C19-CB-0003        29.02.2020
   days_after_onset        sampleID origID date_of_sampling DaysAfterSample0
1:               11 C19-CB-0001_d11   1_d4       06.03.2020                4
2:               13 C19-CB-0003_d13   3_d0       12.03.2020                0
   experiment PoolID sampletag         hash.ID        platform purification
1:       A3_2      1  Hashtag6 Hashtag6-TotalA scRNA-seq (10x)        Fresh
2:       A3_2      1  Hashtag8 Hashtag8-TotalA scRNA-seq (10x)        Fresh
   cells   age  sex group_per_sample who_per_sample disease_stage    outcome
1:  PBMC 21_25 male             mild              3          late discharged
2:  PBMC 41_45 male             mild              3          late discharged
             comorbidities COVID.19.related_medication_and_anti.microbials
1:                    none                                            none
2: Cardiovascular diseases                                            none
   RNA_snn_res.0.4  cluster_labels_res.0.4 new.order                id.celltype
1:               7 HLA-DR+ CD83+ Monocytes         1 1: HLA-DR+ CD83+ Monocytes
2:               7 HLA-DR+ CD83+ Monocytes         1 1: HLA-DR+ CD83+ Monocytes
   hpca.labels blueprint.labels monaco.labels immune.labels dmap.labels
1:    Monocyte        Monocytes     Monocytes     Monocytes   Monocytes
2:    Monocyte        Monocytes     Monocytes     Monocytes   Monocytes
   hemato.labels
1:     Monocytes
2:     Monocytes
> 
> table(cell_info$id.celltype)

     0: Classical Monocytes  1: HLA-DR+ CD83+ Monocytes 
                      16982                        3414 
         10: CD4+ T cells_2          11: CD4+ T cells_3 
                      10588                        2969 
         12: CD8+ T cells_1          13: CD8+ T cells_2 
                      11002                        1119 
         14: CD8+ T cells_3                15: NK cells 
                       2981                        8436 
              16: B cells_1               17: B cells_2 
                       7235                         259 
              18: B cells_3            19: Plasmablasts 
                        209                         839 
        2: CD163+ Monocytes           20: Megakaryocyte 
                       1445                        1161 
                  21: mixed               22: undefined 
                        164                         161 
3: HLA-DR- S100A+ monocytes  4: Non-classical Monocytes 
                       5273                        3399 
             5: Neutrophils     6: Immature Neutrophils 
                       2878                        1386 
                    7: mDCs                     8: pDCs 
                        833                         516 
          9: CD4+ T cells_1 
                      15800 
> 
> sort(table(paste(cell_info$group_per_sample, cell_info$donor, sep=":")))

severe:C19-CB-0011   mild:C19-CB-0052   control:one_k_v3       control:P07H 
               932               1132               1142               1211 
  mild:C19-CB-0005       control:P04H       control:P08H       control:P17H 
              1323               1410               1440               1486 
    control:C2P05F       control:P20H       control:P15F       control:P18F 
              1494               1504               1511               1576 
    control:C2P01H       control:P06F       control:P13H     control:C2P07H 
              1701               1715               1725               1753 
severe:C19-CB-0199   mild:C19-CB-0214   mild:C19-CB-0053     control:C2P15H 
              1755               1777               1812               1817 
    control:C2P19H     control:C2P16H     control:C2P10H     control:C2P13F 
              1879               2153               2200               2231 
      control:P02H       control:P09H severe:C19-CB-0016   mild:C19-CB-0003 
              2379               2469               2524               2583 
severe:C19-CB-0013   mild:C19-CB-0204 severe:C19-CB-0198   mild:C19-CB-0002 
              2713               2823               2992               3131 
severe:C19-CB-0021   mild:C19-CB-0001 severe:C19-CB-0012 severe:C19-CB-0020 
              3288               3614               3677               3789 
severe:C19-CB-0008 severe:C19-CB-0009  control:Five_k_v3   control:Ten_k_v3 
              4069               4332               4626              11361 
> 
> 
> # ------------------------------------------------------------------------
> # read in count data of one cell type
> # ------------------------------------------------------------------------
> 
> dat = readRDS(file.path(data.dir, sprintf("ct_mtx/%s.rds", grp)))
> dim(dat)
[1] 10167 11002
> class(dat)
[1] "dgCMatrix"
attr(,"package")
[1] "Matrix"
> dat[1:5,1:4]
5 x 4 sparse Matrix of class "dgCMatrix"
          1_AAAGAACCATGAATAG-1 1_AACAAGAGTCGGTAAG-1 1_AACCTGATCTGTGTGA-1
LINC00115                    .                    .                    .
NOC2L                        .                    .                    .
HES4                         .                    .                    .
ISG15                        .                    3                    .
C1orf159                     .                    .                    .
          1_AAGACTCCATGGCCCA-1
LINC00115                    .
NOC2L                        .
HES4                         .
ISG15                        .
C1orf159                     .
> 
> 
> # ------------------------------------------------------------------------
> # subset cell information
> # ------------------------------------------------------------------------
> 
> table(colnames(dat) %in% cell_info$cell)

 TRUE 
11002 
> meta = cell_info[match(colnames(dat), cell_info$cell),]
> dim(meta)
[1] 11002    40
> meta[1:2,]
                   cell orig.ident nCount_RNA nFeature_RNA nReads_RNA
1: 1_AAAGAACCATGAATAG-1    Covid19       3717         1537       3717
2: 1_AACAAGAGTCGGTAAG-1    Covid19       3284         1578       3284
   nReads_ALL percent.mito percent.hb       donor onset_of_symptoms
1:       4183     6.941082          0 C19-CB-0002        25.02.2020
2:       3613     4.080390          0 C19-CB-0003        29.02.2020
   days_after_onset        sampleID origID date_of_sampling DaysAfterSample0
1:               13 C19-CB-0002_d13   2_d6       09.03.2020                6
2:               13 C19-CB-0003_d13   3_d0       12.03.2020                0
   experiment PoolID sampletag         hash.ID        platform purification
1:       A3_2      1  Hashtag5 Hashtag5-TotalA scRNA-seq (10x)        Fresh
2:       A3_2      1  Hashtag8 Hashtag8-TotalA scRNA-seq (10x)        Fresh
   cells   age    sex group_per_sample who_per_sample disease_stage    outcome
1:  PBMC 31_35 female             mild              3          late discharged
2:  PBMC 41_45   male             mild              3          late discharged
             comorbidities COVID.19.related_medication_and_anti.microbials
1:                    none                                            none
2: Cardiovascular diseases                                            none
   RNA_snn_res.0.4 cluster_labels_res.0.4 new.order        id.celltype
1:               2         CD8+ T cells_1        12 12: CD8+ T cells_1
2:               2         CD8+ T cells_1        12 12: CD8+ T cells_1
   hpca.labels blueprint.labels monaco.labels immune.labels  dmap.labels
1:     NK_cell     CD8+ T-cells       T cells      NK cells CD8+ T cells
2:     NK_cell     CD8+ T-cells       T cells      NK cells CD8+ T cells
   hemato.labels
1:  CD8+ T cells
2:  CD8+ T cells
> 
> summary(meta$nCount_RNA/meta$nFeature_RNA)
   Min. 1st Qu.  Median    Mean 3rd Qu.    Max. 
  1.457   2.559   2.865   2.874   3.158   5.750 
> 
> # check how many samples (each sample contains multiple cells) each donor has
> table(tapply(meta$sampleID, meta$donor, function(v){length(unique(v))}))

 1  2  3 
32  7  1 
> 
> 
> table(meta$cluster_labels_res.0.4)

CD8+ T cells_1 
         11002 
> table(meta$id.celltype)

12: CD8+ T cells_1 
             11002 
> 
> sort(table(paste(meta$group_per_sample, meta$sampleID, sep=":")))

  mild:C19-CB-0005_d15   mild:C19-CB-0005_d20    mild:C19-CB-0001_d7 
                     2                      2                      8 
  mild:C19-CB-0001_d16 severe:C19-CB-0008_d13    mild:C19-CB-0214_d7 
                    14                     17                     18 
  mild:C19-CB-0003_d13        control:P15F_d0   mild:C19-CB-0001_d11 
                    19                     23                     23 
       control:P07H_d0        control:P08H_d0  severe:C19-CB-0013_d8 
                    36                     39                     39 
       control:P06F_d0 severe:C19-CB-0008_d20      control:C2P19H_d0 
                    42                     53                     54 
  mild:C19-CB-0052_d10        control:P02H_d0  severe:C19-CB-0009_d9 
                    57                     69                     73 
       control:P04H_d0        control:P13H_d0   mild:C19-CB-0003_d18 
                    75                     79                     89 
   mild:C19-CB-0053_d3      control:C2P01H_d0        control:P17H_d0 
                    92                     95                     95 
  mild:C19-CB-0002_d13        control:P20H_d0 severe:C19-CB-0011_d13 
                    95                    103                    105 
   control:one_k_v3_d0  severe:C19-CB-0012_d9  severe:C19-CB-0199_d8 
                   131                    164                    185 
     control:C2P10H_d0 severe:C19-CB-0009_d16 severe:C19-CB-0013_d15 
                   186                    198                    203 
     control:C2P13F_d0        control:P18F_d0 severe:C19-CB-0021_d18 
                   206                    212                    238 
     control:C2P05F_d0      control:C2P07H_d0   mild:C19-CB-0204_d15 
                   317                    353                    417 
       control:P09H_d0 severe:C19-CB-0012_d16   control:Five_k_v3_d0 
                   457                    457                    508 
   mild:C19-CB-0002_d8      control:C2P15H_d0      control:C2P16H_d0 
                   530                    538                    605 
severe:C19-CB-0016_d16 severe:C19-CB-0020_d16 severe:C19-CB-0198_d18 
                   612                    697                   1154 
   control:Ten_k_v3_d0 
                  1218 
> 
> 
> # ------------------------------------------------------------------------
> # filter out cells from control
> # ------------------------------------------------------------------------
> 
> # explore indivdual level information
> meta_ind_explore = distinct(meta[,c('donor', 'group_per_sample')])
> dim(meta_ind_explore)
[1] 40  2
> meta_ind_explore
          donor group_per_sample
 1: C19-CB-0002             mild
 2: C19-CB-0003             mild
 3: C19-CB-0001             mild
 4: C19-CB-0005             mild
 5: C19-CB-0009           severe
 6: C19-CB-0012           severe
 7: C19-CB-0008           severe
 8: C19-CB-0011           severe
 9: C19-CB-0013           severe
10: C19-CB-0020           severe
11: C19-CB-0016           severe
12: C19-CB-0021           severe
13: C19-CB-0204             mild
14: C19-CB-0198           severe
15: C19-CB-0199           severe
16: C19-CB-0053             mild
17: C19-CB-0052             mild
18: C19-CB-0214             mild
19:        P20H          control
20:        P18F          control
21:        P17H          control
22:        P13H          control
23:        P08H          control
24:        P15F          control
25:        P04H          control
26:        P06F          control
27:        P07H          control
28:      C2P01H          control
29:        P09H          control
30:        P02H          control
31:      C2P05F          control
32:      C2P07H          control
33:      C2P16H          control
34:      C2P10H          control
35:      C2P13F          control
36:      C2P15H          control
37:      C2P19H          control
38:    one_k_v3          control
39:   Five_k_v3          control
40:    Ten_k_v3          control
          donor group_per_sample
> 
> length(unique(meta$donor))
[1] 40
> 
> if(nrow(meta_ind_explore) != length(unique(meta$donor))){
+   stop("there is non-unique information\n")
+ }
> 
> 
> # check whether the control label from disease_stage and that from
> # group_per_sample columns match
> table(meta$disease_stage)

control   early    late 
   5441    1166    4395 
> table(meta$group_per_sample)

control    mild  severe 
   5441    1366    4195 
> table(meta$disease_stage, meta$group_per_sample)
         
          control mild severe
  control    5441    0      0
  early         0  705    461
  late          0  661   3734
> 
> table(meta$donor, meta$disease_stage)
             
              control early late
  C19-CB-0001       0     8   37
  C19-CB-0002       0   530   95
  C19-CB-0003       0     0  108
  C19-CB-0005       0     0    4
  C19-CB-0008       0     0   70
  C19-CB-0009       0    73  198
  C19-CB-0011       0     0  105
  C19-CB-0012       0   164  457
  C19-CB-0013       0    39  203
  C19-CB-0016       0     0  612
  C19-CB-0020       0     0  697
  C19-CB-0021       0     0  238
  C19-CB-0052       0    57    0
  C19-CB-0053       0    92    0
  C19-CB-0198       0     0 1154
  C19-CB-0199       0   185    0
  C19-CB-0204       0     0  417
  C19-CB-0214       0    18    0
  C2P01H           95     0    0
  C2P05F          317     0    0
  C2P07H          353     0    0
  C2P10H          186     0    0
  C2P13F          206     0    0
  C2P15H          538     0    0
  C2P16H          605     0    0
  C2P19H           54     0    0
  Five_k_v3       508     0    0
  one_k_v3        131     0    0
  P02H             69     0    0
  P04H             75     0    0
  P06F             42     0    0
  P07H             36     0    0
  P08H             39     0    0
  P09H            457     0    0
  P13H             79     0    0
  P15F             23     0    0
  P17H             95     0    0
  P18F            212     0    0
  P20H            103     0    0
  Ten_k_v3       1218     0    0
> 
> # filter out cells from control samples
> meta_covid = meta[which(meta$group_per_sample != "control"),]
> dim(meta_covid)
[1] 5561   40
> 
> table(meta_covid$group_per_sample)

  mild severe 
  1366   4195 
> table(meta_covid$disease_stage)

early  late 
 1166  4395 
> table(meta_covid$donor)

C19-CB-0001 C19-CB-0002 C19-CB-0003 C19-CB-0005 C19-CB-0008 C19-CB-0009 
         45         625         108           4          70         271 
C19-CB-0011 C19-CB-0012 C19-CB-0013 C19-CB-0016 C19-CB-0020 C19-CB-0021 
        105         621         242         612         697         238 
C19-CB-0052 C19-CB-0053 C19-CB-0198 C19-CB-0199 C19-CB-0204 C19-CB-0214 
         57          92        1154         185         417          18 
> table(meta_covid$donor, meta_covid$disease_stage)
             
              early late
  C19-CB-0001     8   37
  C19-CB-0002   530   95
  C19-CB-0003     0  108
  C19-CB-0005     0    4
  C19-CB-0008     0   70
  C19-CB-0009    73  198
  C19-CB-0011     0  105
  C19-CB-0012   164  457
  C19-CB-0013    39  203
  C19-CB-0016     0  612
  C19-CB-0020     0  697
  C19-CB-0021     0  238
  C19-CB-0052    57    0
  C19-CB-0053    92    0
  C19-CB-0198     0 1154
  C19-CB-0199   185    0
  C19-CB-0204     0  417
  C19-CB-0214    18    0
> 
> df_donor = as.data.frame(table(meta_covid$donor))
> donor2kp = df_donor$Var1[which(df_donor$Freq >= 10)]
> 
> meta2kp = meta_covid[which(meta_covid$donor %in% donor2kp),]
> dim(meta2kp)
[1] 5557   40
> table(meta2kp$donor)

C19-CB-0001 C19-CB-0002 C19-CB-0003 C19-CB-0008 C19-CB-0009 C19-CB-0011 
         45         625         108          70         271         105 
C19-CB-0012 C19-CB-0013 C19-CB-0016 C19-CB-0020 C19-CB-0021 C19-CB-0052 
        621         242         612         697         238          57 
C19-CB-0053 C19-CB-0198 C19-CB-0199 C19-CB-0204 C19-CB-0214 
         92        1154         185         417          18 
> length(unique(meta2kp$donor))
[1] 17
> 
> # indexes of cells to keep
> cell2kp_index = which(meta$cell %in% meta2kp$cell)
> 
> # select counts in the cells to keep
> dat1 = dat[, cell2kp_index]
> mean(colnames(dat1) == meta2kp$cell)
[1] 1
> 
> 
> # ------------------------------------------------------------------------
> # filter out genes appearning in <= 10% of the cells
> # under current cell type
> # ------------------------------------------------------------------------
> 
> n.zeros = rowSums(dat1 == 0)
> summary(n.zeros)
   Min. 1st Qu.  Median    Mean 3rd Qu.    Max. 
      0    4302    4989    4572    5307    5557 
> 
> 0.6*ncol(dat1)
[1] 3334.2
> 0.8*ncol(dat1)
[1] 4445.6
> 
> table(n.zeros < 0.6*ncol(dat1))

FALSE  TRUE 
 8976  1191 
> table(n.zeros < 0.8*ncol(dat1))

FALSE  TRUE 
 7274  2893 
> table(n.zeros < 0.9*ncol(dat1))

FALSE  TRUE 
 5007  5160 
> 
> w2kp = which(n.zeros < 0.9*ncol(dat1))
> dat1 = dat1[w2kp,]
> 
> dim(dat1)
[1] 5160 5557
> dat1[1:5,1:4]
5 x 4 sparse Matrix of class "dgCMatrix"
         1_AAAGAACCATGAATAG-1 1_AACAAGAGTCGGTAAG-1 1_AACCTGATCTGTGTGA-1
NOC2L                       .                    .                    .
ISG15                       .                    3                    .
SDF4                        .                    .                    .
UBE2J2                      .                    .                    .
AURKAIP1                    .                    .                    .
         1_AAGACTCCATGGCCCA-1
NOC2L                       .
ISG15                       .
SDF4                        .
UBE2J2                      .
AURKAIP1                    1
> 
> 
> 
> # ------------------------------------------------------------------------
> # read in and attach perm information
> # ------------------------------------------------------------------------
> 
> perm_table = fread(file.path(label.dir, "1b_permlabel.tsv"),header=TRUE)
> dim(perm_table)
[1] 5557   10
> perm_table[1:2,1:3]
       p1     p2     p3
1: severe severe severe
2: severe   mild severe
> 
> # check that each individual has one label
> table(tapply(perm_table$p1, meta2kp$donor, 
+              function(v){length(unique(v))}))

 1 
17 
> 
> 
> # ------------------------------------------------------------------------
> # run MAST
> # ------------------------------------------------------------------------
> 
> rds = colSums(dat1)
> med_rds = median(rds)
> summary(rds)
   Min. 1st Qu.  Median    Mean 3rd Qu.    Max. 
    723    4203    4933    5361    5890   20386 
> med_rds
[1] 4933
> 
> dim(dat1)
[1] 5160 5557
> dat1[1:3,1:6]
3 x 6 sparse Matrix of class "dgCMatrix"
      1_AAAGAACCATGAATAG-1 1_AACAAGAGTCGGTAAG-1 1_AACCTGATCTGTGTGA-1
NOC2L                    .                    .                    .
ISG15                    .                    3                    .
SDF4                     .                    .                    .
      1_AAGACTCCATGGCCCA-1 1_AAGCGAGGTAGATCGG-1 1_AATGAAGTCTTGTTAC-1
NOC2L                    .                    1                    .
ISG15                    .                    .                    .
SDF4                     .                    .                    .
> dat1 = t(t(dat1)/rds)*med_rds
> dim(dat1)
[1] 5160 5557
> dat1[1:3,1:6]
3 x 6 sparse Matrix of class "dgCMatrix"
      1_AAAGAACCATGAATAG-1 1_AACAAGAGTCGGTAAG-1 1_AACCTGATCTGTGTGA-1
NOC2L                    .             .                           .
ISG15                    .             4.890615                    .
SDF4                     .             .                           .
      1_AAGACTCCATGGCCCA-1 1_AAGCGAGGTAGATCGG-1 1_AATGAAGTCTTGTTAC-1
NOC2L                    .             1.527245                    .
ISG15                    .             .                           .
SDF4                     .             .                           .
> summary(colSums(dat1))
   Min. 1st Qu.  Median    Mean 3rd Qu.    Max. 
   4933    4933    4933    4933    4933    4933 
> 
> dat1_log = as.matrix(log2(1 + dat1)) #log transformed data
> 
> dim(dat1_log)
[1] 5160 5557
> dat1_log[1:3, 1:4]
      1_AAAGAACCATGAATAG-1 1_AACAAGAGTCGGTAAG-1 1_AACCTGATCTGTGTGA-1
NOC2L                    0             0.000000                    0
ISG15                    0             2.558418                    0
SDF4                     0             0.000000                    0
      1_AAGACTCCATGGCCCA-1
NOC2L                    0
ISG15                    0
SDF4                     0
> cell_id = colnames(dat1_log)   # get the cell id from the data
> gene_id = rownames(dat1_log)   # get the gene id from the data
> 
> fData = data.frame(primerid = gene_id)
> cData = data.frame(wellKey  = cell_id)
> 
> # Cell info for meta
> cell_rd = colSums(dat1)
> CDR     = colSums(dat1 > 0) / nrow(dat1)
> 
> 
> 
> dim(meta2kp)
[1] 5557   40
> meta2kp[1:2,]
                   cell orig.ident nCount_RNA nFeature_RNA nReads_RNA
1: 1_AAAGAACCATGAATAG-1    Covid19       3717         1537       3717
2: 1_AACAAGAGTCGGTAAG-1    Covid19       3284         1578       3284
   nReads_ALL percent.mito percent.hb       donor onset_of_symptoms
1:       4183     6.941082          0 C19-CB-0002        25.02.2020
2:       3613     4.080390          0 C19-CB-0003        29.02.2020
   days_after_onset        sampleID origID date_of_sampling DaysAfterSample0
1:               13 C19-CB-0002_d13   2_d6       09.03.2020                6
2:               13 C19-CB-0003_d13   3_d0       12.03.2020                0
   experiment PoolID sampletag         hash.ID        platform purification
1:       A3_2      1  Hashtag5 Hashtag5-TotalA scRNA-seq (10x)        Fresh
2:       A3_2      1  Hashtag8 Hashtag8-TotalA scRNA-seq (10x)        Fresh
   cells   age    sex group_per_sample who_per_sample disease_stage    outcome
1:  PBMC 31_35 female             mild              3          late discharged
2:  PBMC 41_45   male             mild              3          late discharged
             comorbidities COVID.19.related_medication_and_anti.microbials
1:                    none                                            none
2: Cardiovascular diseases                                            none
   RNA_snn_res.0.4 cluster_labels_res.0.4 new.order        id.celltype
1:               2         CD8+ T cells_1        12 12: CD8+ T cells_1
2:               2         CD8+ T cells_1        12 12: CD8+ T cells_1
   hpca.labels blueprint.labels monaco.labels immune.labels  dmap.labels
1:     NK_cell     CD8+ T-cells       T cells      NK cells CD8+ T cells
2:     NK_cell     CD8+ T-cells       T cells      NK cells CD8+ T cells
   hemato.labels
1:  CD8+ T cells
2:  CD8+ T cells
> 
> 
> 
> gc()
           used  (Mb) gc trigger   (Mb) limit (Mb)  max used   (Mb)
Ncells  6148962 328.4   10218798  545.8         NA   7759350  414.4
Vcells 82199070 627.2  170108872 1297.9      65536 167182259 1275.5
> sca = FromMatrix(dat1_log, cData, fData)
Assuming data assay in position 1, with name et is log-transformed.
> colData(sca)$cngeneson = as.numeric(CDR)
> colData(sca)$diagnosis = as.factor(meta2kp$group_per_sample)
> colData(sca)$ind = as.factor(meta2kp$donor)
> #colData(sca)$RIN = meta$'RNA Integrity Number'
> colData(sca)
DataFrame with 5557 rows and 4 columns
                                  wellKey cngeneson diagnosis         ind
                              <character> <numeric>  <factor>    <factor>
1_AAAGAACCATGAATAG-1 1_AAAGAACCATGAATAG-1  0.245930      mild C19-CB-0002
1_AACAAGAGTCGGTAAG-1 1_AACAAGAGTCGGTAAG-1  0.259496      mild C19-CB-0003
1_AACCTGATCTGTGTGA-1 1_AACCTGATCTGTGTGA-1  0.223643      mild C19-CB-0002
1_AAGACTCCATGGCCCA-1 1_AAGACTCCATGGCCCA-1  0.261822      mild C19-CB-0001
1_AAGCGAGGTAGATCGG-1 1_AAGCGAGGTAGATCGG-1  0.221705      mild C19-CB-0002
...                                   ...       ...       ...         ...
6_TTGGTTTCAGCTGAAG-1 6_TTGGTTTCAGCTGAAG-1  0.428488      mild C19-CB-0053
6_TTTACTGAGCGACTTT-1 6_TTTACTGAGCGACTTT-1  0.305039      mild C19-CB-0053
6_TTTCCTCAGATGTTCC-1 6_TTTCCTCAGATGTTCC-1  0.655039      mild C19-CB-0053
6_TTTCCTCCAGCAGTGA-1 6_TTTCCTCCAGCAGTGA-1  0.116085      mild C19-CB-0214
6_TTTCCTCTCAACGCTA-1 6_TTTCCTCTCAACGCTA-1  0.364729      mild C19-CB-0053
> 
> #sca=sca[1:10,]
> 
> rm(dat1_log)
> gc()
           used  (Mb) gc trigger   (Mb) limit (Mb)  max used   (Mb)
Ncells  6176711 329.9   10218798  545.8         NA   8369784  447.0
Vcells 82269716 627.7  170108872 1297.9      65536 167182259 1275.5
> 
> registerDoParallel(cores=nCore)
> options(mc.cores=nCore)
> getOption("mc.cores")
[1] 4
> 
> #start permutation
> iperm=1
> #for(iperm in 1){
>   scap=sca
>   diagnosis=as.factor(data.frame(perm_table)[,iperm])
>   table(diagnosis)
diagnosis
         mild severe 
  1871   2406   1280 
>   scap=scap[,diagnosis!=""]
>   diagnosis=as.character(diagnosis[diagnosis!=""])
>   colData(scap)$diagnosis = as.factor(diagnosis)
>   
>   date()
[1] "Sat Nov  6 23:21:32 2021"
>   b0 = zlm(formula = ~ diagnosis + cngeneson, sca = scap, 
+            parallel = TRUE)

Done!
>   date()
[1] "Sat Nov  6 23:21:51 2021"
>   b1 = zlm(formula = ~ diagnosis + (1 | ind) + cngeneson, sca = scap, 
+            method = 'glmer', ebayes = FALSE, parallel = TRUE)

Done!
>   date()
[1] "Sat Nov  6 23:27:37 2021"
>   
>   b0
Fitted zlm on 5160 genes and 3686 cells.
 Using BayesGLMlike ~ diagnosis + cngeneson 
>   b1
Fitted zlm on 5160 genes and 3686 cells.
 Using LMERlike ~ diagnosis + (1 | ind) + cngeneson 
>   
>   date()
[1] "Sat Nov  6 23:27:37 2021"
>   lrt0 = lrTest(b0, "diagnosis")
Refitting on reduced model...

Done!
>   date()
[1] "Sat Nov  6 23:27:53 2021"
>   lrt1 = lrTest(b1, "diagnosis")
Refitting on reduced model...

Done!
>   date()
[1] "Sat Nov  6 23:32:11 2021"
>   
>   dim(lrt0)
[1] 5160    3    3
>   lrt0[1,,]
         metric
test.type    lambda df   Pr(>Chisq)
   cont    0.154794  1 0.6939954799
   disc   12.433115  1 0.0004217878
   hurdle 12.587909  2 0.0018474397
>   
>   dim(lrt1)
[1] 5160    3    3
>   lrt1[1,,]
         metric
test.type    lambda df Pr(>Chisq)
   cont   0.1594968  1 0.68962018
   disc   3.0776464  1 0.07937531
   hurdle 3.2371433  2 0.19818157
>   
>   mast_pval_glm = apply(lrt0, 1, function(x){x[3,3]})
>   length(mast_pval_glm)
[1] 5160
>   mast_pval_glm[1:4]
       NOC2L        ISG15         SDF4       UBE2J2 
1.847440e-03 2.931541e-24 1.658331e-01 1.201953e-03 
>   
>   mast_pval_glmer = apply(lrt1, 1, function(x){x[3,3]})
>   length(mast_pval_glmer)
[1] 5160
>   mast_pval_glmer[1:4]
      NOC2L       ISG15        SDF4      UBE2J2 
0.198181572 0.003706919 0.182026647 0.098097298 
>   
> #}
> 
> 
> # ------------------------------------------------------------------------
> # summarize p-value distribution
> # ------------------------------------------------------------------------
> 
> pdf(sprintf("figures/3b_MAST_perm_%s_compare_pval_Seq.pdf", grp), 
+     width=9, height=3)
> par(mfrow=c(1,3), bty="n", mar=c(5,4,1,1))
> hist(mast_pval_glm, main="MAST glm", xlab="p-value")
> hist(mast_pval_glmer, main="MAST glmer", xlab="p-value")
> plot(-log10(mast_pval_glm), -log10(mast_pval_glmer), main="-log10(p-value)", 
+      xlab="MAST glm", ylab="MAST glmer", 
+      pch=20, cex=0.2, col=rgb(0.8, 0.1, 0.1, 0.5))
> abline(0, 1, col="darkblue")
> dev.off()
null device 
          1 
> # ------------------------------------------------------------------------
> # save the results
> # ------------------------------------------------------------------------
> 
> 
> fwrite(data.frame(mast_pval_glm), 
+        file=sprintf("res/3b_MAST_perm_%s_glm.tsv", grp), 
+        sep = "\t", row.names=TRUE, col.names=FALSE)
> 
> fwrite(data.frame(mast_pval_glmer), 
+        file=sprintf("res/3b_MAST_perm_%s_glmer.tsv", grp), 
+             sep = "\t", row.names=TRUE, col.names=FALSE)
> 
> gc()
            used (Mb) gc trigger   (Mb) limit (Mb)  max used   (Mb)
Ncells   6328364  338   10218798  545.8         NA  10218798  545.8
Vcells 102627763  783  204210646 1558.1      65536 204207617 1558.0
> 
> sessionInfo()
R version 4.1.0 (2021-05-18)
Platform: x86_64-apple-darwin17.0 (64-bit)
Running under: macOS Big Sur 10.16

Matrix products: default
BLAS:   /Library/Frameworks/R.framework/Versions/4.1/Resources/lib/libRblas.dylib
LAPACK: /Library/Frameworks/R.framework/Versions/4.1/Resources/lib/libRlapack.dylib

locale:
[1] en_US.UTF-8/en_US.UTF-8/en_US.UTF-8/C/en_US.UTF-8/en_US.UTF-8

attached base packages:
[1] parallel  stats4    stats     graphics  grDevices utils     datasets 
[8] methods   base     

other attached packages:
 [1] doRNG_1.8.2                 rngtools_1.5               
 [3] doParallel_1.0.16           iterators_1.0.13           
 [5] foreach_1.5.1               lme4_1.1-27.1              
 [7] MAST_1.18.0                 SingleCellExperiment_1.14.1
 [9] SummarizedExperiment_1.22.0 Biobase_2.52.0             
[11] GenomicRanges_1.44.0        GenomeInfoDb_1.28.4        
[13] IRanges_2.26.0              S4Vectors_0.30.0           
[15] BiocGenerics_0.38.0         MatrixGenerics_1.4.3       
[17] matrixStats_0.61.0          dplyr_1.0.7                
[19] data.table_1.14.0           Matrix_1.3-3               

loaded via a namespace (and not attached):
 [1] Rcpp_1.0.7             lattice_0.20-44        prettyunits_1.1.1     
 [4] assertthat_0.2.1       digest_0.6.27          utf8_1.2.1            
 [7] R6_2.5.0               plyr_1.8.6             ggplot2_3.3.5         
[10] pillar_1.6.1           progress_1.2.2         zlibbioc_1.38.0       
[13] rlang_0.4.11           minqa_1.2.4            nloptr_1.2.2.2        
[16] splines_4.1.0          stringr_1.4.0          RCurl_1.98-1.5        
[19] munsell_0.5.0          DelayedArray_0.18.0    compiler_4.1.0        
[22] pkgconfig_2.0.3        tidyselect_1.1.1       tibble_3.1.2          
[25] GenomeInfoDbData_1.2.6 codetools_0.2-18       fansi_0.5.0           
[28] crayon_1.4.1           MASS_7.3-54            bitops_1.0-7          
[31] grid_4.1.0             nlme_3.1-152           gtable_0.3.0          
[34] lifecycle_1.0.0        DBI_1.1.1              magrittr_2.0.1        
[37] scales_1.1.1           stringi_1.6.2          XVector_0.32.0        
[40] reshape2_1.4.4         ellipsis_0.3.2         generics_0.1.0        
[43] vctrs_0.3.8            boot_1.3-28            tools_4.1.0           
[46] glue_1.4.2             purrr_0.3.4            hms_1.1.0             
[49] abind_1.4-5            colorspace_2.0-2      
> q(save="no")
> proc.time()
    user   system  elapsed 
2498.062   35.047  648.929 
