
R version 4.0.3 (2020-10-10) -- "Bunny-Wunnies Freak Out"
Copyright (C) 2020 The R Foundation for Statistical Computing
Platform: x86_64-apple-darwin17.0 (64-bit)

R is free software and comes with ABSOLUTELY NO WARRANTY.
You are welcome to redistribute it under certain conditions.
Type 'license()' or 'licence()' for distribution details.

  Natural language support but running in an English locale

R is a collaborative project with many contributors.
Type 'contributors()' for more information and
'citation()' on how to cite R or R packages in publications.

Type 'demo()' for some demos, 'help()' for on-line help, or
'help.start()' for an HTML browser interface to help.
Type 'q()' to quit R.

> 
> # illustrate a few examples
> 
> args = commandArgs(trailingOnly=TRUE)
> args
[1] "ncase=5"    "nctrl=5"    "ncell=1080" "r_mean=1.2" "r_var=1.5" 
> 
> if (length(args) < 5) {
+   message("no enough arguments, using default values")
+   r_mean   = 1.2     # The expected fold-changes in mean
+   r_var    = 1.5     # The expected fold-changes in variances
+   ncase    = 5       # case individuals
+   nctrl    = 5       # control individuals
+   ncell    = 360     # numbers of cells collected from each individuals.
+ } else{
+   for(i in 1:length(args)){
+     eval(parse(text=args[[i]]))
+   }
+ }
> 
> if(ncell == 0){
+   UNEQ_N_CELL = TRUE
+ }else{
+   UNEQ_N_CELL = FALSE
+ }
> 
> if(UNEQ_N_CELL){
+   config = sprintf("ncase_%d_nctrl_%d_unequal_n_cell", ncase, nctrl)
+ }else{
+   config = sprintf("ncase_%d_nctrl_%d_ncell_%d", ncase, nctrl, ncell)
+ }
> 
> config = sprintf("%s_fold_mean_%.1f_var_%.1f", config, r_mean, r_var)
> config
[1] "ncase_5_nctrl_5_ncell_1080_fold_mean_1.2_var_1.5"
> 
> # ---------------------------------------------------------------
> # initial setup
> # ---------------------------------------------------------------
> 
> library(MASS)
> library(emdbook)
> library(moments)
> library(MAST)
Loading required package: SingleCellExperiment
Loading required package: SummarizedExperiment
Loading required package: MatrixGenerics
Loading required package: matrixStats

Attaching package: ‘MatrixGenerics’

The following objects are masked from ‘package:matrixStats’:

    colAlls, colAnyNAs, colAnys, colAvgsPerRowSet, colCollapse,
    colCounts, colCummaxs, colCummins, colCumprods, colCumsums,
    colDiffs, colIQRDiffs, colIQRs, colLogSumExps, colMadDiffs,
    colMads, colMaxs, colMeans2, colMedians, colMins, colOrderStats,
    colProds, colQuantiles, colRanges, colRanks, colSdDiffs, colSds,
    colSums2, colTabulates, colVarDiffs, colVars, colWeightedMads,
    colWeightedMeans, colWeightedMedians, colWeightedSds,
    colWeightedVars, rowAlls, rowAnyNAs, rowAnys, rowAvgsPerColSet,
    rowCollapse, rowCounts, rowCummaxs, rowCummins, rowCumprods,
    rowCumsums, rowDiffs, rowIQRDiffs, rowIQRs, rowLogSumExps,
    rowMadDiffs, rowMads, rowMaxs, rowMeans2, rowMedians, rowMins,
    rowOrderStats, rowProds, rowQuantiles, rowRanges, rowRanks,
    rowSdDiffs, rowSds, rowSums2, rowTabulates, rowVarDiffs, rowVars,
    rowWeightedMads, rowWeightedMeans, rowWeightedMedians,
    rowWeightedSds, rowWeightedVars

Loading required package: GenomicRanges
Loading required package: stats4
Loading required package: BiocGenerics
Loading required package: parallel

Attaching package: ‘BiocGenerics’

The following objects are masked from ‘package:parallel’:

    clusterApply, clusterApplyLB, clusterCall, clusterEvalQ,
    clusterExport, clusterMap, parApply, parCapply, parLapply,
    parLapplyLB, parRapply, parSapply, parSapplyLB

The following objects are masked from ‘package:stats’:

    IQR, mad, sd, var, xtabs

The following objects are masked from ‘package:base’:

    anyDuplicated, append, as.data.frame, basename, cbind, colnames,
    dirname, do.call, duplicated, eval, evalq, Filter, Find, get, grep,
    grepl, intersect, is.unsorted, lapply, Map, mapply, match, mget,
    order, paste, pmax, pmax.int, pmin, pmin.int, Position, rank,
    rbind, Reduce, rownames, sapply, setdiff, sort, table, tapply,
    union, unique, unsplit, which.max, which.min

Loading required package: S4Vectors

Attaching package: ‘S4Vectors’

The following object is masked from ‘package:base’:

    expand.grid

Loading required package: IRanges
Loading required package: GenomeInfoDb
Loading required package: Biobase
Welcome to Bioconductor

    Vignettes contain introductory material; view with
    'browseVignettes()'. To cite Bioconductor, see
    'citation("Biobase")', and for packages 'citation("pkgname")'.


Attaching package: ‘Biobase’

The following object is masked from ‘package:MatrixGenerics’:

    rowMedians

The following objects are masked from ‘package:matrixStats’:

    anyMissing, rowMedians

> library(lme4)
Loading required package: Matrix

Attaching package: ‘Matrix’

The following object is masked from ‘package:S4Vectors’:

    expand

> library(DESeq2)
> library(doParallel)
Loading required package: foreach
Loading required package: iterators
> library(foreach)
> library(doRNG)
Loading required package: rngtools
> library(MiRKAT)
> library(reticulate)
> library(transport)
> library(stringr)
> 
> library(data.table)

Attaching package: ‘data.table’

The following object is masked from ‘package:SummarizedExperiment’:

    shift

The following object is masked from ‘package:GenomicRanges’:

    shift

The following object is masked from ‘package:IRanges’:

    shift

The following objects are masked from ‘package:S4Vectors’:

    first, second

> library(pryr)
Registered S3 method overwritten by 'pryr':
  method      from
  print.bytes Rcpp

Attaching package: ‘pryr’

The following object is masked from ‘package:data.table’:

    address

> library(ggplot2)
> library(ggpubr)
Registered S3 methods overwritten by 'car':
  method                          from
  influence.merMod                lme4
  cooks.distance.influence.merMod lme4
  dfbeta.influence.merMod         lme4
  dfbetas.influence.merMod        lme4
> theme_set(theme_classic())
> 
> library(ideas)
> library(reshape2)

Attaching package: ‘reshape2’

The following objects are masked from ‘package:data.table’:

    dcast, melt

> 
> # ---------------------------------------------------------------
> # load data
> # ---------------------------------------------------------------
> 
> sim_data     = readRDS(sprintf("data/sim_data_%s.rds", config))
> count_matrix = sim_data$count_matrix
> meta_cell    = sim_data$meta_cell
> meta_ind     = sim_data$meta_ind
> gene_index   = sim_data$gene_index
> 
> ls()
 [1] "args"         "config"       "count_matrix" "gene_index"   "i"           
 [6] "meta_cell"    "meta_ind"     "ncase"        "ncell"        "nctrl"       
[11] "r_mean"       "r_var"        "sim_data"     "UNEQ_N_CELL" 
> EE_index   = gene_index$EE_index
> mean_index = gene_index$mean_index
> var_index  = gene_index$var_index
> 
> dim(count_matrix)
[1]  8000 10800
> count_matrix[1:3,1:6]
      cell1 cell2 cell3 cell4 cell5 cell6
gene1     1     1     0     0     0     0
gene2     1     1     0     0     2     0
gene3     0     0     0     2     0     1
> 
> dim(meta_cell)
[1] 10800     5
> meta_cell[1:2,]
      cell_id individual phenotype cell_rd      CDR
cell1   cell1       ind1         1    9493 0.441875
cell2   cell2       ind1         1    9472 0.440750
> 
> dim(meta_ind)
[1] 10  3
> meta_ind[1:2,]
     individual phenotype        RIN
ind1       ind1         1 0.34607806
ind2       ind2         1 0.07409364
> 
> rm(sim_data)
> gc()
           used  (Mb) gc trigger   (Mb) limit (Mb) max used  (Mb)
Ncells  7785558 415.8   13973601  746.3         NA  9710543 518.6
Vcells 99458763 758.9  145582145 1110.8      32768 99520966 759.3
> 
> # ---------------------------------------------------------------
> # read in p-values
> # ---------------------------------------------------------------
> 
> pvals = fread(sprintf("results/pval_%s.txt", config))
> dim(pvals)
[1] 8000   12
> pvals[1:2,]
   geneType KR_zinb_Was KR_zinb_JSD KR_kde_Was KR_kde_JSD PS_zinb_Was
1:       EE       0.291       0.335      0.324      0.692       0.171
2:       EE       0.522       0.651      0.617      0.226       0.450
   PS_zinb_JSD PS_kde_Was PS_kde_JSD deseq2_pval mast_pval_glm mast_pval_glmer
1:       0.247      0.175      0.955   0.1166715  1.568854e-16       0.1076870
2:       0.587      0.569      0.260   0.4651405  1.218280e-03       0.3798357
> 
> table(pvals$geneType)

    EE meanDE  varDE 
  6000   1000   1000 
> 
> pvals_rank_sum = fread(sprintf("results/pval_ranksum_%s.txt", config))
> dim(pvals_rank_sum)
[1] 8000   13
> pvals_rank_sum[1:2,]
   geneType KR_zinb_Was KR_zinb_JSD KR_kde_Was KR_kde_JSD PS_zinb_Was
1:       EE       0.291       0.335      0.324      0.692       0.171
2:       EE       0.522       0.651      0.617      0.226       0.450
   PS_zinb_JSD PS_kde_Was PS_kde_JSD deseq2_pval mast_pval_glm mast_pval_glmer
1:       0.247      0.175      0.955   0.1166715  1.568854e-16       0.1076870
2:       0.587      0.569      0.260   0.4651405  1.218280e-03       0.3798357
   ranksum_pval
1: 1.700579e-45
2: 5.217022e-01
> 
> stopifnot(max(abs(pvals$PS_zinb_Was - 
+                     pvals_rank_sum$PS_zinb_Was), na.rm=TRUE) < 1e-10)
> pvals = pvals_rank_sum
> 
> # ---------------------------------------------------------------
> # read in scDD p-values
> # ---------------------------------------------------------------
> 
> pvals_scDD = fread(sprintf("results/res_scDD_%s.txt", config))
> dim(pvals_scDD)
[1] 8000   11
> pvals_scDD[1:2,]
    gene DDcategory Clusters.combined Clusters.c1 Clusters.c2 nonzero.pvalue
1: gene1         DM                 2           3           2   9.550138e-13
2: gene2         NS                 2           2           2   1.332268e-15
   nonzero.pvalue.adj  zero.pvalue zero.pvalue.adj combined.pvalue
1:       1.051488e-12 1.091342e-50    2.606189e-49    1.497905e-60
2:       1.560261e-15 4.335380e-01    4.910525e-01    2.084383e-14
   combined.pvalue.adj
1:        1.797396e-60
2:        2.230778e-14
> 
> pvals$scDD = pvals_scDD$combined.pvalue
> pvals$scDD_category = pvals_scDD$DDcategory
> 
> t1 = table(pvals$geneType, pvals$scDD_category)
> t1
        
           DB   DE   DM   DZ   NS
  EE     1716 1296  387 1316 1285
  meanDE  262  229   74  311  124
  varDE   404  355   96  141    4
> 
> scDD_cat = melt(t1, varnames = c("gene_type", "scDD_category"))
> 
> g1 = ggplot(scDD_cat %>% group_by(gene_type) %>% 
+          mutate(rel_freq = round(value/sum(value),2)), 
+        aes(x = gene_type, y = rel_freq, 
+            fill = scDD_category, cumulative = TRUE)) +
+   geom_col() +
+   geom_text(aes(label = paste0(rel_freq*100,"%")), 
+             position = position_stack(vjust = 0.5))
> 
> pdf(sprintf("figures/scDD_cat_%s.pdf", config), width=4, height=4)
> print(g1)
> dev.off()
null device 
          1 
> 
> # ---------------------------------------------------------------
> # read in ZINB-WaVE p-values
> # ---------------------------------------------------------------
> 
> pvals_zw = fread(sprintf("results/res_ZINB-WaVE_%s.txt", config))
> dim(pvals_zw)
[1] 8000    7
> pvals_zw[1:2,]
    baseMean log2FoldChange      lfcSE      stat        pvalue          padj
1: 0.4151972      1.0680702 0.04621294 23.111927 4.239173e-115 1.108281e-113
2: 0.2550644     -0.2532694 0.05722909 -4.425536  9.724472e-06  1.590916e-05
    gene
1: gene1
2: gene2
> 
> pvals$ZINB_WaVE = pvals_zw$pvalue
> 
> # ---------------------------------------------------------------
> # find a few examples to illustrate
> # ---------------------------------------------------------------
> 
> w2use = which(pvals$geneType == "varDE" & pvals$deseq2_pval > 0.1 & 
+                 pvals$PS_zinb_Was <= 0.001)
> length(w2use)
[1] 0
> w2use
integer(0)
> pvals[w2use,]
Empty data.table (0 rows and 16 cols): geneType,KR_zinb_Was,KR_zinb_JSD,KR_kde_Was,KR_kde_JSD,PS_zinb_Was...
> 
> if(length(w2use) >= 2){
+   row_id = w2use[2]
+   row_id
+   
+   # ------------------------------------------------------------------------
+   # extract gene expression in cells and bulk samples
+   # ------------------------------------------------------------------------
+   
+   ct_cell = count_matrix[row_id,]
+   length(ct_cell)
+   print(table(ct_cell))
+   meta_ind$diagnosis = as.factor(meta_ind$phenotype)
+   
+   ct_ind = tapply(ct_cell, as.character(meta_cell$individual), sum)
+   mat1 = match(meta_ind$individual, names(ct_ind))
+   table(names(ct_ind)[mat1] == meta_ind$individual)
+   meta_ind[["gene1"]] = as.numeric(ct_ind)[mat1]
+   
+   nb2 = glm.nb(gene1 ~ RIN + diagnosis, data=meta_ind)
+   print(summary(nb2))
+   
+   # ------------------------------------------------------------------------
+   # boxplot of bulk gene expression vs. diagnosis
+   # ------------------------------------------------------------------------
+   
+   p1 = ggplot(meta_ind, aes(x=diagnosis, y=log10(gene1+0.5), col=diagnosis)) + 
+     geom_boxplot() + labs(y="log10(ind. level counts)")
+   p1 = p1 + geom_jitter(shape=16, position=position_jitter(0.2))
+   
+   # ------------------------------------------------------------------------
+   # density plot of cell level gene expression vs. diagnosis
+   # ------------------------------------------------------------------------
+   
+   mat2 = match(meta_cell$individual, meta_ind$individual)
+   meta_cell$diagnosis = as.factor(meta_ind$diagnosis[mat2])
+   
+   df_test = meta_cell
+   df_test$count = ct_cell
+   mat2 = match(meta_cell$individual, meta_ind$individual)
+   df_test$diagnosis = as.factor(df_test$diagnosis)
+   
+   table(df_test$count)
+   tb0 = table(df_test$count[which(df_test$phenotype==0)])
+   tb1 = table(df_test$count[which(df_test$phenotype==1)])
+   
+   tb0
+   tb1
+   
+   df_test$count[which(df_test$count >= 7)] = 7
+   
+   p3 = ggplot(df_test, aes(x=count, col=diagnosis, line_type=individual)) + 
+     geom_freqpoly(binwidth=1, closed="left") + guides(color = FALSE) + 
+     xlim(0, 7) + ylab("frequency")
+   
+   gg0 = ggarrange(p1, p3, ncol=2, nrow=1, widths = c(1.5, 2))
+   
+   pdf(sprintf("figures/ex1_%s.pdf", config), width=6.5, height=2.5)
+   print(gg0)
+   dev.off()
+ }
> 
> # ------------------------------------------------------------------------
> # extract gene expression in cells and bulk samples
> # ------------------------------------------------------------------------
> 
> cal.power <- function(x, geneType){
+   tapply(x, geneType, function(x){sum(x < 0.05, na.rm=TRUE)/sum(!is.na(x))})
+ }
> 
> ms = c("PS_zinb_Was", "PS_kde_Was", "deseq2_pval", "mast_pval_glm", 
+        "mast_pval_glmer", "ranksum_pval", "scDD", "ZINB_WaVE")
> powers = apply(pvals[,..ms], 2, cal.power, geneType=pvals$geneType)
> 
> print(config)
[1] "ncase_5_nctrl_5_ncell_1080_fold_mean_1.2_var_1.5"
> print(powers)
       PS_zinb_Was PS_kde_Was deseq2_pval mast_pval_glm mast_pval_glmer
EE      0.04272363 0.04233333  0.07216667     0.9158333          0.1925
meanDE  0.12612613 0.13100000  0.16700000     0.9530000          0.3090
varDE   0.08008008 0.10800000  0.06200000     0.9920000          0.4760
       ranksum_pval      scDD ZINB_WaVE
EE            0.788 0.9993333    0.7835
meanDE        0.845 1.0000000    0.8770
varDE         0.806 1.0000000    0.9490
> 
> gg = melt(powers)
> 
> names(gg) = c("geneType", "method", "power")
> gg$method = gsub("deseq2_pval", "DEseq2", gg$method)
> gg$method = gsub("PS_zinb_Was", "IDEAS_ZINB",  gg$method)
> gg$method = gsub("PS_kde_Was",  "IDEAS_KDE", gg$method)
> gg$method = gsub("mast_pval_glmer", "MAST_glmer", gg$method)
> gg$method = gsub("mast_pval_glm", "MAST", gg$method)
> gg$method = gsub("ranksum_pval", "Rank-sum", gg$method)
> table(gg$method)

    DEseq2  IDEAS_KDE IDEAS_ZINB       MAST MAST_glmer   Rank-sum       scDD 
         3          3          3          3          3          3          3 
 ZINB_WaVE 
         3 
> gg$method = factor(gg$method, 
+                    levels = c("Rank-sum", "MAST", "scDD", "ZINB_WaVE",  
+                               "MAST_glmer", "DEseq2", "IDEAS_ZINB", "IDEAS_KDE"))
> 
> g1 = ggplot(subset(gg, geneType %in% c("EE")), 
+             aes(x=geneType, y=power, fill=method)) +
+   geom_bar(stat="identity", position=position_dodge()) + 
+   scale_fill_brewer(palette="Paired") + 
+   geom_hline(yintercept=0.05, col="red") + 
+   ylab("type I error")
> 
> g2 = ggplot(subset(gg, geneType %in% c("meanDE", "varDE")), 
+             aes(x=geneType, y=power, fill=method)) +
+   geom_bar(stat="identity", position=position_dodge()) + 
+   scale_fill_brewer(palette="Paired") + 
+   geom_hline(yintercept=0.05, col="red")
> 
> gg1 = ggarrange(g1, g2, ncol = 2, nrow = 1, widths=c(1.25,2), 
+                 common.legend = TRUE, legend = "top")
> 
> pdf(sprintf("figures/power_%s.pdf", config), width=5.2, height=2.5)
> print(gg1)
> dev.off()
pdf 
  2 
> 
> sessionInfo()
R version 4.0.3 (2020-10-10)
Platform: x86_64-apple-darwin17.0 (64-bit)
Running under: macOS Big Sur 10.16

Matrix products: default
BLAS:   /Library/Frameworks/R.framework/Versions/4.0/Resources/lib/libRblas.dylib
LAPACK: /Library/Frameworks/R.framework/Versions/4.0/Resources/lib/libRlapack.dylib

locale:
[1] en_US.UTF-8/en_US.UTF-8/en_US.UTF-8/C/en_US.UTF-8/en_US.UTF-8

attached base packages:
[1] parallel  stats4    stats     graphics  grDevices utils     datasets 
[8] methods   base     

other attached packages:
 [1] reshape2_1.4.4              ideas_0.0.9000             
 [3] ggpubr_0.4.0                ggplot2_3.3.3              
 [5] pryr_0.1.4                  data.table_1.13.6          
 [7] stringr_1.4.0               transport_0.12-2           
 [9] reticulate_1.18             MiRKAT_1.1.4               
[11] doRNG_1.8.2                 rngtools_1.5               
[13] doParallel_1.0.16           iterators_1.0.13           
[15] foreach_1.5.1               DESeq2_1.30.0              
[17] lme4_1.1-26                 Matrix_1.3-0               
[19] MAST_1.16.0                 SingleCellExperiment_1.12.0
[21] SummarizedExperiment_1.20.0 Biobase_2.50.0             
[23] GenomicRanges_1.42.0        GenomeInfoDb_1.26.2        
[25] IRanges_2.24.1              S4Vectors_0.28.1           
[27] BiocGenerics_0.36.0         MatrixGenerics_1.2.0       
[29] matrixStats_0.57.0          moments_0.14               
[31] emdbook_1.3.12              MASS_7.3-53                

loaded via a namespace (and not attached):
  [1] minqa_1.2.4            colorspace_2.0-0       ggsignif_0.6.0        
  [4] rio_0.5.16             ellipsis_0.3.1         XVector_0.30.0        
  [7] farver_2.0.3           MatrixModels_0.4-1     bit64_4.0.5           
 [10] AnnotationDbi_1.52.0   mvtnorm_1.1-1          codetools_0.2-18      
 [13] splines_4.0.3          pscl_1.5.5             geneplotter_1.68.0    
 [16] jsonlite_1.7.2         nloptr_1.2.2.2         broom_0.7.3           
 [19] annotate_1.68.0        cluster_2.1.0          kernlab_0.9-29        
 [22] compiler_4.0.3         httr_1.4.2             backports_1.2.1       
 [25] quantreg_5.75          tools_4.0.3            coda_0.19-4           
 [28] gtable_0.3.0           glue_1.4.2             GenomeInfoDbData_1.2.4
 [31] dplyr_1.0.2            Rcpp_1.0.5             carData_3.0-4         
 [34] bbmle_1.0.23.1         cellranger_1.1.0       vctrs_0.3.6           
 [37] ape_5.4-1              nlme_3.1-151           conquer_1.0.2         
 [40] openxlsx_4.2.3         CompQuadForm_1.4.3     lifecycle_0.2.0       
 [43] GUniFrac_1.1           rstatix_0.6.0          statmod_1.4.35        
 [46] XML_3.99-0.5           PearsonDS_1.1          zlibbioc_1.36.0       
 [49] scales_1.1.1           hms_0.5.3              SparseM_1.78          
 [52] RColorBrewer_1.1-2     curl_4.3               gridExtra_2.3         
 [55] memoise_1.1.0          bdsmatrix_1.3-4        segmented_1.3-3       
 [58] stringi_1.5.3          RSQLite_2.2.1          genefilter_1.72.0     
 [61] permute_0.9-5          zip_2.1.1              boot_1.3-25           
 [64] BiocParallel_1.24.1    rlang_0.4.10           pkgconfig_2.0.3       
 [67] bitops_1.0-6           lattice_0.20-41        purrr_0.3.4           
 [70] labeling_0.4.2         cowplot_1.1.1          bit_4.0.4             
 [73] tidyselect_1.1.0       plyr_1.8.6             magrittr_2.0.1        
 [76] R6_2.5.0               generics_0.1.0         DelayedArray_0.16.0   
 [79] DBI_1.1.0              haven_2.3.1            foreign_0.8-81        
 [82] withr_2.3.0            pillar_1.4.7           mgcv_1.8-33           
 [85] mixtools_1.2.0         survival_3.2-7         abind_1.4-5           
 [88] RCurl_1.98-1.2         tibble_3.0.4           car_3.0-10            
 [91] crayon_1.3.4           readxl_1.3.1           locfit_1.5-9.4        
 [94] grid_4.0.3             blob_1.2.1             vegan_2.5-7           
 [97] forcats_0.5.0          digest_0.6.27          xtable_1.8-4          
[100] tidyr_1.1.2            numDeriv_2016.8-1.1    munsell_0.5.0         
> 
> mem_used()
1.25 GB
> gc()
            used  (Mb) gc trigger   (Mb) limit (Mb)  max used  (Mb)
Ncells   8020540 428.4   13973601  746.3         NA  12109715 646.8
Vcells 100359418 765.7  174778574 1333.5      32768 105177156 802.5
> 
> q(save = "no")
> proc.time()
   user  system elapsed 
 11.890   0.752  12.722 
